ARM Linker, 5.03 [Build 76] [MDK-ARM Standard]

==============================================================================

Section Cross References

    main.o(.text) refers to sys_init.o(.text) for Sys_Init
    main.o(.text) refers to main_ads16.o(.text) for MainWhile_ADS16
    main.o(.text) refers to main_aes16a.o(.text) for MainWhile_AES16A
    main.o(.text) refers to main_aes16d.o(.text) for MainWhile_AES16D
    main.o(.text) refers to main_aes16f.o(.text) for MainWhile_AES16F
    main.o(.text) refers to main_ams16b.o(.text) for MainWhile_AMS16B
    main.o(.text) refers to main_ams16d.o(.text) for MainWhile_AMS16D
    main.o(.text) refers to sensor.o(.data) for Device_Prop
    system_stm32f10x.o(.text) refers to system_stm32f10x.o(.data) for SystemCoreClock
    beep.o(.text) refers to delay.o(.text) for delay_ms
    can.o(.text) refers to stm32f10x_can.o(.text) for CAN_FilterInit
    can.o(.text) refers to stm32f10x_rcc.o(.text) for RCC_APB1PeriphClockCmd
    can.o(.text) refers to stm32f10x_gpio.o(.text) for GPIO_Init
    can.o(.text) refers to sensor.o(.data) for Device_Prop
    can.o(.text) refers to can.o(.bss) for CanReSenBuf
    can.o(.text) refers to can.o(.data) for ReSendCantime_ms
    myiic.o(.text) refers to delay.o(.text) for delay_us
    key.o(.text) refers to delay.o(.text) for delay_ms
    key.o(.text) refers to beep.o(.text) for Beep
    key.o(.text) refers to motor.o(.text) for MoveToPosition
    key.o(.text) refers to myiic.o(.text) for AT24CXX_Write4Byte
    key.o(.text) refers to key.o(.data) for Key_press_flag
    key.o(.text) refers to sensor.o(.data) for Device_Prop
    key.o(.text) refers to motor.o(.data) for Addnum
    key.o(.text) refers to main_ads16.o(.data) for BottleTop_Pulse
    key.o(.text) refers to zlg522s.o(.text) for ReadColRfid
    key.o(.text) refers to main_ads16.o(.text) for ReadRFID
    key.o(.text) refers to zlg522s.o(.data) for Coal_SampleID
    lcd_rs232.o(.text) refers to stm32f10x_rcc.o(.text) for RCC_APB1PeriphClockCmd
    lcd_rs232.o(.text) refers to stm32f10x_usart.o(.text) for USART_DeInit
    lcd_rs232.o(.text) refers to stm32f10x_gpio.o(.text) for GPIO_Init
    led.o(.text) refers to sensor.o(.data) for Device_Prop
    led.o(.text) refers to led.o(.data) for LED_G_Ctrl
    led.o(.text) refers to main_ads16.o(.data) for System_state
    motor.o(.text) refers to delay.o(.text) for delay_ms
    motor.o(.text) refers to sensor.o(.data) for Device_Prop
    motor.o(.text) refers to motor.o(.data) for Addnum
    motor.o(.text) refers to main_ads16.o(.data) for BottleTop_Pulse
    motor.o(.text) refers to stm32f10x_gpio.o(.text) for GPIO_WriteBit
    motor.o(.text) refers to key.o(.data) for Time_PushRod_Ctrl
    motor.o(.text) refers to main_aes16d.o(.data) for Timer_RodCtrl
    motor.o(.text) refers to main_aes16a.o(.data) for Timer_ValveCtrl
    relay.o(.text) refers to delay.o(.text) for delay_ms
    sensor.o(.text) refers to delay.o(.text) for delay_ms
    sensor.o(.text) refers to sensor.o(.data) for Device_Prop
    sensor.o(.text) refers to motor.o(.data) for Addnum
    sensor.o(.text) refers to main_aes16d.o(.data) for Timer_BottleFull
    sensor.o(.text) refers to main_aes16f.o(.data) for Layer3_BFflag
    timer.o(.text) refers to stm32f10x_rcc.o(.text) for RCC_APB1PeriphClockCmd
    timer.o(.text) refers to stm32f10x_tim.o(.text) for TIM_TimeBaseInit
    timer.o(.text) refers to misc.o(.text) for NVIC_Init
    timer.o(.text) refers to main_ads16.o(.text) for Interrupt_Timer_1ms_ADS16
    timer.o(.text) refers to main_aes16d.o(.text) for Interrupt_Timer_1ms_AES16D
    timer.o(.text) refers to main_ams16d.o(.text) for Interrupt_Timer_1ms_AMS16D
    timer.o(.text) refers to main_aes16f.o(.text) for Interrupt_Timer_1ms_AES16F
    timer.o(.text) refers to key.o(.data) for TEST_MODE
    timer.o(.text) refers to timer.o(.data) for TestModeFlash_count
    timer.o(.text) refers to can.o(.data) for ReSendMessageWaitTime
    timer.o(.text) refers to sensor.o(.data) for Device_Prop
    wdg.o(.text) refers to stm32f10x_iwdg.o(.text) for IWDG_WriteAccessCmd
    zlg522s.o(.text) refers to stm32f10x_rcc.o(.text) for RCC_APB1PeriphClockCmd
    zlg522s.o(.text) refers to stm32f10x_usart.o(.text) for USART_DeInit
    zlg522s.o(.text) refers to stm32f10x_gpio.o(.text) for GPIO_Init
    zlg522s.o(.text) refers to misc.o(.text) for NVIC_Init
    zlg522s.o(.text) refers to zlg522s.o(.data) for ComRfidSuccess
    zlg522s.o(.text) refers to zlg522s.o(.bss) for ComRfidRecBuff
    zlg522s.o(.text) refers to rt_memcpy_w.o(.text) for __aeabi_memcpy4
    zlg522s.o(.text) refers to delay.o(.text) for delay_ms
    zlg522s.o(.text) refers to timer.o(.data) for IC_RevTime
    zlg522s.o(.text) refers to sensor.o(.data) for Bottle_id
    zlg522s.o(.text) refers to zlg522s.o(.constdata) for .constdata
    sys_init.o(.text) refers to delay.o(.text) for delay_init
    sys_init.o(.text) refers to led.o(.text) for LED_Init
    sys_init.o(.text) refers to beep.o(.text) for Beep_Init
[...]
    ..\CMSIS\CM3\CoreSupport\core_cm3.c      0x00000000   Number         0  core_cm3.o ABSOLUTE
    ..\CMSIS\CM3\DeviceSupport\ST\STM32F10x\startup\arm\startup_stm32f10x_hd.s 0x00000000   Number         0  startup_stm32f10x_hd.o ABSOLUTE
    ..\STM32F10x_StdPeriph_Driver\src\misc.c 0x00000000   Number         0  misc.o ABSOLUTE
    ..\STM32F10x_StdPeriph_Driver\src\stm32f10x_adc.c 0x00000000   Number         0  stm32f10x_adc.o ABSOLUTE
    ..\STM32F10x_StdPeriph_Driver\src\stm32f10x_bkp.c 0x00000000   Number         0  stm32f10x_bkp.o ABSOLUTE
    ..\STM32F10x_StdPeriph_Driver\src\stm32f10x_can.c 0x00000000   Number         0  stm32f10x_can.o ABSOLUTE
    ..\STM32F10x_StdPeriph_Driver\src\stm32f10x_cec.c 0x00000000   Number         0  stm32f10x_cec.o ABSOLUTE
    ..\STM32F10x_StdPeriph_Driver\src\stm32f10x_crc.c 0x00000000   Number         0  stm32f10x_crc.o ABSOLUTE
    ..\STM32F10x_StdPeriph_Driver\src\stm32f10x_dac.c 0x00000000   Number         0  stm32f10x_dac.o ABSOLUTE
    ..\STM32F10x_StdPeriph_Driver\src\stm32f10x_dbgmcu.c 0x00000000   Number         0  stm32f10x_dbgmcu.o ABSOLUTE
    ..\STM32F10x_StdPeriph_Driver\src\stm32f10x_dma.c 0x00000000   Number         0  stm32f10x_dma.o ABSOLUTE
    ..\STM32F10x_StdPeriph_Driver\src\stm32f10x_exti.c 0x00000000   Number         0  stm32f10x_exti.o ABSOLUTE
    ..\STM32F10x_StdPeriph_Driver\src\stm32f10x_flash.c 0x00000000   Number         0  stm32f10x_flash.o ABSOLUTE
    ..\STM32F10x_StdPeriph_Driver\src\stm32f10x_fsmc.c 0x00000000   Number         0  stm32f10x_fsmc.o ABSOLUTE
    ..\STM32F10x_StdPeriph_Driver\src\stm32f10x_gpio.c 0x00000000   Number         0  stm32f10x_gpio.o ABSOLUTE
    ..\STM32F10x_StdPeriph_Driver\src\stm32f10x_i2c.c 0x00000000   Number         0  stm32f10x_i2c.o ABSOLUTE
    ..\STM32F10x_StdPeriph_Driver\src\stm32f10x_iwdg.c 0x00000000   Number         0  stm32f10x_iwdg.o ABSOLUTE
    ..\STM32F10x_StdPeriph_Driver\src\stm32f10x_pwr.c 0x00000000   Number         0  stm32f10x_pwr.o ABSOLUTE
    ..\STM32F10x_StdPeriph_Driver\src\stm32f10x_rcc.c 0x00000000   Number         0  stm32f10x_rcc.o ABSOLUTE
    ..\STM32F10x_StdPeriph_Driver\src\stm32f10x_rtc.c 0x00000000   Number         0  stm32f10x_rtc.o ABSOLUTE
    ..\STM32F10x_StdPeriph_Driver\src\stm32f10x_sdio.c 0x00000000   Number         0  stm32f10x_sdio.o ABSOLUTE
    ..\STM32F10x_StdPeriph_Driver\src\stm32f10x_spi.c 0x00000000   Number         0  stm32f10x_spi.o ABSOLUTE
    ..\STM32F10x_StdPeriph_Driver\src\stm32f10x_tim.c 0x00000000   Number         0  stm32f10x_tim.o ABSOLUTE
    ..\STM32F10x_StdPeriph_Driver\src\stm32f10x_usart.c 0x00000000   Number         0  stm32f10x_usart.o ABSOLUTE
    ..\STM32F10x_StdPeriph_Driver\src\stm32f10x_wwdg.c 0x00000000   Number         0  stm32f10x_wwdg.o ABSOLUTE
    ..\\CMSIS\\CM3\\CoreSupport\\core_cm3.c  0x00000000   Number         0  core_cm3.o ABSOLUTE
    ..\user\Beep\Beep.c                      0x00000000   Number         0  beep.o ABSOLUTE
    ..\user\CAN\can.c                        0x00000000   Number         0  can.o ABSOLUTE
    ..\user\EEPROM\myiic.c                   0x00000000   Number         0  myiic.o ABSOLUTE
    ..\user\Key\Key.c                        0x00000000   Number         0  key.o ABSOLUTE
    ..\user\LCD_RS232\LCD_RS232.c            0x00000000   Number         0  lcd_rs232.o ABSOLUTE
    ..\user\LED\led.c                        0x00000000   Number         0  led.o ABSOLUTE
    ..\user\Main_ADS16\CAN_ADS16.c           0x00000000   Number         0  can_ads16.o ABSOLUTE
    ..\user\Main_ADS16\Main_ADS16.c          0x00000000   Number         0  main_ads16.o ABSOLUTE
    ..\user\Main_AES16A\CAN_AES16A.c         0x00000000   Number         0  can_aes16a.o ABSOLUTE
    ..\user\Main_AES16A\Main_AES16A.c        0x00000000   Number         0  main_aes16a.o ABSOLUTE
    ..\user\Main_AES16D\CAN_AES16D.c         0x00000000   Number         0  can_aes16d.o ABSOLUTE
    ..\user\Main_AES16D\Main_AES16D.c        0x00000000   Number         0  main_aes16d.o ABSOLUTE
    ..\user\Main_AES16F\CAN_AES16F.c         0x00000000   Number         0  can_aes16f.o ABSOLUTE
    ..\user\Main_AES16F\Main_AES16F.c        0x00000000   Number         0  main_aes16f.o ABSOLUTE
    ..\user\Main_AMS16B\CAN_AMS16B.c         0x00000000   Number         0  can_ams16b.o ABSOLUTE
    ..\user\Main_AMS16B\Main_AMS16B.c        0x00000000   Number         0  main_ams16b.o ABSOLUTE
    ..\user\Main_AMS16D\CAN_AMS16D.c         0x00000000   Number         0  can_ams16d.o ABSOLUTE
    ..\user\Main_AMS16D\Main_AMS16D.c        0x00000000   Number         0  main_ams16d.o ABSOLUTE
    ..\user\Motor\Motor.c                    0x00000000   Number         0  motor.o ABSOLUTE
    ..\user\Relay\Relay.c                    0x00000000   Number         0  relay.o ABSOLUTE
    ..\user\Sensor\Sensor.c                  0x00000000   Number         0  sensor.o ABSOLUTE
    ..\user\Sys_Init.c                       0x00000000   Number         0  sys_init.o ABSOLUTE
    ..\user\Timer\timer.c                    0x00000000   Number         0  timer.o ABSOLUTE
    ..\user\WDG\wdg.c                        0x00000000   Number         0  wdg.o ABSOLUTE
    ..\user\ZLG522S\ZLG522S.c                0x00000000   Number         0  zlg522s.o ABSOLUTE
    ..\user\delay\delay.c                    0x00000000   Number         0  delay.o ABSOLUTE
    ..\user\main.c                           0x00000000   Number         0  main.o ABSOLUTE
    ..\user\stm32f10x_it.c                   0x00000000   Number         0  stm32f10x_it.o ABSOLUTE
    ..\user\sys\sys.c                        0x00000000   Number         0  sys.o ABSOLUTE
    ..\user\system_stm32f10x.c               0x00000000   Number         0  system_stm32f10x.o ABSOLUTE
    dc.s                                     0x00000000   Number         0  dc.o ABSOLUTE
    RESET                                    0x08000000   Section      304  startup_stm32f10x_hd.o(RESET)
    !!!main                                  0x08000130   Section        8  __main.o(!!!main)
    !!!scatter                               0x08000138   Section       52  __scatter.o(!!!scatter)
    !!handler_copy                           0x0800016c   Section       26  __scatter_copy.o(!!handler_copy)
    !!handler_zi                             0x08000188   Section       28  __scatter_zi.o(!!handler_zi)
    .ARM.Collect$$libinit$$00000000          0x080001a4   Section        2  libinit.o(.ARM.Collect$$libinit$$00000000)
    .ARM.Collect$$libinit$$00000002          0x080001a6   Section        0  libinit2.o(.ARM.Collect$$libinit$$00000002)
    .ARM.Collect$$libinit$$00000008          0x080001a6   Section        0  libinit2.o(.ARM.Collect$$libinit$$00000008)
    .ARM.Collect$$libinit$$0000000A          0x080001a6   Section        0  libinit2.o(.ARM.Collect$$libinit$$0000000A)
    .ARM.Collect$$libinit$$0000000C          0x080001a6   Section        0  libinit2.o(.ARM.Collect$$libinit$$0000000C)
    .ARM.Collect$$libinit$$0000000F          0x080001a6   Section        0  libinit2.o(.ARM.Collect$$libinit$$0000000F)
    .ARM.Collect$$libinit$$00000011          0x080001a6   Section        0  libinit2.o(.ARM.Collect$$libinit$$00000011)
    .ARM.Collect$$libinit$$00000013          0x080001a6   Section        0  libinit2.o(.ARM.Collect$$libinit$$00000013)
    .ARM.Collect$$libinit$$00000015          0x080001a6   Section        0  libinit2.o(.ARM.Collect$$libinit$$00000015)
    .ARM.Collect$$libinit$$00000017          0x080001a6   Section        0  libinit2.o(.ARM.Collect$$libinit$$00000017)
    .ARM.Collect$$libinit$$00000019          0x080001a6   Section        0  libinit2.o(.ARM.Collect$$libinit$$00000019)
    .ARM.Collect$$libinit$$0000001B          0x080001a6   Section        0  libinit2.o(.ARM.Collect$$libinit$$0000001B)
    .ARM.Collect$$libinit$$0000001D          0x080001a6   Section        0  libinit2.o(.ARM.Collect$$libinit$$0000001D)
    .ARM.Collect$$libinit$$0000001F          0x080001a6   Section        0  libinit2.o(.ARM.Collect$$libinit$$0000001F)
    .ARM.Collect$$libinit$$00000021          0x080001a6   Section        0  libinit2.o(.ARM.Collect$$libinit$$00000021)
    .ARM.Collect$$libinit$$00000023          0x080001a6   Section        0  libinit2.o(.ARM.Collect$$libinit$$00000023)
    .ARM.Collect$$libinit$$0000002A          0x080001a6   Section        0  libinit2.o(.ARM.Collect$$libinit$$0000002A)
    .ARM.Collect$$libinit$$0000002C          0x080001a6   Section        0  libinit2.o(.ARM.Collect$$libinit$$0000002C)
    .ARM.Collect$$libinit$$0000002E          0x080001a6   Section        0  libinit2.o(.ARM.Collect$$libinit$$0000002E)
    .ARM.Collect$$libinit$$00000030          0x080001a6   Section        0  libinit2.o(.ARM.Collect$$libinit$$00000030)
    .ARM.Collect$$libinit$$00000031          0x080001a6   Section        2  libinit2.o(.ARM.Collect$$libinit$$00000031)
    .ARM.Collect$$libshutdown$$00000000      0x080001a8   Section        2  libshutdown.o(.ARM.Collect$$libshutdown$$00000000)
    .ARM.Collect$$libshutdown$$00000003      0x080001aa   Section        0  libshutdown2.o(.ARM.Collect$$libshutdown$$00000003)
    .ARM.Collect$$libshutdown$$00000006      0x080001aa   Section        0  libshutdown2.o(.ARM.Collect$$libshutdown$$00000006)
    .ARM.Collect$$libshutdown$$00000009      0x080001aa   Section        0  libshutdown2.o(.ARM.Collect$$libshutdown$$00000009)
    .ARM.Collect$$libshutdown$$0000000B      0x080001aa   Section        0  libshutdown2.o(.ARM.Collect$$libshutdown$$0000000B)
    .ARM.Collect$$libshutdown$$0000000E      0x080001aa   Section        0  libshutdown2.o(.ARM.Collect$$libshutdown$$0000000E)
    .ARM.Collect$$libshutdown$$0000000F      0x080001aa   Section        2  libshutdown2.o(.ARM.Collect$$libshutdown$$0000000F)
    .ARM.Collect$$rtentry$$00000000          0x080001ac   Section        0  rtentry.o(.ARM.Collect$$rtentry$$00000000)
    .ARM.Collect$$rtentry$$00000002          0x080001ac   Section        0  rtentry2.o(.ARM.Collect$$rtentry$$00000002)
    .ARM.Collect$$rtentry$$00000004          0x080001ac   Section        6  rtentry4.o(.ARM.Collect$$rtentry$$00000004)
    .ARM.Collect$$rtentry$$00000009          0x080001b2   Section        0  rtentry2.o(.ARM.Collect$$rtentry$$00000009)
    .ARM.Collect$$rtentry$$0000000A          0x080001b2   Section        4  rtentry2.o(.ARM.Collect$$rtentry$$0000000A)
    .ARM.Collect$$rtentry$$0000000C          0x080001b6   Section        0  rtentry2.o(.ARM.Collect$$rtentry$$0000000C)
    .ARM.Collect$$rtentry$$0000000D          0x080001b6   Section        8  rtentry2.o(.ARM.Collect$$rtentry$$0000000D)
    .ARM.Collect$$rtexit$$00000000           0x080001be   Section        2  rtexit.o(.ARM.Collect$$rtexit$$00000000)
    .ARM.Collect$$rtexit$$00000002           0x080001c0   Section        0  rtexit2.o(.ARM.Collect$$rtexit$$00000002)
    .ARM.Collect$$rtexit$$00000003           0x080001c0   Section        4  rtexit2.o(.ARM.Collect$$rtexit$$00000003)
    .ARM.Collect$$rtexit$$00000004           0x080001c4   Section        6  rtexit2.o(.ARM.Collect$$rtexit$$00000004)
    .text                                    0x080001cc   Section        0  main.o(.text)
    .text                                    0x0800023c   Section        0  stm32f10x_it.o(.text)
    .text                                    0x08000258   Section        0  system_stm32f10x.o(.text)
    SetSysClockTo72                          0x08000259   Thumb Code   212  system_stm32f10x.o(.text)
    SetSysClock                              0x0800032d   Thumb Code     8  system_stm32f10x.o(.text)
    .text                                    0x08000434   Section        0  beep.o(.text)
    .text                                    0x080004a4   Section        0  can.o(.text)
    .text                                    0x0800079c   Section        0  myiic.o(.text)
    .text                                    0x08000c20   Section        0  key.o(.text)
    .text                                    0x08001290   Section        0  led.o(.text)
    .text                                    0x080013f0   Section        0  motor.o(.text)
    .text                                    0x08002048   Section        0  relay.o(.text)
    .text                                    0x080020ac   Section        0  sensor.o(.text)
    .text                                    0x080027b8   Section        0  timer.o(.text)
    .text                                    0x080029cc   Section        0  zlg522s.o(.text)
    .text                                    0x080032ec   Section        0  sys_init.o(.text)
    .text                                    0x08003494   Section        0  delay.o(.text)
    .text                                    0x08003564   Section        0  sys.o(.text)
    .text                                    0x080035a0   Section        0  main_ads16.o(.text)
    .text                                    0x08003db4   Section        0  can_ads16.o(.text)
    .text                                    0x080042dc   Section        0  main_aes16a.o(.text)
    .text                                    0x0800467c   Section        0  can_aes16a.o(.text)
    .text                                    0x08004b80   Section        0  main_aes16d.o(.text)
    .text                                    0x08005094   Section        0  can_aes16d.o(.text)
    .text                                    0x080055a8   Section        0  main_ams16d.o(.text)
    .text                                    0x08005900   Section        0  can_ams16d.o(.text)
    .text                                    0x08005e20   Section        0  main_aes16f.o(.text)
    .text                                    0x080063f8   Section        0  can_aes16f.o(.text)
    .text                                    0x0800696c   Section        0  main_ams16b.o(.text)
    .text                                    0x08006a04   Section        0  can_ams16b.o(.text)
    .text                                    0x08006e78   Section        0  misc.o(.text)
    .text                                    0x08006f54   Section        0  stm32f10x_can.o(.text)
    CheckITStatus                            0x0800777d   Thumb Code    16  stm32f10x_can.o(.text)
    .text                                    0x08007964   Section        0  stm32f10x_gpio.o(.text)
    .text                                    0x08007cbc   Section        0  stm32f10x_rcc.o(.text)
    .text                                    0x08008060   Section        0  stm32f10x_tim.o(.text)
    TI4_Config                               0x08008507   Thumb Code   130  stm32f10x_tim.o(.text)
    TI3_Config                               0x0800859b   Thumb Code   122  stm32f10x_tim.o(.text)
    TI2_Config                               0x0800862f   Thumb Code   130  stm32f10x_tim.o(.text)
    TI1_Config                               0x080086c3   Thumb Code   108  stm32f10x_tim.o(.text)
    .text                                    0x08008e7c   Section        0  stm32f10x_usart.o(.text)
    .text                                    0x08009284   Section       64  startup_stm32f10x_hd.o(.text)
    .text                                    0x080092c4   Section      100  rt_memcpy_w.o(.text)
    .text                                    0x08009328   Section        0  heapauxi.o(.text)
    .text                                    0x0800932e   Section       74  sys_stackheap_outer.o(.text)
    .text                                    0x08009378   Section        0  exit.o(.text)
    .text                                    0x08009384   Section        8  libspace.o(.text)
    .text                                    0x0800938c   Section        0  sys_exit.o(.text)
    .text                                    0x08009398   Section        2  use_no_semi.o(.text)
    .text                                    0x0800939a   Section        0  indicate_semi.o(.text)
    .constdata                               0x0800939c   Section       18  zlg522s.o(.constdata)
    .data                                    0x20000000   Section       20  system_stm32f10x.o(.data)
    .data                                    0x20000014   Section       22  can.o(.data)
    .data                                    0x2000002a   Section       16  key.o(.data)
    .data                                    0x2000003a   Section        8  led.o(.data)
    .data                                    0x20000044   Section       13  motor.o(.data)
    .data                                    0x20000051   Section       16  sensor.o(.data)
    .data                                    0x20000062   Section        7  timer.o(.data)
    .data                                    0x2000006a   Section       32  zlg522s.o(.data)
    .data                                    0x2000008a   Section        4  delay.o(.data)
    fac_us                                   0x2000008a   Data           1  delay.o(.data)
    fac_ms                                   0x2000008c   Data           2  delay.o(.data)
    .data                                    0x20000090   Section       46  main_ads16.o(.data)
    .data                                    0x200000be   Section        2  main_aes16a.o(.data)
    .data                                    0x200000c0   Section       16  main_aes16d.o(.data)
    .data                                    0x200000d0   Section        6  main_ams16d.o(.data)
    .data                                    0x200000d6   Section        4  main_aes16f.o(.data)
    .data                                    0x200000da   Section       20  stm32f10x_rcc.o(.data)
    APBAHBPrescTable                         0x200000da   Data          16  stm32f10x_rcc.o(.data)
    ADCPrescTable                            0x200000ea   Data           4  stm32f10x_rcc.o(.data)
    .bss                                     0x200000f0   Section      178  can.o(.bss)
    .bss                                     0x200001a2   Section      304  zlg522s.o(.bss)
    .bss                                     0x200002d4   Section       20  main_aes16d.o(.bss)
    .bss                                     0x200002e8   Section       96  libspace.o(.bss)
    HEAP                                     0x20000348   Section      512  startup_stm32f10x_hd.o(HEAP)
    Heap_Mem                                 0x20000348   Data         512  startup_stm32f10x_hd.o(HEAP)
    STACK                                    0x20000548   Section     1024  startup_stm32f10x_hd.o(STACK)
    Stack_Mem                                0x20000548   Data        1024  startup_stm32f10x_hd.o(STACK)
    __initial_sp                             0x20000948   Data           0  startup_stm32f10x_hd.o(STACK)

    Global Symbols

    Symbol Name                              Value     Ov Type        Size  Object(Section)

    BuildAttributes$$THM_ISAv4$P$D$K$B$S$PE$A:L22UL41UL21$X:L11$S22US41US21$IEEE1$IW$USESV6$~STKCKD$USESV7$~SHL$OSPACE$ROPI$EBA8$UX$STANDARDLIB$REQ8$PRES8$EABIv2 0x00000000   Number         0  anon$$obj.o ABSOLUTE
    __ARM_use_no_argv                        0x00000000   Number         0  main.o ABSOLUTE
    __ARM_exceptions_init                     - Undefined Weak Reference
    __alloca_initialize                       - Undefined Weak Reference
    __cpp_initialize__aeabi_                  - Undefined Weak Reference
    __cxa_finalize                            - Undefined Weak Reference
    __rt_locale                               - Undefined Weak Reference
    __sigvec_lookup                           - Undefined Weak Reference
    _atexit_init                              - Undefined Weak Reference
    _call_atexit_fns                          - Undefined Weak Reference
    _clock_init                               - Undefined Weak Reference
    _fp_trap_init                             - Undefined Weak Reference
    _fp_trap_shutdown                         - Undefined Weak Reference
    _get_lc_collate                           - Undefined Weak Reference
    _get_lc_ctype                             - Undefined Weak Reference
    _get_lc_monetary                          - Undefined Weak Reference
    _get_lc_numeric                           - Undefined Weak Reference
    _get_lc_time                              - Undefined Weak Reference
    _getenv_init                              - Undefined Weak Reference
    _handle_redirection                       - Undefined Weak Reference
    _init_alloc                               - Undefined Weak Reference
    _init_user_alloc                          - Undefined Weak Reference
    _initio                                   - Undefined Weak Reference
    _rand_init                                - Undefined Weak Reference
    _signal_finish                            - Undefined Weak Reference
    _signal_init                              - Undefined Weak Reference
    _terminate_alloc                          - Undefined Weak Reference
    _terminate_user_alloc                     - Undefined Weak Reference
    _terminateio                              - Undefined Weak Reference
    __Vectors_Size                           0x00000130   Number         0  startup_stm32f10x_hd.o ABSOLUTE
    __Vectors                                0x08000000   Data           4  startup_stm32f10x_hd.o(RESET)
    __Vectors_End                            0x08000130   Data           0  startup_stm32f10x_hd.o(RESET)
    __main                                   0x08000131   Thumb Code     8  __main.o(!!!main)
    __scatterload                            0x08000139   Thumb Code     0  __scatter.o(!!!scatter)
    __scatterload_rt2                        0x08000139   Thumb Code    44  __scatter.o(!!!scatter)
    __scatterload_rt2_thumb_only             0x08000139   Thumb Code     0  __scatter.o(!!!scatter)
    __scatterload_null                       0x08000147   Thumb Code     0  __scatter.o(!!!scatter)
    __scatterload_copy                       0x0800016d   Thumb Code    26  __scatter_copy.o(!!handler_copy)
    __scatterload_zeroinit                   0x08000189   Thumb Code    28  __scatter_zi.o(!!handler_zi)
    __rt_lib_init                            0x080001a5   Thumb Code     0  libinit.o(.ARM.Collect$$libinit$$00000000)
    __rt_lib_init_alloca_1                   0x080001a7   Thumb Code     0  libinit2.o(.ARM.Collect$$libinit$$0000002C)
    __rt_lib_init_argv_1                     0x080001a7   Thumb Code     0  libinit2.o(.ARM.Collect$$libinit$$0000002A)
    __rt_lib_init_atexit_1                   0x080001a7   Thumb Code     0  libinit2.o(.ARM.Collect$$libinit$$00000019)
    __rt_lib_init_clock_1                    0x080001a7   Thumb Code     0  libinit2.o(.ARM.Collect$$libinit$$0000001F)
    __rt_lib_init_cpp_1                      0x080001a7   Thumb Code     0  libinit2.o(.ARM.Collect$$libinit$$00000030)
    __rt_lib_init_exceptions_1               0x080001a7   Thumb Code     0  libinit2.o(.ARM.Collect$$libinit$$0000002E)
    __rt_lib_init_fp_1                       0x080001a7   Thumb Code     0  libinit2.o(.ARM.Collect$$libinit$$00000002)
    __rt_lib_init_fp_trap_1                  0x080001a7   Thumb Code     0  libinit2.o(.ARM.Collect$$libinit$$0000001D)
    __rt_lib_init_getenv_1                   0x080001a7   Thumb Code     0  libinit2.o(.ARM.Collect$$libinit$$00000021)
    __rt_lib_init_heap_1                     0x080001a7   Thumb Code     0  libinit2.o(.ARM.Collect$$libinit$$00000008)
    __rt_lib_init_lc_collate_1               0x080001a7   Thumb Code     0  libinit2.o(.ARM.Collect$$libinit$$0000000F)
    __rt_lib_init_lc_ctype_1                 0x080001a7   Thumb Code     0  libinit2.o(.ARM.Collect$$libinit$$00000011)
    __rt_lib_init_lc_monetary_1              0x080001a7   Thumb Code     0  libinit2.o(.ARM.Collect$$libinit$$00000013)
    __rt_lib_init_lc_numeric_1               0x080001a7   Thumb Code     0  libinit2.o(.ARM.Collect$$libinit$$00000015)
    __rt_lib_init_lc_time_1                  0x080001a7   Thumb Code     0  libinit2.o(.ARM.Collect$$libinit$$00000017)
    __rt_lib_init_rand_1                     0x080001a7   Thumb Code     0  libinit2.o(.ARM.Collect$$libinit$$0000000C)
    __rt_lib_init_return                     0x080001a7   Thumb Code     0  libinit2.o(.ARM.Collect$$libinit$$00000031)
    __rt_lib_init_signal_1                   0x080001a7   Thumb Code     0  libinit2.o(.ARM.Collect$$libinit$$0000001B)
    __rt_lib_init_stdio_1                    0x080001a7   Thumb Code     0  libinit2.o(.ARM.Collect$$libinit$$00000023)
    __rt_lib_init_user_alloc_1               0x080001a7   Thumb Code     0  libinit2.o(.ARM.Collect$$libinit$$0000000A)
    __rt_lib_shutdown                        0x080001a9   Thumb Code     0  libshutdown.o(.ARM.Collect$$libshutdown$$00000000)
    __rt_lib_shutdown_fp_trap_1              0x080001ab   Thumb Code     0  libshutdown2.o(.ARM.Collect$$libshutdown$$00000006)
    __rt_lib_shutdown_heap_1                 0x080001ab   Thumb Code     0  libshutdown2.o(.ARM.Collect$$libshutdown$$0000000E)
    __rt_lib_shutdown_return                 0x080001ab   Thumb Code     0  libshutdown2.o(.ARM.Collect$$libshutdown$$0000000F)
    __rt_lib_shutdown_signal_1               0x080001ab   Thumb Code     0  libshutdown2.o(.ARM.Collect$$libshutdown$$00000009)
    __rt_lib_shutdown_stdio_1                0x080001ab   Thumb Code     0  libshutdown2.o(.ARM.Collect$$libshutdown$$00000003)
    __rt_lib_shutdown_user_alloc_1           0x080001ab   Thumb Code     0  libshutdown2.o(.ARM.Collect$$libshutdown$$0000000B)
    __rt_entry                               0x080001ad   Thumb Code     0  rtentry.o(.ARM.Collect$$rtentry$$00000000)
    __rt_entry_presh_1                       0x080001ad   Thumb Code     0  rtentry2.o(.ARM.Collect$$rtentry$$00000002)
    __rt_entry_sh                            0x080001ad   Thumb Code     0  rtentry4.o(.ARM.Collect$$rtentry$$00000004)
    __rt_entry_li                            0x080001b3   Thumb Code     0  rtentry2.o(.ARM.Collect$$rtentry$$0000000A)
    __rt_entry_postsh_1                      0x080001b3   Thumb Code     0  rtentry2.o(.ARM.Collect$$rtentry$$00000009)
    __rt_entry_main                          0x080001b7   Thumb Code     0  rtentry2.o(.ARM.Collect$$rtentry$$0000000D)
    __rt_entry_postli_1                      0x080001b7   Thumb Code     0  rtentry2.o(.ARM.Collect$$rtentry$$0000000C)
    __rt_exit                                0x080001bf   Thumb Code     0  rtexit.o(.ARM.Collect$$rtexit$$00000000)
    __rt_exit_ls                             0x080001c1   Thumb Code     0  rtexit2.o(.ARM.Collect$$rtexit$$00000003)
    __rt_exit_prels_1                        0x080001c1   Thumb Code     0  rtexit2.o(.ARM.Collect$$rtexit$$00000002)
    __rt_exit_exit                           0x080001c5   Thumb Code     0  rtexit2.o(.ARM.Collect$$rtexit$$00000004)
    main                                     0x080001cd   Thumb Code   108  main.o(.text)
    NMI_Handler                              0x0800023d   Thumb Code     2  stm32f10x_it.o(.text)
    HardFault_Handler                        0x0800023f   Thumb Code     4  stm32f10x_it.o(.text)
    MemManage_Handler                        0x08000243   Thumb Code     4  stm32f10x_it.o(.text)
    BusFault_Handler                         0x08000247   Thumb Code     4  stm32f10x_it.o(.text)
    UsageFault_Handler                       0x0800024b   Thumb Code     4  stm32f10x_it.o(.text)
    SVC_Handler                              0x0800024f   Thumb Code     2  stm32f10x_it.o(.text)
    DebugMon_Handler                         0x08000251   Thumb Code     2  stm32f10x_it.o(.text)
    PendSV_Handler                           0x08000253   Thumb Code     2  stm32f10x_it.o(.text)
    SysTick_Handler                          0x08000255   Thumb Code     2  stm32f10x_it.o(.text)
    SystemInit                               0x08000335   Thumb Code    78  system_stm32f10x.o(.text)
    SystemCoreClockUpdate                    0x08000383   Thumb Code   142  system_stm32f10x.o(.text)
    Beep_Init                                0x08000435   Thumb Code    42  beep.o(.text)
    Beep                                     0x0800045f   Thumb Code    52  beep.o(.text)
    set_can_ID                               0x080004a5   Thumb Code    90  can.o(.text)
    set_scu_can_ID                           0x080004ff   Thumb Code    48  can.o(.text)
    _CAN_Init                                0x0800052f   Thumb Code   188  can.o(.text)
    SendMessage                              0x080005eb   Thumb Code   188  can.o(.text)
    ReSendMessage                            0x080006a7   Thumb Code    38  can.o(.text)
    canPoll                                  0x080006cd   Thumb Code    42  can.o(.text)
    canRead                                  0x080006f7   Thumb Code   122  can.o(.text)
    IIC_Init                                 0x0800079d   Thumb Code    52  myiic.o(.text)
    IIC_Start                                0x080007d1   Thumb Code    68  myiic.o(.text)
    IIC_Stop                                 0x08000815   Thumb Code    66  myiic.o(.text)
    IIC_Wait_Ack                             0x08000857   Thumb Code    82  myiic.o(.text)
    IIC_Ack                                  0x080008a9   Thumb Code    72  myiic.o(.text)
    IIC_NAck                                 0x080008f1   Thumb Code    72  myiic.o(.text)
    IIC_Send_Byte                            0x08000939   Thumb Code   108  myiic.o(.text)
    IIC_Read_Byte                            0x080009a5   Thumb Code    98  myiic.o(.text)
    AT24CXX_Init                             0x08000a07   Thumb Code     8  myiic.o(.text)
    AT24CXX_ReadOneByte                      0x08000a0f   Thumb Code    84  myiic.o(.text)
    AT24CXX_ReadNByte                        0x08000a63   Thumb Code    50  myiic.o(.text)
    AT24CXX_WriteOneByte                     0x08000a95   Thumb Code    76  myiic.o(.text)
    AT24CXX_WriteNByte0                      0x08000ae1   Thumb Code    36  myiic.o(.text)
    AT24CXX_Write4Byte                       0x08000b05   Thumb Code    50  myiic.o(.text)
    AT24CXX_WriteLenByte                     0x08000b37   Thumb Code    42  myiic.o(.text)
    AT24CXX_ReadLenByte                      0x08000b61   Thumb Code    68  myiic.o(.text)
    AT24CXX_Check                            0x08000ba5   Thumb Code    52  myiic.o(.text)
    AT24CXX_Read                             0x08000bd9   Thumb Code    34  myiic.o(.text)
    AT24CXX_Write                            0x08000bfb   Thumb Code    36  myiic.o(.text)
    KEY_Init                                 0x08000c21   Thumb Code   126  key.o(.text)
    Key_Scan                                 0x08000c9f   Thumb Code   318  key.o(.text)
    Key_Deal                                 0x08000ddd   Thumb Code  1146  key.o(.text)
    LED_Init                                 0x08001291   Thumb Code    50  led.o(.text)
    LED_Ctrl                                 0x080012c3   Thumb Code   146  led.o(.text)
    AMS16D_LEDCTRL                           0x08001355   Thumb Code   124  led.o(.text)
    Motor_Init                               0x080013f1   Thumb Code   104  motor.o(.text)
    Motor_SpeedCtrl                          0x08001459   Thumb Code    92  motor.o(.text)
    StepperMoto_42                           0x080014b5   Thumb Code   970  motor.o(.text)
    MoveToPosition                           0x0800187f   Thumb Code   106  motor.o(.text)
    BadBottle_Reject                         0x080018e9   Thumb Code    98  motor.o(.text)
    PushRod_Ctrl                             0x0800194b   Thumb Code   594  motor.o(.text)
    Valve_Ctrl                               0x08001b9d   Thumb Code   554  motor.o(.text)
    Rod_Ctrl_AES16F                          0x08001dc7   Thumb Code   508  motor.o(.text)
    Rod_Ctrl_PUSH_AES16F                     0x08001fc3   Thumb Code   100  motor.o(.text)
    Relay_Init                               0x08002049   Thumb Code    46  relay.o(.text)
    Open_FAR_Door                            0x08002077   Thumb Code    32  relay.o(.text)
    Sensor_Init                              0x080020ad   Thumb Code   208  sensor.o(.text)
    Read_Device_ID                           0x0800217d   Thumb Code    16  sensor.o(.text)
    Station_Type_Judge                       0x0800218d   Thumb Code   116  sensor.o(.text)
    Station_Sensor_Read                      0x08002201   Thumb Code  1422  sensor.o(.text)
    TIM3_Int_Init                            0x080027b9   Thumb Code    90  timer.o(.text)
    TIM2_Int_Init                            0x08002813   Thumb Code    92  timer.o(.text)
    TIM3_IRQHandler                          0x0800286f   Thumb Code   278  timer.o(.text)
    TIM2_IRQHandler                          0x08002985   Thumb Code    22  timer.o(.text)
    USART3_Init                              0x080029cd   Thumb Code   162  zlg522s.o(.text)
    RFIDdelay_us                             0x08002a6f   Thumb Code    30  zlg522s.o(.text)
    ZLG522S_UARTInit                         0x08002a8d   Thumb Code   106  zlg522s.o(.text)
    ReadComRfidData                          0x08002af7   Thumb Code    82  zlg522s.o(.text)
    ReadColRfid                              0x08002b49   Thumb Code   716  zlg522s.o(.text)
    IC_RevBuffer                             0x08002e15   Thumb Code   148  zlg522s.o(.text)
    IC_AddBufferCheck                        0x08002ea9   Thumb Code    66  zlg522s.o(.text)
    SendArr_UART                             0x08002eeb   Thumb Code    42  zlg522s.o(.text)
    PiccActiveTypeA                          0x08002f15   Thumb Code   108  zlg522s.o(.text)
    IC_PiccAutKey                            0x08002f81   Thumb Code   140  zlg522s.o(.text)
    ActiveCardKey                            0x0800300d   Thumb Code    96  zlg522s.o(.text)
    IC_ReadBlockData                         0x0800306d   Thumb Code   318  zlg522s.o(.text)
    IC_WriteBlockData                        0x080031ab   Thumb Code   144  zlg522s.o(.text)
    IC_SearchBrush                           0x0800323b   Thumb Code    34  zlg522s.o(.text)
    BottleID_ByteTOString                    0x0800325d   Thumb Code    34  zlg522s.o(.text)
    USART3_IRQHandler                        0x0800327f   Thumb Code    86  zlg522s.o(.text)
    Sys_Init                                 0x080032ed   Thumb Code   402  sys_init.o(.text)
    delay_init                               0x08003495   Thumb Code    50  delay.o(.text)
    delay_us                                 0x080034c7   Thumb Code    70  delay.o(.text)
    delay_ms                                 0x0800350d   Thumb Code    70  delay.o(.text)
    NVIC_Configuration                       0x08003565   Thumb Code    12  sys.o(.text)
    System_SoftReset                         0x08003571   Thumb Code    38  sys.o(.text)
    ReSendCtrl                               0x080035a1   Thumb Code    98  main_ads16.o(.text)
    ReadRFID                                 0x08003603   Thumb Code    82  main_ads16.o(.text)
    SendReady_Ctrl                           0x08003655   Thumb Code   164  main_ads16.o(.text)
    MainWhile_ADS16                          0x080036f9   Thumb Code   854  main_ads16.o(.text)
    Init_ADS16                               0x08003a4f   Thumb Code   176  main_ads16.o(.text)
    Interrupt_Timer_1ms_ADS16                0x08003aff   Thumb Code   356  main_ads16.o(.text)
    Aging_ADS16                              0x08003c63   Thumb Code   226  main_ads16.o(.text)
    REC_Analyze_ADS16                        0x08003db5   Thumb Code   848  can_ads16.o(.text)
    SURE_REC_Analyze_ADS16                   0x08004105   Thumb Code   288  can_ads16.o(.text)
    Tcu_Commend_ADS16                        0x08004225   Thumb Code   170  can_ads16.o(.text)
    MainWhile_AES16A                         0x080042dd   Thumb Code   736  main_aes16a.o(.text)
    Init_AES16A                              0x080045bd   Thumb Code   122  main_aes16a.o(.text)
    REC_Analyze_AES16A                       0x0800467d   Thumb Code   818  can_aes16a.o(.text)
    SURE_REC_Analyze_AES16A                  0x080049af   Thumb Code   282  can_aes16a.o(.text)
    Tcu_Commend_AES16A                       0x08004ac9   Thumb Code   170  can_aes16a.o(.text)
    MainWhile_AES16D                         0x08004b81   Thumb Code   736  main_aes16d.o(.text)
    Init_AES16D                              0x08004e61   Thumb Code   152  main_aes16d.o(.text)
    Interrupt_Timer_1ms_AES16D               0x08004ef9   Thumb Code   370  main_aes16d.o(.text)
    REC_Analyze_AES16D                       0x08005095   Thumb Code   842  can_aes16d.o(.text)
    SURE_REC_Analyze_AES16D                  0x080053df   Thumb Code   274  can_aes16d.o(.text)
    Tcu_Commend_AES16D                       0x080054f1   Thumb Code   170  can_aes16d.o(.text)
    AMS16D_BottleCheck                       0x080055a9   Thumb Code    76  main_ams16d.o(.text)
    AMS16D_KeyDeal                           0x080055f5   Thumb Code   308  main_ams16d.o(.text)
    MainWhile_AMS16D                         0x08005729   Thumb Code   124  main_ams16d.o(.text)
    Init_AMS16D                              0x080057a5   Thumb Code    50  main_ams16d.o(.text)
    AMS16D_KeyScan                           0x080057d7   Thumb Code    84  main_ams16d.o(.text)
    Interrupt_Timer_1ms_AMS16D               0x0800582b   Thumb Code   122  main_ams16d.o(.text)
    REC_Analyze_AMS16D                       0x08005901   Thumb Code   850  can_ams16d.o(.text)
    SURE_REC_Analyze_AMS16D                  0x08005c53   Thumb Code   278  can_ams16d.o(.text)
    Tcu_Commend_AMS16D                       0x08005d69   Thumb Code   170  can_ams16d.o(.text)
    MainWhile_AES16F                         0x08005e21   Thumb Code   864  main_aes16f.o(.text)
    Init_AES16F                              0x08006181   Thumb Code   372  main_aes16f.o(.text)
    Interrupt_Timer_1ms_AES16F               0x080062f5   Thumb Code   204  main_aes16f.o(.text)
    REC_Analyze_AES16F                       0x080063f9   Thumb Code   932  can_aes16f.o(.text)
    SURE_REC_Analyze_AES16F                  0x0800679d   Thumb Code   286  can_aes16f.o(.text)
    Tcu_Commend_AES16F                       0x080068bb   Thumb Code   164  can_aes16f.o(.text)
    MainWhile_AMS16B                         0x0800696d   Thumb Code   116  main_ams16b.o(.text)
    Init_AMS16B                              0x080069e1   Thumb Code     8  main_ams16b.o(.text)
    Interrupt_Timer_1ms_AMS16B               0x080069e9   Thumb Code     2  main_ams16b.o(.text)
    REC_Analyze_AMS16B                       0x08006a05   Thumb Code   690  can_ams16b.o(.text)
    SURE_REC_Analyze_AMS16B                  0x08006cb7   Thumb Code   236  can_ams16b.o(.text)
    Tcu_Commend_AMS16B                       0x08006da3   Thumb Code   206  can_ams16b.o(.text)
    NVIC_PriorityGroupConfig                 0x08006e79   Thumb Code    10  misc.o(.text)
    NVIC_Init                                0x08006e83   Thumb Code   102  misc.o(.text)
    NVIC_SetVectorTable                      0x08006ee9   Thumb Code    14  misc.o(.text)
    NVIC_SystemLPConfig                      0x08006ef7   Thumb Code    34  misc.o(.text)
    SysTick_CLKSourceConfig                  0x08006f19   Thumb Code    40  misc.o(.text)
    CAN_DeInit                               0x08006f55   Thumb Code    50  stm32f10x_can.o(.text)
    CAN_Init                                 0x08006f87   Thumb Code   276  stm32f10x_can.o(.text)
    CAN_FilterInit                           0x0800709b   Thumb Code   258  stm32f10x_can.o(.text)
    CAN_StructInit                           0x0800719d   Thumb Code    32  stm32f10x_can.o(.text)
    CAN_SlaveStartBank                       0x080071bd   Thumb Code    48  stm32f10x_can.o(.text)
    CAN_DBGFreeze                            0x080071ed   Thumb Code    22  stm32f10x_can.o(.text)
    CAN_TTComModeCmd                         0x08007203   Thumb Code   118  stm32f10x_can.o(.text)
    CAN_Transmit                             0x08007279   Thumb Code   342  stm32f10x_can.o(.text)
    CAN_TransmitStatus                       0x080073cf   Thumb Code   138  stm32f10x_can.o(.text)
    CAN_CancelTransmit                       0x08007459   Thumb Code    48  stm32f10x_can.o(.text)
    CAN_Receive                              0x08007489   Thumb Code   240  stm32f10x_can.o(.text)
    CAN_FIFORelease                          0x08007579   Thumb Code    22  stm32f10x_can.o(.text)
    CAN_MessagePending                       0x0800758f   Thumb Code    30  stm32f10x_can.o(.text)
    CAN_OperatingModeRequest                 0x080075ad   Thumb Code   162  stm32f10x_can.o(.text)
    CAN_Sleep                                0x0800764f   Thumb Code    30  stm32f10x_can.o(.text)
    CAN_WakeUp                               0x0800766d   Thumb Code    48  stm32f10x_can.o(.text)
    CAN_GetLastErrorCode                     0x0800769d   Thumb Code    12  stm32f10x_can.o(.text)
    CAN_GetReceiveErrorCounter               0x080076a9   Thumb Code    10  stm32f10x_can.o(.text)
    CAN_GetLSBTransmitErrorCounter           0x080076b3   Thumb Code    12  stm32f10x_can.o(.text)
    CAN_ITConfig                             0x080076bf   Thumb Code    18  stm32f10x_can.o(.text)
    CAN_GetFlagStatus                        0x080076d1   Thumb Code   120  stm32f10x_can.o(.text)
    CAN_ClearFlag                            0x08007749   Thumb Code    52  stm32f10x_can.o(.text)
    CAN_GetITStatus                          0x0800778d   Thumb Code   306  stm32f10x_can.o(.text)
    CAN_ClearITPendingBit                    0x080078bf   Thumb Code   162  stm32f10x_can.o(.text)
    GPIO_DeInit                              0x08007965   Thumb Code   172  stm32f10x_gpio.o(.text)
    GPIO_AFIODeInit                          0x08007a11   Thumb Code    20  stm32f10x_gpio.o(.text)
    GPIO_Init                                0x08007a25   Thumb Code   274  stm32f10x_gpio.o(.text)
    GPIO_StructInit                          0x08007b37   Thumb Code    16  stm32f10x_gpio.o(.text)
    GPIO_ReadInputDataBit                    0x08007b47   Thumb Code    18  stm32f10x_gpio.o(.text)
    GPIO_ReadInputData                       0x08007b59   Thumb Code     8  stm32f10x_gpio.o(.text)
    GPIO_ReadOutputDataBit                   0x08007b61   Thumb Code    18  stm32f10x_gpio.o(.text)
    GPIO_ReadOutputData                      0x08007b73   Thumb Code     8  stm32f10x_gpio.o(.text)
    GPIO_SetBits                             0x08007b7b   Thumb Code     4  stm32f10x_gpio.o(.text)
    GPIO_ResetBits                           0x08007b7f   Thumb Code     4  stm32f10x_gpio.o(.text)
    GPIO_WriteBit                            0x08007b83   Thumb Code    10  stm32f10x_gpio.o(.text)
    GPIO_Write                               0x08007b8d   Thumb Code     4  stm32f10x_gpio.o(.text)
    GPIO_PinLockConfig                       0x08007b91   Thumb Code    18  stm32f10x_gpio.o(.text)
    GPIO_EventOutputConfig                   0x08007ba3   Thumb Code    26  stm32f10x_gpio.o(.text)
    GPIO_EventOutputCmd                      0x08007bbd   Thumb Code     6  stm32f10x_gpio.o(.text)
    GPIO_PinRemapConfig                      0x08007bc3   Thumb Code   138  stm32f10x_gpio.o(.text)
    GPIO_EXTILineConfig                      0x08007c4d   Thumb Code    66  stm32f10x_gpio.o(.text)
    GPIO_ETH_MediaInterfaceConfig            0x08007c8f   Thumb Code     6  stm32f10x_gpio.o(.text)
    RCC_DeInit                               0x08007cbd   Thumb Code    64  stm32f10x_rcc.o(.text)
    RCC_HSEConfig                            0x08007cfd   Thumb Code    70  stm32f10x_rcc.o(.text)
    RCC_GetFlagStatus                        0x08007d43   Thumb Code    56  stm32f10x_rcc.o(.text)
    RCC_WaitForHSEStartUp                    0x08007d7b   Thumb Code    56  stm32f10x_rcc.o(.text)
    RCC_AdjustHSICalibrationValue            0x08007db3   Thumb Code    20  stm32f10x_rcc.o(.text)
    RCC_HSICmd                               0x08007dc7   Thumb Code     6  stm32f10x_rcc.o(.text)
    RCC_PLLConfig                            0x08007dcd   Thumb Code    24  stm32f10x_rcc.o(.text)
    RCC_PLLCmd                               0x08007de5   Thumb Code     6  stm32f10x_rcc.o(.text)
    RCC_SYSCLKConfig                         0x08007deb   Thumb Code    18  stm32f10x_rcc.o(.text)
    RCC_GetSYSCLKSource                      0x08007dfd   Thumb Code    10  stm32f10x_rcc.o(.text)
    RCC_HCLKConfig                           0x08007e07   Thumb Code    18  stm32f10x_rcc.o(.text)
    RCC_PCLK1Config                          0x08007e19   Thumb Code    18  stm32f10x_rcc.o(.text)
    RCC_PCLK2Config                          0x08007e2b   Thumb Code    20  stm32f10x_rcc.o(.text)
    RCC_ITConfig                             0x08007e3f   Thumb Code    26  stm32f10x_rcc.o(.text)
    RCC_USBCLKConfig                         0x08007e59   Thumb Code     6  stm32f10x_rcc.o(.text)
    RCC_ADCCLKConfig                         0x08007e5f   Thumb Code    18  stm32f10x_rcc.o(.text)
    RCC_LSEConfig                            0x08007e71   Thumb Code    44  stm32f10x_rcc.o(.text)
    RCC_LSICmd                               0x08007e9d   Thumb Code     6  stm32f10x_rcc.o(.text)
    RCC_RTCCLKConfig                         0x08007ea3   Thumb Code    12  stm32f10x_rcc.o(.text)
    RCC_RTCCLKCmd                            0x08007eaf   Thumb Code     8  stm32f10x_rcc.o(.text)
    RCC_GetClocksFreq                        0x08007eb7   Thumb Code   192  stm32f10x_rcc.o(.text)
    RCC_AHBPeriphClockCmd                    0x08007f77   Thumb Code    26  stm32f10x_rcc.o(.text)
    RCC_APB2PeriphClockCmd                   0x08007f91   Thumb Code    26  stm32f10x_rcc.o(.text)
    RCC_APB1PeriphClockCmd                   0x08007fab   Thumb Code    26  stm32f10x_rcc.o(.text)
    RCC_APB2PeriphResetCmd                   0x08007fc5   Thumb Code    26  stm32f10x_rcc.o(.text)
    RCC_APB1PeriphResetCmd                   0x08007fdf   Thumb Code    26  stm32f10x_rcc.o(.text)
    RCC_BackupResetCmd                       0x08007ff9   Thumb Code     8  stm32f10x_rcc.o(.text)
    RCC_ClockSecuritySystemCmd               0x08008001   Thumb Code     6  stm32f10x_rcc.o(.text)
    RCC_MCOConfig                            0x08008007   Thumb Code     6  stm32f10x_rcc.o(.text)
    RCC_ClearFlag                            0x0800800d   Thumb Code    14  stm32f10x_rcc.o(.text)
    RCC_GetITStatus                          0x0800801b   Thumb Code    20  stm32f10x_rcc.o(.text)
    RCC_ClearITPendingBit                    0x0800802f   Thumb Code     6  stm32f10x_rcc.o(.text)
    TIM_DeInit                               0x08008061   Thumb Code   424  stm32f10x_tim.o(.text)
    TIM_TimeBaseInit                         0x08008209   Thumb Code   122  stm32f10x_tim.o(.text)
    TIM_OC1Init                              0x08008283   Thumb Code   132  stm32f10x_tim.o(.text)
    TIM_OC2Init                              0x08008307   Thumb Code   154  stm32f10x_tim.o(.text)
    TIM_OC3Init                              0x080083a1   Thumb Code   150  stm32f10x_tim.o(.text)
    TIM_OC4Init                              0x08008437   Thumb Code   182  stm32f10x_tim.o(.text)
    TIM_SetIC4Prescaler                      0x080084ed   Thumb Code    26  stm32f10x_tim.o(.text)
    TIM_SetIC3Prescaler                      0x08008589   Thumb Code    18  stm32f10x_tim.o(.text)
    TIM_SetIC2Prescaler                      0x08008615   Thumb Code    26  stm32f10x_tim.o(.text)
    TIM_SetIC1Prescaler                      0x080086b1   Thumb Code    18  stm32f10x_tim.o(.text)
    TIM_ICInit                               0x0800872f   Thumb Code   150  stm32f10x_tim.o(.text)
    TIM_PWMIConfig                           0x080087c5   Thumb Code   124  stm32f10x_tim.o(.text)
    TIM_BDTRConfig                           0x08008841   Thumb Code    32  stm32f10x_tim.o(.text)
    TIM_TimeBaseStructInit                   0x08008861   Thumb Code    18  stm32f10x_tim.o(.text)
    TIM_OCStructInit                         0x08008873   Thumb Code    20  stm32f10x_tim.o(.text)
    TIM_ICStructInit                         0x08008887   Thumb Code    18  stm32f10x_tim.o(.text)
    TIM_BDTRStructInit                       0x08008899   Thumb Code    40  stm32f10x_tim.o(.text)
    TIM_Cmd                                  0x080088c1   Thumb Code    24  stm32f10x_tim.o(.text)
    TIM_CtrlPWMOutputs                       0x080088d9   Thumb Code    30  stm32f10x_tim.o(.text)
    TIM_ITConfig                             0x080088f7   Thumb Code    18  stm32f10x_tim.o(.text)
    TIM_GenerateEvent                        0x08008909   Thumb Code     4  stm32f10x_tim.o(.text)
    TIM_DMAConfig                            0x0800890d   Thumb Code    10  stm32f10x_tim.o(.text)
    TIM_DMACmd                               0x08008917   Thumb Code    18  stm32f10x_tim.o(.text)
    TIM_InternalClockConfig                  0x08008929   Thumb Code    12  stm32f10x_tim.o(.text)
    TIM_SelectInputTrigger                   0x08008935   Thumb Code    18  stm32f10x_tim.o(.text)
    TIM_ITRxExternalClockConfig              0x08008947   Thumb Code    24  stm32f10x_tim.o(.text)
    TIM_TIxExternalClockConfig               0x0800895f   Thumb Code    62  stm32f10x_tim.o(.text)
    TIM_ETRConfig                            0x0800899d   Thumb Code    28  stm32f10x_tim.o(.text)
    TIM_ETRClockMode1Config                  0x080089b9   Thumb Code    54  stm32f10x_tim.o(.text)
    TIM_ETRClockMode2Config                  0x080089ef   Thumb Code    32  stm32f10x_tim.o(.text)
    TIM_PrescalerConfig                      0x08008a0f   Thumb Code     6  stm32f10x_tim.o(.text)
    TIM_CounterModeConfig                    0x08008a15   Thumb Code    18  stm32f10x_tim.o(.text)
    TIM_EncoderInterfaceConfig               0x08008a27   Thumb Code    66  stm32f10x_tim.o(.text)
    TIM_ForcedOC1Config                      0x08008a69   Thumb Code    18  stm32f10x_tim.o(.text)
    TIM_ForcedOC2Config                      0x08008a7b   Thumb Code    26  stm32f10x_tim.o(.text)
    TIM_ForcedOC3Config                      0x08008a95   Thumb Code    18  stm32f10x_tim.o(.text)
    TIM_ForcedOC4Config                      0x08008aa7   Thumb Code    26  stm32f10x_tim.o(.text)
    TIM_ARRPreloadConfig                     0x08008ac1   Thumb Code    24  stm32f10x_tim.o(.text)
    TIM_SelectCOM                            0x08008ad9   Thumb Code    24  stm32f10x_tim.o(.text)
    TIM_SelectCCDMA                          0x08008af1   Thumb Code    24  stm32f10x_tim.o(.text)
    TIM_CCPreloadControl                     0x08008b09   Thumb Code    24  stm32f10x_tim.o(.text)
    TIM_OC1PreloadConfig                     0x08008b21   Thumb Code    18  stm32f10x_tim.o(.text)
    TIM_OC2PreloadConfig                     0x08008b33   Thumb Code    26  stm32f10x_tim.o(.text)
    TIM_OC3PreloadConfig                     0x08008b4d   Thumb Code    18  stm32f10x_tim.o(.text)
    TIM_OC4PreloadConfig                     0x08008b5f   Thumb Code    26  stm32f10x_tim.o(.text)
    TIM_OC1FastConfig                        0x08008b79   Thumb Code    18  stm32f10x_tim.o(.text)
    TIM_OC2FastConfig                        0x08008b8b   Thumb Code    26  stm32f10x_tim.o(.text)
    TIM_OC3FastConfig                        0x08008ba5   Thumb Code    18  stm32f10x_tim.o(.text)
    TIM_OC4FastConfig                        0x08008bb7   Thumb Code    26  stm32f10x_tim.o(.text)
    TIM_ClearOC1Ref                          0x08008bd1   Thumb Code    18  stm32f10x_tim.o(.text)
    TIM_ClearOC2Ref                          0x08008be3   Thumb Code    24  stm32f10x_tim.o(.text)
    TIM_ClearOC3Ref                          0x08008bfb   Thumb Code    18  stm32f10x_tim.o(.text)
    TIM_ClearOC4Ref                          0x08008c0d   Thumb Code    24  stm32f10x_tim.o(.text)
    TIM_OC1PolarityConfig                    0x08008c25   Thumb Code    18  stm32f10x_tim.o(.text)
    TIM_OC1NPolarityConfig                   0x08008c37   Thumb Code    18  stm32f10x_tim.o(.text)
    TIM_OC2PolarityConfig                    0x08008c49   Thumb Code    26  stm32f10x_tim.o(.text)
    TIM_OC2NPolarityConfig                   0x08008c63   Thumb Code    26  stm32f10x_tim.o(.text)
    TIM_OC3PolarityConfig                    0x08008c7d   Thumb Code    26  stm32f10x_tim.o(.text)
    TIM_OC3NPolarityConfig                   0x08008c97   Thumb Code    26  stm32f10x_tim.o(.text)
    TIM_OC4PolarityConfig                    0x08008cb1   Thumb Code    26  stm32f10x_tim.o(.text)
    TIM_CCxCmd                               0x08008ccb   Thumb Code    30  stm32f10x_tim.o(.text)
    TIM_CCxNCmd                              0x08008ce9   Thumb Code    30  stm32f10x_tim.o(.text)
    TIM_SelectOCxM                           0x08008d07   Thumb Code    82  stm32f10x_tim.o(.text)
    TIM_UpdateDisableConfig                  0x08008d59   Thumb Code    24  stm32f10x_tim.o(.text)
    TIM_UpdateRequestConfig                  0x08008d71   Thumb Code    24  stm32f10x_tim.o(.text)
    TIM_SelectHallSensor                     0x08008d89   Thumb Code    24  stm32f10x_tim.o(.text)
    TIM_SelectOnePulseMode                   0x08008da1   Thumb Code    18  stm32f10x_tim.o(.text)
    TIM_SelectOutputTrigger                  0x08008db3   Thumb Code    18  stm32f10x_tim.o(.text)
    TIM_SelectSlaveMode                      0x08008dc5   Thumb Code    18  stm32f10x_tim.o(.text)
    TIM_SelectMasterSlaveMode                0x08008dd7   Thumb Code    18  stm32f10x_tim.o(.text)
    TIM_SetCounter                           0x08008de9   Thumb Code     4  stm32f10x_tim.o(.text)
    TIM_SetAutoreload                        0x08008ded   Thumb Code     4  stm32f10x_tim.o(.text)
    TIM_SetCompare1                          0x08008df1   Thumb Code     4  stm32f10x_tim.o(.text)
    TIM_SetCompare2                          0x08008df5   Thumb Code     4  stm32f10x_tim.o(.text)
    TIM_SetCompare3                          0x08008df9   Thumb Code     4  stm32f10x_tim.o(.text)
    TIM_SetCompare4                          0x08008dfd   Thumb Code     6  stm32f10x_tim.o(.text)
    TIM_SetClockDivision                     0x08008e03   Thumb Code    18  stm32f10x_tim.o(.text)
    TIM_GetCapture1                          0x08008e15   Thumb Code     6  stm32f10x_tim.o(.text)
    TIM_GetCapture2                          0x08008e1b   Thumb Code     6  stm32f10x_tim.o(.text)
    TIM_GetCapture3                          0x08008e21   Thumb Code     6  stm32f10x_tim.o(.text)
    TIM_GetCapture4                          0x08008e27   Thumb Code     8  stm32f10x_tim.o(.text)
    TIM_GetCounter                           0x08008e2f   Thumb Code     6  stm32f10x_tim.o(.text)
    TIM_GetPrescaler                         0x08008e35   Thumb Code     6  stm32f10x_tim.o(.text)
    TIM_GetFlagStatus                        0x08008e3b   Thumb Code    18  stm32f10x_tim.o(.text)
    TIM_ClearFlag                            0x08008e4d   Thumb Code     6  stm32f10x_tim.o(.text)
    TIM_GetITStatus                          0x08008e53   Thumb Code    34  stm32f10x_tim.o(.text)
    TIM_ClearITPendingBit                    0x08008e75   Thumb Code     6  stm32f10x_tim.o(.text)
    USART_DeInit                             0x08008e7d   Thumb Code   134  stm32f10x_usart.o(.text)
    USART_Init                               0x08008f03   Thumb Code   210  stm32f10x_usart.o(.text)
    USART_StructInit                         0x08008fd5   Thumb Code    24  stm32f10x_usart.o(.text)
    USART_ClockInit                          0x08008fed   Thumb Code    34  stm32f10x_usart.o(.text)
    USART_ClockStructInit                    0x0800900f   Thumb Code    12  stm32f10x_usart.o(.text)
    USART_Cmd                                0x0800901b   Thumb Code    24  stm32f10x_usart.o(.text)
    USART_ITConfig                           0x08009033   Thumb Code    74  stm32f10x_usart.o(.text)
    USART_DMACmd                             0x0800907d   Thumb Code    18  stm32f10x_usart.o(.text)
    USART_SetAddress                         0x0800908f   Thumb Code    18  stm32f10x_usart.o(.text)
    USART_WakeUpConfig                       0x080090a1   Thumb Code    18  stm32f10x_usart.o(.text)
    USART_ReceiverWakeUpCmd                  0x080090b3   Thumb Code    24  stm32f10x_usart.o(.text)
    USART_LINBreakDetectLengthConfig         0x080090cb   Thumb Code    18  stm32f10x_usart.o(.text)
    USART_LINCmd                             0x080090dd   Thumb Code    24  stm32f10x_usart.o(.text)
    USART_SendData                           0x080090f5   Thumb Code     8  stm32f10x_usart.o(.text)
    USART_ReceiveData                        0x080090fd   Thumb Code    10  stm32f10x_usart.o(.text)
    USART_SendBreak                          0x08009107   Thumb Code    10  stm32f10x_usart.o(.text)
    USART_SetGuardTime                       0x08009111   Thumb Code    16  stm32f10x_usart.o(.text)
    USART_SetPrescaler                       0x08009121   Thumb Code    16  stm32f10x_usart.o(.text)
    USART_SmartCardCmd                       0x08009131   Thumb Code    24  stm32f10x_usart.o(.text)
    USART_SmartCardNACKCmd                   0x08009149   Thumb Code    24  stm32f10x_usart.o(.text)
    USART_HalfDuplexCmd                      0x08009161   Thumb Code    24  stm32f10x_usart.o(.text)
    USART_OverSampling8Cmd                   0x08009179   Thumb Code    22  stm32f10x_usart.o(.text)
    USART_OneBitMethodCmd                    0x0800918f   Thumb Code    24  stm32f10x_usart.o(.text)
    USART_IrDAConfig                         0x080091a7   Thumb Code    18  stm32f10x_usart.o(.text)
    USART_IrDACmd                            0x080091b9   Thumb Code    24  stm32f10x_usart.o(.text)
    USART_GetFlagStatus                      0x080091d1   Thumb Code    26  stm32f10x_usart.o(.text)
    USART_ClearFlag                          0x080091eb   Thumb Code    18  stm32f10x_usart.o(.text)
    USART_GetITStatus                        0x080091fd   Thumb Code    84  stm32f10x_usart.o(.text)
    USART_ClearITPendingBit                  0x08009251   Thumb Code    52  stm32f10x_usart.o(.text)
    Reset_Handler                            0x08009285   Thumb Code     8  startup_stm32f10x_hd.o(.text)
    ADC1_2_IRQHandler                        0x0800929f   Thumb Code     0  startup_stm32f10x_hd.o(.text)
    ADC3_IRQHandler                          0x0800929f   Thumb Code     0  startup_stm32f10x_hd.o(.text)
    CAN1_RX1_IRQHandler                      0x0800929f   Thumb Code     0  startup_stm32f10x_hd.o(.text)
    CAN1_SCE_IRQHandler                      0x0800929f   Thumb Code     0  startup_stm32f10x_hd.o(.text)
    DMA1_Channel1_IRQHandler                 0x0800929f   Thumb Code     0  startup_stm32f10x_hd.o(.text)
    DMA1_Channel2_IRQHandler                 0x0800929f   Thumb Code     0  startup_stm32f10x_hd.o(.text)
    DMA1_Channel3_IRQHandler                 0x0800929f   Thumb Code     0  startup_stm32f10x_hd.o(.text)
    DMA1_Channel4_IRQHandler                 0x0800929f   Thumb Code     0  startup_stm32f10x_hd.o(.text)
    DMA1_Channel5_IRQHandler                 0x0800929f   Thumb Code     0  startup_stm32f10x_hd.o(.text)
    DMA1_Channel6_IRQHandler                 0x0800929f   Thumb Code     0  startup_stm32f10x_hd.o(.text)
    DMA1_Channel7_IRQHandler                 0x0800929f   Thumb Code     0  startup_stm32f10x_hd.o(.text)
    DMA2_Channel1_IRQHandler                 0x0800929f   Thumb Code     0  startup_stm32f10x_hd.o(.text)
    DMA2_Channel2_IRQHandler                 0x0800929f   Thumb Code     0  startup_stm32f10x_hd.o(.text)
    DMA2_Channel3_IRQHandler                 0x0800929f   Thumb Code     0  startup_stm32f10x_hd.o(.text)
    DMA2_Channel4_5_IRQHandler               0x0800929f   Thumb Code     0  startup_stm32f10x_hd.o(.text)
    EXTI0_IRQHandler                         0x0800929f   Thumb Code     0  startup_stm32f10x_hd.o(.text)
    EXTI15_10_IRQHandler                     0x0800929f   Thumb Code     0  startup_stm32f10x_hd.o(.text)
    EXTI1_IRQHandler                         0x0800929f   Thumb Code     0  startup_stm32f10x_hd.o(.text)
    EXTI2_IRQHandler                         0x0800929f   Thumb Code     0  startup_stm32f10x_hd.o(.text)
    EXTI3_IRQHandler                         0x0800929f   Thumb Code     0  startup_stm32f10x_hd.o(.text)
    EXTI4_IRQHandler                         0x0800929f   Thumb Code     0  startup_stm32f10x_hd.o(.text)
    EXTI9_5_IRQHandler                       0x0800929f   Thumb Code     0  startup_stm32f10x_hd.o(.text)
    FLASH_IRQHandler                         0x0800929f   Thumb Code     0  startup_stm32f10x_hd.o(.text)
    FSMC_IRQHandler                          0x0800929f   Thumb Code     0  startup_stm32f10x_hd.o(.text)
    I2C1_ER_IRQHandler                       0x0800929f   Thumb Code     0  startup_stm32f10x_hd.o(.text)
    I2C1_EV_IRQHandler                       0x0800929f   Thumb Code     0  startup_stm32f10x_hd.o(.text)
    I2C2_ER_IRQHandler                       0x0800929f   Thumb Code     0  startup_stm32f10x_hd.o(.text)
    I2C2_EV_IRQHandler                       0x0800929f   Thumb Code     0  startup_stm32f10x_hd.o(.text)
    PVD_IRQHandler                           0x0800929f   Thumb Code     0  startup_stm32f10x_hd.o(.text)
    RCC_IRQHandler                           0x0800929f   Thumb Code     0  startup_stm32f10x_hd.o(.text)
    RTCAlarm_IRQHandler                      0x0800929f   Thumb Code     0  startup_stm32f10x_hd.o(.text)
    RTC_IRQHandler                           0x0800929f   Thumb Code     0  startup_stm32f10x_hd.o(.text)
    SDIO_IRQHandler                          0x0800929f   Thumb Code     0  startup_stm32f10x_hd.o(.text)
    SPI1_IRQHandler                          0x0800929f   Thumb Code     0  startup_stm32f10x_hd.o(.text)
    SPI2_IRQHandler                          0x0800929f   Thumb Code     0  startup_stm32f10x_hd.o(.text)
    SPI3_IRQHandler                          0x0800929f   Thumb Code     0  startup_stm32f10x_hd.o(.text)
    TAMPER_IRQHandler                        0x0800929f   Thumb Code     0  startup_stm32f10x_hd.o(.text)
    TIM1_BRK_IRQHandler                      0x0800929f   Thumb Code     0  startup_stm32f10x_hd.o(.text)
    TIM1_CC_IRQHandler                       0x0800929f   Thumb Code     0  startup_stm32f10x_hd.o(.text)
    TIM1_TRG_COM_IRQHandler                  0x0800929f   Thumb Code     0  startup_stm32f10x_hd.o(.text)
    TIM1_UP_IRQHandler                       0x0800929f   Thumb Code     0  startup_stm32f10x_hd.o(.text)
    TIM4_IRQHandler                          0x0800929f   Thumb Code     0  startup_stm32f10x_hd.o(.text)
    TIM5_IRQHandler                          0x0800929f   Thumb Code     0  startup_stm32f10x_hd.o(.text)
    TIM6_IRQHandler                          0x0800929f   Thumb Code     0  startup_stm32f10x_hd.o(.text)
    TIM7_IRQHandler                          0x0800929f   Thumb Code     0  startup_stm32f10x_hd.o(.text)
    TIM8_BRK_IRQHandler                      0x0800929f   Thumb Code     0  startup_stm32f10x_hd.o(.text)
    TIM8_CC_IRQHandler                       0x0800929f   Thumb Code     0  startup_stm32f10x_hd.o(.text)
    TIM8_TRG_COM_IRQHandler                  0x0800929f   Thumb Code     0  startup_stm32f10x_hd.o(.text)
    TIM8_UP_IRQHandler                       0x0800929f   Thumb Code     0  startup_stm32f10x_hd.o(.text)
    UART4_IRQHandler                         0x0800929f   Thumb Code     0  startup_stm32f10x_hd.o(.text)
    UART5_IRQHandler                         0x0800929f   Thumb Code     0  startup_stm32f10x_hd.o(.text)
    USART1_IRQHandler                        0x0800929f   Thumb Code     0  startup_stm32f10x_hd.o(.text)
    USART2_IRQHandler                        0x0800929f   Thumb Code     0  startup_stm32f10x_hd.o(.text)
    USBWakeUp_IRQHandler                     0x0800929f   Thumb Code     0  startup_stm32f10x_hd.o(.text)
    USB_HP_CAN1_TX_IRQHandler                0x0800929f   Thumb Code     0  startup_stm32f10x_hd.o(.text)
    USB_LP_CAN1_RX0_IRQHandler               0x0800929f   Thumb Code     0  startup_stm32f10x_hd.o(.text)
    WWDG_IRQHandler                          0x0800929f   Thumb Code     0  startup_stm32f10x_hd.o(.text)
    __user_initial_stackheap                 0x080092a1   Thumb Code     0  startup_stm32f10x_hd.o(.text)
    __aeabi_memcpy4                          0x080092c5   Thumb Code     0  rt_memcpy_w.o(.text)
    __aeabi_memcpy8                          0x080092c5   Thumb Code     0  rt_memcpy_w.o(.text)
    __rt_memcpy_w                            0x080092c5   Thumb Code   100  rt_memcpy_w.o(.text)
    _memcpy_lastbytes_aligned                0x0800930d   Thumb Code     0  rt_memcpy_w.o(.text)
    __use_two_region_memory                  0x08009329   Thumb Code     2  heapauxi.o(.text)
    __rt_heap_escrow$2region                 0x0800932b   Thumb Code     2  heapauxi.o(.text)
    __rt_heap_expand$2region                 0x0800932d   Thumb Code     2  heapauxi.o(.text)
    __user_setup_stackheap                   0x0800932f   Thumb Code    74  sys_stackheap_outer.o(.text)
    exit                                     0x08009379   Thumb Code    12  exit.o(.text)
    __user_libspace                          0x08009385   Thumb Code     8  libspace.o(.text)
    __user_perproc_libspace                  0x08009385   Thumb Code     0  libspace.o(.text)
    __user_perthread_libspace                0x08009385   Thumb Code     0  libspace.o(.text)
    _sys_exit                                0x0800938d   Thumb Code     8  sys_exit.o(.text)
    __I$use$semihosting                      0x08009399   Thumb Code     0  use_no_semi.o(.text)
    __use_no_semihosting_swi                 0x08009399   Thumb Code     2  use_no_semi.o(.text)
    __semihosting_library_function           0x0800939b   Thumb Code     0  indicate_semi.o(.text)
    Region$$Table$$Base                      0x080093b0   Number         0  anon$$obj.o(Region$$Table)
    Region$$Table$$Limit                     0x080093d0   Number         0  anon$$obj.o(Region$$Table)
    SystemCoreClock                          0x20000000   Data           4  system_stm32f10x.o(.data)
    AHBPrescTable                            0x20000004   Data          16  system_stm32f10x.o(.data)
    MessageAskEn                             0x20000014   Data           1  can.o(.data)
    ReSendMessageWaitTime                    0x20000016   Data           2  can.o(.data)
    ReSendCantime_ms                         0x20000018   Data           4  can.o(.data)
    mailbox                                  0x2000001c   Data           1  can.o(.data)
    Old_MicSW                                0x2000001d   Data           1  can.o(.data)
    MAN_ZGW                                  0x2000001e   Data           1  can.o(.data)
    Sensor_Cg                                0x2000001f   Data           1  can.o(.data)
    RECIEVGE_TCU_ACK_OK                      0x20000020   Data           1  can.o(.data)
    Failed_Resend_Flag                       0x20000021   Data           1  can.o(.data)
    Queen_Status_Flag                        0x20000022   Data           1  can.o(.data)
    Tran_Status_Flag                         0x20000023   Data           1  can.o(.data)
    ST_Dw                                    0x20000024   Data           1  can.o(.data)
    STARTING_STATION                         0x20000025   Data           1  can.o(.data)
    DESTINATION_STATION                      0x20000026   Data           1  can.o(.data)
    RECIEVE_MODE                             0x20000027   Data           1  can.o(.data)
    ReSendCanCommendTime_ms                  0x20000028   Data           2  can.o(.data)
    Key_press_flag                           0x2000002a   Data           1  key.o(.data)
    KEY1_flag                                0x2000002b   Data           1  key.o(.data)
    KEY2_flag                                0x2000002c   Data           1  key.o(.data)
    KEY3_flag                                0x2000002d   Data           1  key.o(.data)
    KEY4_flag                                0x2000002e   Data           1  key.o(.data)
    KEY5_flag                                0x2000002f   Data           1  key.o(.data)
    KEY6_flag                                0x20000030   Data           1  key.o(.data)
    KEY7_flag                                0x20000031   Data           1  key.o(.data)
    KEY8_flag                                0x20000032   Data           1  key.o(.data)
    TEST_MODE_SAVE                           0x20000033   Data           1  key.o(.data)
    Bottle_Judge_Mode                        0x20000034   Data           1  key.o(.data)
    Bottle_Judge_Record                      0x20000035   Data           1  key.o(.data)
    TEST_MODE                                0x20000036   Data           1  key.o(.data)
    Time_PushRod_Ctrl                        0x20000038   Data           2  key.o(.data)
    Timer_LEDFlash_count                     0x2000003a   Data           2  led.o(.data)
    LED_G_OnTime                             0x2000003c   Data           2  led.o(.data)
    LED_G_OffTime                            0x2000003e   Data           2  led.o(.data)
    LED_G_Ctrl                               0x20000040   Data           1  led.o(.data)
    LED_R_Ctrl                               0x20000041   Data           1  led.o(.data)
    Addnum                                   0x20000044   Data           4  motor.o(.data)
    Pulplus                                  0x20000048   Data           4  motor.o(.data)
    Pipe_Sen_old                             0x2000004c   Data           1  motor.o(.data)
    BadBottle_Reject_timer                   0x2000004e   Data           2  motor.o(.data)
    First_Bootlecaptest                      0x20000050   Data           1  motor.o(.data)
    RFID_FF_ct                               0x20000051   Data           1  sensor.o(.data)
    Status                                   0x20000052   Data           1  sensor.o(.data)
    ATQ                                      0x20000053   Data           2  sensor.o(.data)
    SAK                                      0x20000055   Data           1  sensor.o(.data)
    Len                                      0x20000056   Data           1  sensor.o(.data)
    Bottle_id                                0x20000057   Data           4  sensor.o(.data)
    Bottle_NoRFID                            0x2000005b   Data           1  sensor.o(.data)
    NO_RFID_Bottle                           0x2000005c   Data           1  sensor.o(.data)
    Bottle_Exist                             0x2000005d   Data           1  sensor.o(.data)
    Device_Prop                              0x2000005e   Data           3  sensor.o(.data)
    IC_RevTime                               0x20000062   Data           2  timer.o(.data)
    ReadSensorTime_100ms                     0x20000064   Data           2  timer.o(.data)
    Timer_TestModeFlash                      0x20000066   Data           2  timer.o(.data)
    TestModeFlash_count                      0x20000068   Data           1  timer.o(.data)
    IC_CardNO                                0x2000006a   Data           4  zlg522s.o(.data)
    Coal_SampleID                            0x2000006e   Data           8  zlg522s.o(.data)
    Status1                                  0x20000076   Data           1  zlg522s.o(.data)
    Status2                                  0x20000077   Data           1  zlg522s.o(.data)
    RFID_Hand_OK                             0x20000078   Data           1  zlg522s.o(.data)
    BottleRfidId                             0x20000079   Data           4  zlg522s.o(.data)
    ColRfidId                                0x2000007d   Data           8  zlg522s.o(.data)
    ComRfidRecAdd                            0x20000085   Data           1  zlg522s.o(.data)
    ComRfidSuccess                           0x20000086   Data           1  zlg522s.o(.data)
    DelayTimes_ms                            0x20000088   Data           2  zlg522s.o(.data)
    Sensor_SendPosition_old                  0x20000090   Data           1  main_ads16.o(.data)
    Sensor_Bottlefull_old                    0x20000091   Data           1  main_ads16.o(.data)
    System_state                             0x20000092   Data           1  main_ads16.o(.data)
    BottleTop_Pulse                          0x20000094   Data           4  main_ads16.o(.data)
    HighBottle_Pulse                         0x20000098   Data           4  main_ads16.o(.data)
    HighBottle_Pulse_Toplimit                0x2000009c   Data           4  main_ads16.o(.data)
    HighBottle_Pulse_Lowlimit                0x200000a0   Data           4  main_ads16.o(.data)
    ShortBottle_Pulse                        0x200000a4   Data           4  main_ads16.o(.data)
    ShortBottle_Pulse_Toplimit               0x200000a8   Data           4  main_ads16.o(.data)
    ShortBottle_Pulse_Lowlimit               0x200000ac   Data           4  main_ads16.o(.data)
    SendOut_flag                             0x200000b0   Data           1  main_ads16.o(.data)
    ReSendCount                              0x200000b1   Data           1  main_ads16.o(.data)
    ReSendTime                               0x200000b4   Data           4  main_ads16.o(.data)
    Fault_flag                               0x200000b8   Data           1  main_ads16.o(.data)
    Belt_worktime                            0x200000ba   Data           2  main_ads16.o(.data)
    BadBottle_count                          0x200000bc   Data           1  main_ads16.o(.data)
    Aging_Mode                               0x200000bd   Data           1  main_ads16.o(.data)
    Timer_ValveCtrl                          0x200000be   Data           2  main_aes16a.o(.data)
    Timer_FindRFID                           0x200000c0   Data           2  main_aes16d.o(.data)
    IDCard_Configure_Mode                    0x200000c2   Data           1  main_aes16d.o(.data)
    Timer_Configure_10S                      0x200000c4   Data           2  main_aes16d.o(.data)
    ReFindRFID_flag                          0x200000c6   Data           1  main_aes16d.o(.data)
    ReadRFID_String                          0x200000c8   Data           4  main_aes16d.o(.data)
    Timer_RodCtrl                            0x200000cc   Data           2  main_aes16d.o(.data)
    Timer_BottleFull                         0x200000ce   Data           2  main_aes16d.o(.data)
    Old_Sensor_ShortBottle                   0x200000d0   Data           1  main_ams16d.o(.data)
    LongPress_flag                           0x200000d1   Data           1  main_ams16d.o(.data)
    ShortPress_flag                          0x200000d2   Data           1  main_ams16d.o(.data)
    Timer_1ms_flag_AMS16D                    0x200000d3   Data           1  main_ams16d.o(.data)
    Time_PressCount                          0x200000d4   Data           2  main_ams16d.o(.data)
    Sensor_Lock_old                          0x200000d6   Data           1  main_aes16f.o(.data)
    Layer1_BFflag                            0x200000d7   Data           1  main_aes16f.o(.data)
    Layer2_BFflag                            0x200000d8   Data           1  main_aes16f.o(.data)
    Layer3_BFflag                            0x200000d9   Data           1  main_aes16f.o(.data)
    RxMessage                                0x200000f0   Data          20  can.o(.bss)
    TxMessage                                0x20000104   Data          20  can.o(.bss)
    CANTXMEGSS                               0x20000118   Data         108  can.o(.bss)
    CanReSenBuf                              0x20000184   Data          13  can.o(.bss)
    MessageAskData                           0x20000191   Data          17  can.o(.bss)
    SerBfr                                   0x200001a2   Data          72  zlg522s.o(.bss)
    IC_Buffer                                0x200001ea   Data          72  zlg522s.o(.bss)
    SerBfrREC                                0x20000232   Data          72  zlg522s.o(.bss)
    Coal_ID                                  0x2000027a   Data          16  zlg522s.o(.bss)
    ComRfidRecBuff                           0x2000028a   Data          72  zlg522s.o(.bss)
    Record_CardNO                            0x200002d4   Data          20  main_aes16d.o(.bss)
    __libspace_start                         0x200002e8   Data          96  libspace.o(.bss)
    __temporary_stack_top$libspace           0x20000348   Data           0  libspace.o(.bss)



==============================================================================

Memory Map of the image

  Image Entry point : 0x08000131

  Load Region LR_IROM1 (Base: 0x08000000, Size: 0x000094c0, Max: 0x00040000, ABSOLUTE)

    Execution Region ER_IROM1 (Base: 0x08000000, Size: 0x000093d0, Max: 0x00040000, ABSOLUTE)

    Base Addr    Size         Type   Attr      Idx    E Section Name        Object

    0x08000000   0x00000130   Data   RO          980    RESET               startup_stm32f10x_hd.o
    0x08000130   0x00000008   Code   RO          991  * !!!main             c_w.l(__main.o)
    0x08000138   0x00000034   Code   RO         1145    !!!scatter          c_w.l(__scatter.o)
    0x0800016c   0x0000001a   Code   RO         1147    !!handler_copy      c_w.l(__scatter_copy.o)
    0x08000186   0x00000002   PAD
    0x08000188   0x0000001c   Code   RO         1149    !!handler_zi        c_w.l(__scatter_zi.o)
    0x080001a4   0x00000002   Code   RO         1018    .ARM.Collect$$libinit$$00000000  c_w.l(libinit.o)
    0x080001a6   0x00000000   Code   RO         1025    .ARM.Collect$$libinit$$00000002  c_w.l(libinit2.o)
    0x080001a6   0x00000000   Code   RO         1028    .ARM.Collect$$libinit$$00000008  c_w.l(libinit2.o)
    0x080001a6   0x00000000   Code   RO         1030    .ARM.Collect$$libinit$$0000000A  c_w.l(libinit2.o)
    0x080001a6   0x00000000   Code   RO         1032    .ARM.Collect$$libinit$$0000000C  c_w.l(libinit2.o)
    0x080001a6   0x00000000   Code   RO         1035    .ARM.Collect$$libinit$$0000000F  c_w.l(libinit2.o)
    0x080001a6   0x00000000   Code   RO         1037    .ARM.Collect$$libinit$$00000011  c_w.l(libinit2.o)
    0x080001a6   0x00000000   Code   RO         1039    .ARM.Collect$$libinit$$00000013  c_w.l(libinit2.o)
    0x080001a6   0x00000000   Code   RO         1041    .ARM.Collect$$libinit$$00000015  c_w.l(libinit2.o)
    0x080001a6   0x00000000   Code   RO         1043    .ARM.Collect$$libinit$$00000017  c_w.l(libinit2.o)
    0x080001a6   0x00000000   Code   RO         1045    .ARM.Collect$$libinit$$00000019  c_w.l(libinit2.o)
    0x080001a6   0x00000000   Code   RO         1047    .ARM.Collect$$libinit$$0000001B  c_w.l(libinit2.o)
    0x080001a6   0x00000000   Code   RO         1049    .ARM.Collect$$libinit$$0000001D  c_w.l(libinit2.o)
    0x080001a6   0x00000000   Code   RO         1051    .ARM.Collect$$libinit$$0000001F  c_w.l(libinit2.o)
    0x080001a6   0x00000000   Code   RO         1053    .ARM.Collect$$libinit$$00000021  c_w.l(libinit2.o)
    0x080001a6   0x00000000   Code   RO         1055    .ARM.Collect$$libinit$$00000023  c_w.l(libinit2.o)
    0x080001a6   0x00000000   Code   RO         1059    .ARM.Collect$$libinit$$0000002A  c_w.l(libinit2.o)
    0x080001a6   0x00000000   Code   RO         1061    .ARM.Collect$$libinit$$0000002C  c_w.l(libinit2.o)
    0x080001a6   0x00000000   Code   RO         1063    .ARM.Collect$$libinit$$0000002E  c_w.l(libinit2.o)
    0x080001a6   0x00000000   Code   RO         1065    .ARM.Collect$$libinit$$00000030  c_w.l(libinit2.o)
    0x080001a6   0x00000002   Code   RO         1066    .ARM.Collect$$libinit$$00000031  c_w.l(libinit2.o)
    0x080001a8   0x00000002   Code   RO         1086    .ARM.Collect$$libshutdown$$00000000  c_w.l(libshutdown.o)
    0x080001aa   0x00000000   Code   RO         1100    .ARM.Collect$$libshutdown$$00000003  c_w.l(libshutdown2.o)
    0x080001aa   0x00000000   Code   RO         1103    .ARM.Collect$$libshutdown$$00000006  c_w.l(libshutdown2.o)
    0x080001aa   0x00000000   Code   RO         1106    .ARM.Collect$$libshutdown$$00000009  c_w.l(libshutdown2.o)
    0x080001aa   0x00000000   Code   RO         1108    .ARM.Collect$$libshutdown$$0000000B  c_w.l(libshutdown2.o)
    0x080001aa   0x00000000   Code   RO         1111    .ARM.Collect$$libshutdown$$0000000E  c_w.l(libshutdown2.o)
    0x080001aa   0x00000002   Code   RO         1112    .ARM.Collect$$libshutdown$$0000000F  c_w.l(libshutdown2.o)
    0x080001ac   0x00000000   Code   RO          993    .ARM.Collect$$rtentry$$00000000  c_w.l(rtentry.o)
    0x080001ac   0x00000000   Code   RO          995    .ARM.Collect$$rtentry$$00000002  c_w.l(rtentry2.o)
    0x080001ac   0x00000006   Code   RO         1007    .ARM.Collect$$rtentry$$00000004  c_w.l(rtentry4.o)
    0x080001b2   0x00000000   Code   RO          997    .ARM.Collect$$rtentry$$00000009  c_w.l(rtentry2.o)
    0x080001b2   0x00000004   Code   RO          998    .ARM.Collect$$rtentry$$0000000A  c_w.l(rtentry2.o)
    0x080001b6   0x00000000   Code   RO         1000    .ARM.Collect$$rtentry$$0000000C  c_w.l(rtentry2.o)
    0x080001b6   0x00000008   Code   RO         1001    .ARM.Collect$$rtentry$$0000000D  c_w.l(rtentry2.o)
    0x080001be   0x00000002   Code   RO         1022    .ARM.Collect$$rtexit$$00000000  c_w.l(rtexit.o)
    0x080001c0   0x00000000   Code   RO         1068    .ARM.Collect$$rtexit$$00000002  c_w.l(rtexit2.o)
    0x080001c0   0x00000004   Code   RO         1069    .ARM.Collect$$rtexit$$00000003  c_w.l(rtexit2.o)
    0x080001c4   0x00000006   Code   RO         1070    .ARM.Collect$$rtexit$$00000004  c_w.l(rtexit2.o)
    0x080001ca   0x00000002   PAD
    0x080001cc   0x00000070   Code   RO            1    .text               main.o
    0x0800023c   0x0000001a   Code   RO          143    .text               stm32f10x_it.o
    0x08000256   0x00000002   PAD
    0x08000258   0x000001dc   Code   RO          158    .text               system_stm32f10x.o
    0x08000434   0x00000070   Code   RO          176    .text               beep.o
    0x080004a4   0x000002f8   Code   RO          194    .text               can.o
    0x0800079c   0x00000482   Code   RO          214    .text               myiic.o
    0x08000c1e   0x00000002   PAD
    0x08000c20   0x00000670   Code   RO          229    .text               key.o
    0x08001290   0x00000160   Code   RO          262    .text               led.o
    0x080013f0   0x00000c58   Code   RO          280    .text               motor.o
    0x08002048   0x00000064   Code   RO          298    .text               relay.o
    0x080020ac   0x0000070c   Code   RO          310    .text               sensor.o
    0x080027b8   0x00000214   Code   RO          328    .text               timer.o
    0x080029cc   0x00000920   Code   RO          364    .text               zlg522s.o
    0x080032ec   0x000001a8   Code   RO          387    .text               sys_init.o
    0x08003494   0x000000d0   Code   RO          399    .text               delay.o
    0x08003564   0x0000003c   Code   RO          413    .text               sys.o
    0x080035a0   0x00000814   Code   RO          429    .text               main_ads16.o
    0x08003db4   0x00000528   Code   RO          450    .text               can_ads16.o
    0x080042dc   0x000003a0   Code   RO          466    .text               main_aes16a.o
    0x0800467c   0x00000504   Code   RO          487    .text               can_aes16a.o
    0x08004b80   0x00000514   Code   RO          503    .text               main_aes16d.o
    0x08005094   0x00000514   Code   RO          525    .text               can_aes16d.o
    0x080055a8   0x00000358   Code   RO          541    .text               main_ams16d.o
    0x08005900   0x00000520   Code   RO          559    .text               can_ams16d.o
    0x08005e20   0x000005d8   Code   RO          574    .text               main_aes16f.o
    0x080063f8   0x00000574   Code   RO          595    .text               can_aes16f.o
    0x0800696c   0x00000098   Code   RO          611    .text               main_ams16b.o
    0x08006a04   0x00000474   Code   RO          626    .text               can_ams16b.o
    0x08006e78   0x000000dc   Code   RO          641    .text               misc.o
    0x08006f54   0x00000a10   Code   RO          683    .text               stm32f10x_can.o
    0x08007964   0x00000358   Code   RO          815    .text               stm32f10x_gpio.o
    0x08007cbc   0x000003a4   Code   RO          869    .text               stm32f10x_rcc.o
    0x08008060   0x00000e1a   Code   RO          928    .text               stm32f10x_tim.o
    0x08008e7a   0x00000002   PAD
    0x08008e7c   0x00000408   Code   RO          940    .text               stm32f10x_usart.o
    0x08009284   0x00000040   Code   RO          981    .text               startup_stm32f10x_hd.o
    0x080092c4   0x00000064   Code   RO          987    .text               c_w.l(rt_memcpy_w.o)
    0x08009328   0x00000006   Code   RO          989    .text               c_w.l(heapauxi.o)
    0x0800932e   0x0000004a   Code   RO         1009    .text               c_w.l(sys_stackheap_outer.o)
    0x08009378   0x0000000c   Code   RO         1011    .text               c_w.l(exit.o)
    0x08009384   0x00000008   Code   RO         1019    .text               c_w.l(libspace.o)
    0x0800938c   0x0000000c   Code   RO         1078    .text               c_w.l(sys_exit.o)
    0x08009398   0x00000002   Code   RO         1089    .text               c_w.l(use_no_semi.o)
    0x0800939a   0x00000000   Code   RO         1091    .text               c_w.l(indicate_semi.o)
    0x0800939a   0x00000002   PAD
    0x0800939c   0x00000012   Data   RO          366    .constdata          zlg522s.o
    0x080093ae   0x00000002   PAD
    0x080093b0   0x00000020   Data   RO         1143    Region$$Table       anon$$obj.o


    Execution Region RW_IRAM1 (Base: 0x20000000, Size: 0x00000948, Max: 0x0000c000, ABSOLUTE)

    Base Addr    Size         Type   Attr      Idx    E Section Name        Object

    0x20000000   0x00000014   Data   RW          159    .data               system_stm32f10x.o
    0x20000014   0x00000016   Data   RW          196    .data               can.o
    0x2000002a   0x00000010   Data   RW          230    .data               key.o
    0x2000003a   0x00000008   Data   RW          263    .data               led.o
    0x20000042   0x00000002   PAD
    0x20000044   0x0000000d   Data   RW          281    .data               motor.o
    0x20000051   0x00000010   Data   RW          311    .data               sensor.o
    0x20000061   0x00000001   PAD
    0x20000062   0x00000007   Data   RW          329    .data               timer.o
    0x20000069   0x00000001   PAD
    0x2000006a   0x00000020   Data   RW          367    .data               zlg522s.o
    0x2000008a   0x00000004   Data   RW          400    .data               delay.o
    0x2000008e   0x00000002   PAD
    0x20000090   0x0000002e   Data   RW          430    .data               main_ads16.o
    0x200000be   0x00000002   Data   RW          467    .data               main_aes16a.o
    0x200000c0   0x00000010   Data   RW          505    .data               main_aes16d.o
    0x200000d0   0x00000006   Data   RW          542    .data               main_ams16d.o
    0x200000d6   0x00000004   Data   RW          575    .data               main_aes16f.o
    0x200000da   0x00000014   Data   RW          870    .data               stm32f10x_rcc.o
    0x200000ee   0x00000002   PAD
    0x200000f0   0x000000b2   Zero   RW          195    .bss                can.o
    0x200001a2   0x00000130   Zero   RW          365    .bss                zlg522s.o
    0x200002d2   0x00000002   PAD
    0x200002d4   0x00000014   Zero   RW          504    .bss                main_aes16d.o
    0x200002e8   0x00000060   Zero   RW         1020    .bss                c_w.l(libspace.o)
    0x20000348   0x00000200   Zero   RW          979    HEAP                startup_stm32f10x_hd.o
    0x20000548   0x00000400   Zero   RW          978    STACK               startup_stm32f10x_hd.o


==============================================================================

Image component sizes


      Code (inc. data)   RO Data    RW Data    ZI Data      Debug   Object Name

       112         18          0          0          0        701   beep.o
       760         44          0         22        178       5732   can.o
      1320         96          0          0          0       2069   can_ads16.o
      1284         84          0          0          0       2052   can_aes16a.o
      1300         84          0          0          0       2068   can_aes16d.o
      1396         88          0          0          0       2128   can_aes16f.o
      1140         78          0          0          0       1972   can_ams16b.o
      1312         88          0          0          0       2072   can_ams16d.o
         0          0          0          0          0         32   core_cm3.o
       208         18          0          4          0        943   delay.o
      1648        182          0         16          0       2339   key.o
       352         32          0          8          0       1119   led.o
       112          4          0          0          0     261155   main.o
      2068        220          0         46          0       3696   main_ads16.o
       928         70          0          2          0       1317   main_aes16a.o
      1300        138          0         16         20       2346   main_aes16d.o
      1496        136          0          4          0       1998   main_aes16f.o
       152         26          0          0          0        886   main_ams16b.o
       856         92          0          6          0       2133   main_ams16d.o
       220         20          0          0          0       1793   misc.o
      3160        182          0         13          0       5090   motor.o
      1154         24          0          0          0       4929   myiic.o
       100         22          0          0          0        579   relay.o
      1804        116          0         16          0       4264   sensor.o
        64         26        304          0       1536        840   startup_stm32f10x_hd.o
      2576         36          0          0          0       7868   stm32f10x_can.o
       856         40          0          0          0       5633   stm32f10x_gpio.o
        26          0          0          0          0       1162   stm32f10x_it.o
       932         44          0         20          0       8784   stm32f10x_rcc.o
      3610         88          0          0          0      22124   stm32f10x_tim.o
      1032         22          0          0          0       8364   stm32f10x_usart.o
        60         10          0          0          0      15777   sys.o
       424         22          0          0          0        787   sys_init.o
       476         36          0         20          0       1691   system_stm32f10x.o
       532         50          0          7          0       1704   timer.o
      2336         96         18         32        304       7157   zlg522s.o

    ----------------------------------------------------------------------
     37112       2332        356        240       2040     395304   Object Totals
         0          0         32          0          0          0   (incl. Generated)
         6          0          2          8          2          0   (incl. Padding)

    ----------------------------------------------------------------------

      Code (inc. data)   RO Data    RW Data    ZI Data      Debug   Library Member Name

         8          0          0          0          0         68   __main.o
        52          8          0          0          0          0   __scatter.o
        26          0          0          0          0          0   __scatter_copy.o
        28          0          0          0          0          0   __scatter_zi.o
        12          0          0          0          0         72   exit.o
         6          0          0          0          0        152   heapauxi.o
         0          0          0          0          0          0   indicate_semi.o
         2          0          0          0          0          0   libinit.o
         2          0          0          0          0          0   libinit2.o
         2          0          0          0          0          0   libshutdown.o
         2          0          0          0          0          0   libshutdown2.o
         8          4          0          0         96         68   libspace.o
       100          0          0          0          0         80   rt_memcpy_w.o
         0          0          0          0          0          0   rtentry.o
        12          0          0          0          0          0   rtentry2.o
         6          0          0          0          0          0   rtentry4.o
         2          0          0          0          0          0   rtexit.o
        10          0          0          0          0          0   rtexit2.o
        12          4          0          0          0         68   sys_exit.o
        74          0          0          0          0         80   sys_stackheap_outer.o
         2          0          0          0          0         68   use_no_semi.o

    ----------------------------------------------------------------------
       372         16          0          0         96        656   Library Totals
         6          0          0          0          0          0   (incl. Padding)

    ----------------------------------------------------------------------

      Code (inc. data)   RO Data    RW Data    ZI Data      Debug   Library Name

       366         16          0          0         96        656   c_w.l

    ----------------------------------------------------------------------
       372         16          0          0         96        656   Library Totals

    ----------------------------------------------------------------------

==============================================================================


      Code (inc. data)   RO Data    RW Data    ZI Data      Debug   

     37484       2348        356        240       2136     392788   Grand Totals
     37484       2348        356        240       2136     392788   ELF Image Totals
     37484       2348        356        240          0          0   ROM Totals

==============================================================================

    Total RO  Size (Code + RO Data)                37840 (  36.95kB)
    Total RW  Size (RW Data + ZI Data)              2376 (   2.32kB)
    Total ROM Size (Code + RO Data + RW Data)      38080 (  37.19kB)

==============================================================================

