Component: ARM Compiler 5.06 update 5 (build 528) Tool: armlink [4d35e2]

==============================================================================

Section Cross References

    main.o(.text) refers to sys_init.o(.text) for Sys_Init
    main.o(.text) refers to pwm.o(.text) for Axis_Ultra_Limit
    main.o(.text) refers to action_status.o(.text) for Axis_Z_Aid_Coordinate
    main.o(.text) refers to network.o(.text) for Uart_Analysis
    main.o(.text) refers to key.o(.text) for Key_Deal
    main.o(.text) refers to lcd_rs232.o(.text) for SURE_REC_UART2_Analyze
    main.o(.text) refers to beep.o(.text) for Beep
    main.o(.text) refers to memseta.o(.text) for __aeabi_memclr
    main.o(.text) refers to stm32f10x_usart.o(.text) for USART_Cmd
    main.o(.text) refers to timer.o(.data) for Timer_1ms_flag
    main.o(.text) refers to pwm.o(.bss) for Action
    main.o(.text) refers to network.o(.data) for Cache_Cnt
    main.o(.text) refers to network.o(.bss) for Uart3
    system_stm32f10x.o(.text) refers to system_stm32f10x.o(.data) for SystemCoreClock
    beep.o(.text) refers to delay.o(.text) for delay_ms
    key.o(.text) refers to stm32f10x_rcc.o(.text) for RCC_APB2PeriphClockCmd
    key.o(.text) refers to stm32f10x_gpio.o(.text) for GPIO_Init
    key.o(.text) refers to delay.o(.text) for delay_ms
    key.o(.text) refers to pwm.o(.text) for StepMotorCtrl_Pulse
    key.o(.text) refers to beep.o(.text) for Beep
    key.o(.text) refers to 24c256.o(.text) for I2C_PageWrite
    key.o(.text) refers to key.o(.data) for Key_press_flag
    key.o(.text) refers to action_status.o(.data) for Aid_Z
    key.o(.text) refers to lcd_rs232.o(.data) for Change_X_Zero_Pluse
    key.o(.text) refers to pwm.o(.data) for X_Zero_Pluse
    led.o(.text) refers to stm32f10x_rcc.o(.text) for RCC_APB2PeriphClockCmd
    led.o(.text) refers to stm32f10x_gpio.o(.text) for GPIO_Init
    timer.o(.text) refers to stm32f10x_rcc.o(.text) for RCC_APB1PeriphClockCmd
    timer.o(.text) refers to stm32f10x_tim.o(.text) for TIM_TimeBaseInit
    timer.o(.text) refers to misc.o(.text) for NVIC_Init
    timer.o(.text) refers to cfcmple.o(.text) for __aeabi_cfcmple
    timer.o(.text) refers to ffltui.o(.text) for __aeabi_ui2f
    timer.o(.text) refers to fmul.o(.text) for __aeabi_fmul
    timer.o(.text) refers to fdiv.o(.text) for __aeabi_fdiv
    timer.o(.text) refers to fadd.o(.text) for __aeabi_fadd
    timer.o(.text) refers to cfrcmple.o(.text) for __aeabi_cfrcmple
    timer.o(.text) refers to key.o(.data) for TEST_MODE
    timer.o(.text) refers to timer.o(.data) for TestModeFlash_count
    timer.o(.text) refers to pwm.o(.bss) for Axis_X
    timer.o(.text) refers to pwm.o(.text) for PWMCtrl_ARRCount
    timer.o(.text) refers to action_status.o(.text) for Action_Stop
    timer.o(.text) refers to network.o(.text) for Uart_Send
    timer.o(.text) refers to delay.o(.text) for delay_ms
    timer.o(.text) refers to wdg.o(.text) for IWDG_Feed
    timer.o(.text) refers to stm32f10x_usart.o(.text) for USART_Cmd
    timer.o(.text) refers to action_status.o(.data) for XYZ_To_Zero
    timer.o(.text) refers to network.o(.data) for Reset_Flag
    wdg.o(.text) refers to stm32f10x_iwdg.o(.text) for IWDG_WriteAccessCmd
    sys_init.o(.text) refers to delay.o(.text) for delay_init
    sys_init.o(.text) refers to led.o(.text) for LED_Init
    sys_init.o(.text) refers to beep.o(.text) for Beep_Init
    sys_init.o(.text) refers to key.o(.text) for KEY_Init
    sys_init.o(.text) refers to output.o(.text) for GPIO_OutPut_Init
    sys_init.o(.text) refers to input.o(.text) for GPIO_InPut_Init
    sys_init.o(.text) refers to pwm.o(.text) for PWM_Init
    sys_init.o(.text) refers to network.o(.text) for USART3_Init
    sys_init.o(.text) refers to lcd_rs232.o(.text) for USART2_Init
    sys_init.o(.text) refers to sys.o(.text) for NVIC_Configuration
    sys_init.o(.text) refers to timer.o(.text) for TIM3_Int_Init
    sys_init.o(.text) refers to 24c256.o(.text) for IIC_Init
    sys_init.o(.text) refers to wdg.o(.text) for IWDG_Init
    sys_init.o(.text) refers to ddiv.o(.text) for __aeabi_ddiv
    sys_init.o(.text) refers to dfltui.o(.text) for __aeabi_ui2d
    sys_init.o(.text) refers to dadd.o(.text) for __aeabi_dsub
    sys_init.o(.text) refers to dfixui.o(.text) for __aeabi_d2uiz
    sys_init.o(.text) refers to laser.o(.data) for Uart2_Mode
    sys_init.o(.text) refers to network.o(.data) for Reset_Flag
    sys_init.o(.text) refers to lcd_rs232.o(.data) for Change_X_Zero_Pluse
    sys_init.o(.text) refers to pwm.o(.data) for X_Zero_Pluse
    sys_init.o(.text) refers to action_status.o(.data) for First_Goods_Height
    delay.o(.text) refers to misc.o(.text) for SysTick_CLKSourceConfig
    delay.o(.text) refers to system_stm32f10x.o(.data) for SystemCoreClock
    delay.o(.text) refers to delay.o(.data) for fac_us
    sys.o(.text) refers to misc.o(.text) for NVIC_SetVectorTable
    output.o(.text) refers to stm32f10x_rcc.o(.text) for RCC_APB2PeriphClockCmd
[...]
    mallocr.o(i.realloc) refers to mvars.o(.data) for __microlib_freelist
    malloca.o(i.__aligned_malloc) refers to mvars.o(.data) for __microlib_freelist_initialised
    malloca.o(i.__aligned_malloc) refers to mvars.o(.data) for __microlib_freelist
    malloca.o(i.__aligned_malloc) refers to startup_stm32f10x_hd.o(HEAP) for __heap_base
    malloca.o(i.__free$memalign) refers to mvars.o(.data) for __microlib_freelist
    malloca.o(i.__malloc$memalign) refers to malloca.o(i.__aligned_malloc) for __aligned_malloc
    mallocra.o(i.__aligned_malloc$realloc) refers to mallocra.o(i.internal_alloc) for internal_alloc
    mallocra.o(i.__aligned_malloc$realloc) refers to mvars.o(.data) for __microlib_freelist_initialised
    mallocra.o(i.__aligned_malloc$realloc) refers to startup_stm32f10x_hd.o(HEAP) for __heap_base
    mallocra.o(i.__aligned_malloc$realloc) refers to mvars.o(.data) for __microlib_freelist
    mallocra.o(i.__free$realloc$memalign) refers to mvars.o(.data) for __microlib_freelist
    mallocra.o(i.__malloc$realloc$memalign) refers to mallocra.o(i.__aligned_malloc$realloc) for __aligned_malloc$realloc
    mallocra.o(i.__realloc$memalign) refers to mallocra.o(i.__free$realloc$memalign) for __free$realloc$memalign
    mallocra.o(i.__realloc$memalign) refers to mallocra.o(i.internal_alloc) for internal_alloc
    mallocra.o(i.__realloc$memalign) refers to mallocra.o(i.__malloc$realloc$memalign) for __malloc$realloc$memalign
    mallocra.o(i.__realloc$memalign) refers to mvars.o(.data) for __microlib_freelist
    mallocra.o(i.internal_alloc) refers to memcpya.o(.text) for __aeabi_memcpy
    mallocra.o(i.internal_alloc) refers to mvars.o(.data) for __microlib_freelist
    fadd.o(.text) refers (Special) to iusefp.o(.text) for __I$use$fp
    fadd.o(.text) refers to fepilogue.o(.text) for _float_epilogue
    fmul.o(.text) refers (Special) to iusefp.o(.text) for __I$use$fp
    fdiv.o(.text) refers (Special) to iusefp.o(.text) for __I$use$fp
    fdiv.o(.text) refers to fepilogue.o(.text) for _float_round
    dadd.o(.text) refers (Special) to iusefp.o(.text) for __I$use$fp
    dadd.o(.text) refers to llshl.o(.text) for __aeabi_llsl
    dadd.o(.text) refers to llsshr.o(.text) for __aeabi_lasr
    dadd.o(.text) refers to depilogue.o(.text) for _double_epilogue
    dmul.o(.text) refers (Special) to iusefp.o(.text) for __I$use$fp
    dmul.o(.text) refers to depilogue.o(.text) for _double_epilogue
    ddiv.o(.text) refers (Special) to iusefp.o(.text) for __I$use$fp
    ddiv.o(.text) refers to depilogue.o(.text) for _double_round
    fflti.o(.text) refers (Special) to iusefp.o(.text) for __I$use$fp
    fflti.o(.text) refers to fepilogue.o(.text) for _float_epilogue
    ffltui.o(.text) refers (Special) to iusefp.o(.text) for __I$use$fp
    ffltui.o(.text) refers to fepilogue.o(.text) for _float_epilogue
    dflti.o(.text) refers (Special) to iusefp.o(.text) for __I$use$fp
    dflti.o(.text) refers to depilogue.o(.text) for _double_epilogue
    dfltui.o(.text) refers (Special) to iusefp.o(.text) for __I$use$fp
    dfltui.o(.text) refers to depilogue.o(.text) for _double_epilogue
    ffixui.o(.text) refers (Special) to iusefp.o(.text) for __I$use$fp
    dfixui.o(.text) refers (Special) to iusefp.o(.text) for __I$use$fp
    dfixui.o(.text) refers to llushr.o(.text) for __aeabi_llsr
    cdcmple.o(.text) refers (Special) to iusefp.o(.text) for __I$use$fp
    d2f.o(.text) refers (Special) to iusefp.o(.text) for __I$use$fp
    d2f.o(.text) refers to fepilogue.o(.text) for _float_round
    cfcmple.o(.text) refers (Special) to iusefp.o(.text) for __I$use$fp
    cfrcmple.o(.text) refers (Special) to iusefp.o(.text) for __I$use$fp
    entry2.o(.ARM.Collect$$$$00000001) refers to entry2.o(.ARM.Collect$$$$00002712) for __lit__00000000
    entry2.o(.ARM.Collect$$$$00002712) refers to startup_stm32f10x_hd.o(STACK) for __initial_sp
    entry2.o(__vectab_stack_and_reset_area) refers to startup_stm32f10x_hd.o(STACK) for __initial_sp
    entry2.o(__vectab_stack_and_reset_area) refers to entry.o(.ARM.Collect$$$$00000000) for __main
    entry5.o(.ARM.Collect$$$$00000004) refers to init.o(.text) for __scatterload
    entry9a.o(.ARM.Collect$$$$0000000B) refers to main.o(.text) for main
    entry9b.o(.ARM.Collect$$$$0000000C) refers to main.o(.text) for main
    depilogue.o(.text) refers to llshl.o(.text) for __aeabi_llsl
    depilogue.o(.text) refers to llushr.o(.text) for __aeabi_llsr
    init.o(.text) refers to entry5.o(.ARM.Collect$$$$00000004) for __main_after_scatterload


==============================================================================

Removing Unused input sections from the image.

    Removing beep.o(.data), (5 bytes).
    Removing led.o(.data), (8 bytes).
    Removing input.o(.data), (4 bytes).
    Removing i2c.o(.text), (288 bytes).
    Removing auto_locate.o(.text), (824 bytes).
    Removing laser.o(.text), (440 bytes).
    Removing stm32f10x_adc.o(.text), (1102 bytes).
    Removing stm32f10x_bkp.o(.text), (196 bytes).
    Removing stm32f10x_can.o(.text), (2580 bytes).
    Removing stm32f10x_cec.o(.text), (288 bytes).
    Removing stm32f10x_crc.o(.text), (72 bytes).
    Removing stm32f10x_dac.o(.text), (396 bytes).
    Removing stm32f10x_dbgmcu.o(.text), (48 bytes).
    Removing stm32f10x_dma.o(.text), (596 bytes).
    Removing stm32f10x_flash.o(.text), (1468 bytes).
    Removing stm32f10x_fsmc.o(.text), (1548 bytes).
    Removing stm32f10x_i2c.o(.text), (1028 bytes).
    Removing stm32f10x_pwr.o(.text), (204 bytes).
    Removing stm32f10x_rtc.o(.text), (328 bytes).
    Removing stm32f10x_sdio.o(.text), (468 bytes).
    Removing stm32f10x_spi.o(.text), (780 bytes).
    Removing stm32f10x_wwdg.o(.text), (136 bytes).
    Removing core_cm3.o(.emb_text), (32 bytes).

23 unused section(s) (total 12839 bytes) removed from the image.

==============================================================================

Image Symbol Table

    Local Symbols

    Symbol Name                              Value     Ov Type        Size  Object(Section)

    ../clib/../cmprslib/zerorunl.c           0x00000000   Number         0  __dczerorl.o ABSOLUTE
    ../clib/microlib/init/entry.s            0x00000000   Number         0  entry7b.o ABSOLUTE
    ../clib/microlib/init/entry.s            0x00000000   Number         0  entry11a.o ABSOLUTE
    ../clib/microlib/init/entry.s            0x00000000   Number         0  entry10b.o ABSOLUTE
    ../clib/microlib/init/entry.s            0x00000000   Number         0  entry10a.o ABSOLUTE
    ../clib/microlib/init/entry.s            0x00000000   Number         0  entry9b.o ABSOLUTE
    ../clib/microlib/init/entry.s            0x00000000   Number         0  entry9a.o ABSOLUTE
    ../clib/microlib/init/entry.s            0x00000000   Number         0  entry8b.o ABSOLUTE
    ../clib/microlib/init/entry.s            0x00000000   Number         0  entry8a.o ABSOLUTE
    ../clib/microlib/init/entry.s            0x00000000   Number         0  entry11b.o ABSOLUTE
    ../clib/microlib/init/entry.s            0x00000000   Number         0  entry7a.o ABSOLUTE
    ../clib/microlib/init/entry.s            0x00000000   Number         0  entry5.o ABSOLUTE
    ../clib/microlib/init/entry.s            0x00000000   Number         0  entry2.o ABSOLUTE
    ../clib/microlib/init/entry.s            0x00000000   Number         0  entry.o ABSOLUTE
    ../clib/microlib/longlong.c              0x00000000   Number         0  llshl.o ABSOLUTE
    ../clib/microlib/longlong.c              0x00000000   Number         0  llsshr.o ABSOLUTE
    ../clib/microlib/longlong.c              0x00000000   Number         0  llushr.o ABSOLUTE
    ../clib/microlib/malloc/malloc.c         0x00000000   Number         0  malloc.o ABSOLUTE
    ../clib/microlib/malloc/malloc.c         0x00000000   Number         0  mallocra.o ABSOLUTE
    ../clib/microlib/malloc/malloc.c         0x00000000   Number         0  mallocr.o ABSOLUTE
    ../clib/microlib/malloc/malloc.c         0x00000000   Number         0  malloca.o ABSOLUTE
    ../clib/microlib/malloc/mvars.c          0x00000000   Number         0  mvars.o ABSOLUTE
    ../clib/microlib/string/memcpy.c         0x00000000   Number         0  memcpyb.o ABSOLUTE
    ../clib/microlib/string/memcpy.c         0x00000000   Number         0  memcpya.o ABSOLUTE
    ../clib/microlib/string/memset.c         0x00000000   Number         0  memseta.o ABSOLUTE
    ../clib/microlib/stubs.s                 0x00000000   Number         0  iusefp.o ABSOLUTE
    ../fplib/microlib/d2f.c                  0x00000000   Number         0  d2f.o ABSOLUTE
    ../fplib/microlib/fpadd.c                0x00000000   Number         0  dadd.o ABSOLUTE
    ../fplib/microlib/fpadd.c                0x00000000   Number         0  fadd.o ABSOLUTE
    ../fplib/microlib/fpdiv.c                0x00000000   Number         0  fdiv.o ABSOLUTE
    ../fplib/microlib/fpdiv.c                0x00000000   Number         0  ddiv.o ABSOLUTE
    ../fplib/microlib/fpepilogue.c           0x00000000   Number         0  depilogue.o ABSOLUTE
    ../fplib/microlib/fpepilogue.c           0x00000000   Number         0  fepilogue.o ABSOLUTE
    ../fplib/microlib/fpfix.c                0x00000000   Number         0  ffixui.o ABSOLUTE
    ../fplib/microlib/fpfix.c                0x00000000   Number         0  dfixui.o ABSOLUTE
    ../fplib/microlib/fpflt.c                0x00000000   Number         0  dfltui.o ABSOLUTE
    ../fplib/microlib/fpflt.c                0x00000000   Number         0  dflti.o ABSOLUTE
    ../fplib/microlib/fpflt.c                0x00000000   Number         0  ffltui.o ABSOLUTE
    ../fplib/microlib/fpflt.c                0x00000000   Number         0  fflti.o ABSOLUTE
    ../fplib/microlib/fpmul.c                0x00000000   Number         0  fmul.o ABSOLUTE
    ../fplib/microlib/fpmul.c                0x00000000   Number         0  dmul.o ABSOLUTE
    ..\CMSIS\CM3\CoreSupport\core_cm3.c      0x00000000   Number         0  core_cm3.o ABSOLUTE
    ..\CMSIS\CM3\DeviceSupport\ST\STM32F10x\startup\arm\startup_stm32f10x_hd.s 0x00000000   Number         0  startup_stm32f10x_hd.o ABSOLUTE
    ..\STM32F10x_StdPeriph_Driver\src\misc.c 0x00000000   Number         0  misc.o ABSOLUTE
    ..\STM32F10x_StdPeriph_Driver\src\stm32f10x_adc.c 0x00000000   Number         0  stm32f10x_adc.o ABSOLUTE
    ..\STM32F10x_StdPeriph_Driver\src\stm32f10x_bkp.c 0x00000000   Number         0  stm32f10x_bkp.o ABSOLUTE
    ..\STM32F10x_StdPeriph_Driver\src\stm32f10x_can.c 0x00000000   Number         0  stm32f10x_can.o ABSOLUTE
    ..\STM32F10x_StdPeriph_Driver\src\stm32f10x_cec.c 0x00000000   Number         0  stm32f10x_cec.o ABSOLUTE
    ..\STM32F10x_StdPeriph_Driver\src\stm32f10x_crc.c 0x00000000   Number         0  stm32f10x_crc.o ABSOLUTE
    ..\STM32F10x_StdPeriph_Driver\src\stm32f10x_dac.c 0x00000000   Number         0  stm32f10x_dac.o ABSOLUTE
    ..\STM32F10x_StdPeriph_Driver\src\stm32f10x_dbgmcu.c 0x00000000   Number         0  stm32f10x_dbgmcu.o ABSOLUTE
    ..\STM32F10x_StdPeriph_Driver\src\stm32f10x_dma.c 0x00000000   Number         0  stm32f10x_dma.o ABSOLUTE
    ..\STM32F10x_StdPeriph_Driver\src\stm32f10x_exti.c 0x00000000   Number         0  stm32f10x_exti.o ABSOLUTE
    ..\STM32F10x_StdPeriph_Driver\src\stm32f10x_flash.c 0x00000000   Number         0  stm32f10x_flash.o ABSOLUTE
    ..\STM32F10x_StdPeriph_Driver\src\stm32f10x_fsmc.c 0x00000000   Number         0  stm32f10x_fsmc.o ABSOLUTE
    ..\STM32F10x_StdPeriph_Driver\src\stm32f10x_gpio.c 0x00000000   Number         0  stm32f10x_gpio.o ABSOLUTE
    ..\STM32F10x_StdPeriph_Driver\src\stm32f10x_i2c.c 0x00000000   Number         0  stm32f10x_i2c.o ABSOLUTE
    ..\STM32F10x_StdPeriph_Driver\src\stm32f10x_iwdg.c 0x00000000   Number         0  stm32f10x_iwdg.o ABSOLUTE
    ..\STM32F10x_StdPeriph_Driver\src\stm32f10x_pwr.c 0x00000000   Number         0  stm32f10x_pwr.o ABSOLUTE
    ..\STM32F10x_StdPeriph_Driver\src\stm32f10x_rcc.c 0x00000000   Number         0  stm32f10x_rcc.o ABSOLUTE
    ..\STM32F10x_StdPeriph_Driver\src\stm32f10x_rtc.c 0x00000000   Number         0  stm32f10x_rtc.o ABSOLUTE
    ..\STM32F10x_StdPeriph_Driver\src\stm32f10x_sdio.c 0x00000000   Number         0  stm32f10x_sdio.o ABSOLUTE
    ..\STM32F10x_StdPeriph_Driver\src\stm32f10x_spi.c 0x00000000   Number         0  stm32f10x_spi.o ABSOLUTE
    ..\STM32F10x_StdPeriph_Driver\src\stm32f10x_tim.c 0x00000000   Number         0  stm32f10x_tim.o ABSOLUTE
    ..\STM32F10x_StdPeriph_Driver\src\stm32f10x_usart.c 0x00000000   Number         0  stm32f10x_usart.o ABSOLUTE
    ..\STM32F10x_StdPeriph_Driver\src\stm32f10x_wwdg.c 0x00000000   Number         0  stm32f10x_wwdg.o ABSOLUTE
    ..\\CMSIS\\CM3\\CoreSupport\\core_cm3.c  0x00000000   Number         0  core_cm3.o ABSOLUTE
    ..\user\24C256\24c256.c                  0x00000000   Number         0  24c256.o ABSOLUTE
    ..\user\Auto_Locate\Auto_Locate.c        0x00000000   Number         0  auto_locate.o ABSOLUTE
    ..\user\Beep\Beep.c                      0x00000000   Number         0  beep.o ABSOLUTE
    ..\user\Input\input.c                    0x00000000   Number         0  input.o ABSOLUTE
    ..\user\Key\Key.c                        0x00000000   Number         0  key.o ABSOLUTE
    ..\user\LCD_RS232\LCD_RS232.c            0x00000000   Number         0  lcd_rs232.o ABSOLUTE
    ..\user\LED\led.c                        0x00000000   Number         0  led.o ABSOLUTE
    ..\user\Laser\Laser.c                    0x00000000   Number         0  laser.o ABSOLUTE
    ..\user\Output\output.c                  0x00000000   Number         0  output.o ABSOLUTE
    ..\user\PWM\pwm.c                        0x00000000   Number         0  pwm.o ABSOLUTE
    ..\user\Sys_Init.c                       0x00000000   Number         0  sys_init.o ABSOLUTE
    ..\user\Timer\timer.c                    0x00000000   Number         0  timer.o ABSOLUTE
    ..\user\WDG\wdg.c                        0x00000000   Number         0  wdg.o ABSOLUTE
    ..\user\actionstatus\Action_Status.c     0x00000000   Number         0  action_status.o ABSOLUTE
    ..\user\delay\delay.c                    0x00000000   Number         0  delay.o ABSOLUTE
    ..\user\i2c-pcf8574\i2c.c                0x00000000   Number         0  i2c.o ABSOLUTE
    ..\user\main.c                           0x00000000   Number         0  main.o ABSOLUTE
    ..\user\network\network.c                0x00000000   Number         0  network.o ABSOLUTE
    ..\user\stm32f10x_it.c                   0x00000000   Number         0  stm32f10x_it.o ABSOLUTE
    ..\user\sys\sys.c                        0x00000000   Number         0  sys.o ABSOLUTE
    ..\user\system_stm32f10x.c               0x00000000   Number         0  system_stm32f10x.o ABSOLUTE
    cdcmple.s                                0x00000000   Number         0  cdcmple.o ABSOLUTE
    cfcmple.s                                0x00000000   Number         0  cfcmple.o ABSOLUTE
    cfrcmple.s                               0x00000000   Number         0  cfrcmple.o ABSOLUTE
    dc.s                                     0x00000000   Number         0  dc.o ABSOLUTE
    handlers.s                               0x00000000   Number         0  handlers.o ABSOLUTE
    init.s                                   0x00000000   Number         0  init.o ABSOLUTE
    RESET                                    0x08000000   Section      304  startup_stm32f10x_hd.o(RESET)
    .ARM.Collect$$$$00000000                 0x08000130   Section        0  entry.o(.ARM.Collect$$$$00000000)
    .ARM.Collect$$$$00000001                 0x08000130   Section        4  entry2.o(.ARM.Collect$$$$00000001)
    .ARM.Collect$$$$00000004                 0x08000134   Section        4  entry5.o(.ARM.Collect$$$$00000004)
    .ARM.Collect$$$$00000008                 0x08000138   Section        0  entry7b.o(.ARM.Collect$$$$00000008)
    .ARM.Collect$$$$0000000A                 0x08000138   Section        0  entry8b.o(.ARM.Collect$$$$0000000A)
    .ARM.Collect$$$$0000000B                 0x08000138   Section        8  entry9a.o(.ARM.Collect$$$$0000000B)
    .ARM.Collect$$$$0000000D                 0x08000140   Section        0  entry10a.o(.ARM.Collect$$$$0000000D)
    .ARM.Collect$$$$0000000F                 0x08000140   Section        0  entry11a.o(.ARM.Collect$$$$0000000F)
    .ARM.Collect$$$$00002712                 0x08000140   Section        4  entry2.o(.ARM.Collect$$$$00002712)
    __lit__00000000                          0x08000140   Data           4  entry2.o(.ARM.Collect$$$$00002712)
    .text                                    0x08000144   Section        0  main.o(.text)
    .text                                    0x08000244   Section        0  stm32f10x_it.o(.text)
    .text                                    0x08000260   Section        0  system_stm32f10x.o(.text)
    SetSysClockTo72                          0x08000261   Thumb Code   214  system_stm32f10x.o(.text)
    SetSysClock                              0x08000337   Thumb Code     8  system_stm32f10x.o(.text)
    .text                                    0x08000440   Section        0  beep.o(.text)
    .text                                    0x080004b0   Section        0  key.o(.text)
    .text                                    0x080008cc   Section        0  led.o(.text)
    .text                                    0x08000900   Section        0  timer.o(.text)
    .text                                    0x08001874   Section        0  wdg.o(.text)
    .text                                    0x080018a0   Section        0  sys_init.o(.text)
    .text                                    0x08001a50   Section        0  delay.o(.text)
    .text                                    0x08001b24   Section        0  sys.o(.text)
    .text                                    0x08001b68   Section        0  output.o(.text)
    .text                                    0x08001c2c   Section        0  pwm.o(.text)
    .text                                    0x08002d80   Section        0  input.o(.text)
    .text                                    0x08002e20   Section        0  action_status.o(.text)
    .text                                    0x080046fc   Section        0  network.o(.text)
    .text                                    0x08005b9c   Section        0  lcd_rs232.o(.text)
    .text                                    0x08006bb4   Section        0  24c256.o(.text)
    .text                                    0x08007198   Section        0  misc.o(.text)
    .text                                    0x08007274   Section        0  stm32f10x_exti.o(.text)
    .text                                    0x08007390   Section        0  stm32f10x_gpio.o(.text)
    .text                                    0x080076ec   Section        0  stm32f10x_iwdg.o(.text)
    .text                                    0x0800772c   Section        0  stm32f10x_rcc.o(.text)
    .text                                    0x08007ad0   Section        0  stm32f10x_tim.o(.text)
    TI4_Config                               0x08007f77   Thumb Code   130  stm32f10x_tim.o(.text)
    TI3_Config                               0x0800800b   Thumb Code   122  stm32f10x_tim.o(.text)
    TI2_Config                               0x0800809f   Thumb Code   130  stm32f10x_tim.o(.text)
    TI1_Config                               0x08008133   Thumb Code   108  stm32f10x_tim.o(.text)
    .text                                    0x080088ec   Section        0  stm32f10x_usart.o(.text)
    .text                                    0x08008cf4   Section       36  startup_stm32f10x_hd.o(.text)
    .text                                    0x08008d18   Section        0  memseta.o(.text)
    .text                                    0x08008d3c   Section        0  fadd.o(.text)
    .text                                    0x08008dec   Section        0  fmul.o(.text)
    .text                                    0x08008e50   Section        0  fdiv.o(.text)
    .text                                    0x08008ecc   Section        0  dadd.o(.text)
    .text                                    0x0800901a   Section        0  dmul.o(.text)
    .text                                    0x080090fe   Section        0  ddiv.o(.text)
    .text                                    0x080091dc   Section        0  fflti.o(.text)
    .text                                    0x080091ee   Section        0  ffltui.o(.text)
    .text                                    0x080091f8   Section        0  dflti.o(.text)
    .text                                    0x0800921a   Section        0  dfltui.o(.text)
    .text                                    0x08009234   Section        0  ffixui.o(.text)
    .text                                    0x0800925c   Section        0  dfixui.o(.text)
    .text                                    0x08009290   Section       48  cdcmple.o(.text)
    .text                                    0x080092c0   Section        0  d2f.o(.text)
    .text                                    0x080092f8   Section       20  cfcmple.o(.text)
    .text                                    0x0800930c   Section       20  cfrcmple.o(.text)
    .text                                    0x08009320   Section        0  llshl.o(.text)
    .text                                    0x0800933e   Section        0  llushr.o(.text)
    .text                                    0x0800935e   Section        0  llsshr.o(.text)
    .text                                    0x08009382   Section        0  iusefp.o(.text)
    .text                                    0x08009382   Section        0  fepilogue.o(.text)
    .text                                    0x080093f0   Section        0  depilogue.o(.text)
    .text                                    0x080094ac   Section       36  init.o(.text)
    .text                                    0x080094d0   Section        0  __dczerorl.o(.text)
    i.__scatterload_copy                     0x0800950a   Section       14  handlers.o(i.__scatterload_copy)
    i.__scatterload_null                     0x08009518   Section        2  handlers.o(i.__scatterload_null)
    i.__scatterload_zeroinit                 0x0800951a   Section       14  handlers.o(i.__scatterload_zeroinit)
    i.free                                   0x08009528   Section        0  malloc.o(i.free)
    i.malloc                                 0x08009578   Section        0  malloc.o(i.malloc)
    .conststring                             0x080095e4   Section        6  laser.o(.conststring)
    .data                                    0x20000000   Section       20  system_stm32f10x.o(.data)
    .data                                    0x20000014   Section       16  key.o(.data)
    .data                                    0x20000024   Section       24  timer.o(.data)
    .data                                    0x2000003c   Section        4  delay.o(.data)
    fac_us                                   0x2000003c   Data           1  delay.o(.data)
    fac_ms                                   0x2000003e   Data           2  delay.o(.data)
    .data                                    0x20000040   Section       56  pwm.o(.data)
    Y_Left_Cnt                               0x20000076   Data           1  pwm.o(.data)
    Y_Right_Cnt                              0x20000077   Data           1  pwm.o(.data)
    .data                                    0x20000078   Section       52  action_status.o(.data)
    .data                                    0x200000ac   Section       13  network.o(.data)
    .data                                    0x200000c0   Section      110  lcd_rs232.o(.data)
    .data                                    0x20000130   Section       13  24c256.o(.data)
    WriteTimes                               0x20000131   Data           1  24c256.o(.data)
    WriteTimes                               0x20000132   Data           1  24c256.o(.data)
    length_temp                              0x20000134   Data           4  24c256.o(.data)
    WriteAddress_temp                        0x20000138   Data           4  24c256.o(.data)
    ReadTimes                                0x2000013c   Data           1  24c256.o(.data)
    .data                                    0x20000140   Section       37  auto_locate.o(.data)
    i                                        0x2000015c   Data           1  auto_locate.o(.data)
    i                                        0x2000015d   Data           1  auto_locate.o(.data)
    sum                                      0x20000160   Data           4  auto_locate.o(.data)
    equal_cnt                                0x20000164   Data           1  auto_locate.o(.data)
    .data                                    0x20000168   Section       25  laser.o(.data)
    .data                                    0x20000181   Section       20  stm32f10x_rcc.o(.data)
    APBAHBPrescTable                         0x20000181   Data          16  stm32f10x_rcc.o(.data)
    ADCPrescTable                            0x20000191   Data           4  stm32f10x_rcc.o(.data)
    .data                                    0x20000198   Section        4  mvars.o(.data)
    .data                                    0x2000019c   Section        4  mvars.o(.data)
    .bss                                     0x200001a0   Section      492  pwm.o(.bss)
    .bss                                     0x2000038c   Section     1360  network.o(.bss)
    .bss                                     0x200008dc   Section      525  lcd_rs232.o(.bss)
    .bss                                     0x20000aec   Section      628  auto_locate.o(.bss)
    HEAP                                     0x20000d60   Section      512  startup_stm32f10x_hd.o(HEAP)
    STACK                                    0x20000f60   Section     1024  startup_stm32f10x_hd.o(STACK)

    Global Symbols

    Symbol Name                              Value     Ov Type        Size  Object(Section)

    BuildAttributes$$THM_ISAv4$P$D$K$B$S$PE$A:L22UL41UL21$X:L11$S22US41US21$IEEE1$IW$USESV6$~STKCKD$USESV7$~SHL$OTIME$ROPI$EBA8$MICROLIB$REQ8$PRES8$EABIv2 0x00000000   Number         0  anon$$obj.o ABSOLUTE
    __ARM_use_no_argv                        0x00000000   Number         0  main.o ABSOLUTE
    __cpp_initialize__aeabi_                  - Undefined Weak Reference
    __cxa_finalize                            - Undefined Weak Reference
    _clock_init                               - Undefined Weak Reference
    _microlib_exit                            - Undefined Weak Reference
    __Vectors_Size                           0x00000130   Number         0  startup_stm32f10x_hd.o ABSOLUTE
    __Vectors                                0x08000000   Data           4  startup_stm32f10x_hd.o(RESET)
    __Vectors_End                            0x08000130   Data           0  startup_stm32f10x_hd.o(RESET)
    __main                                   0x08000131   Thumb Code     0  entry.o(.ARM.Collect$$$$00000000)
    _main_stk                                0x08000131   Thumb Code     0  entry2.o(.ARM.Collect$$$$00000001)
    _main_scatterload                        0x08000135   Thumb Code     0  entry5.o(.ARM.Collect$$$$00000004)
    __main_after_scatterload                 0x08000139   Thumb Code     0  entry5.o(.ARM.Collect$$$$00000004)
    _main_clock                              0x08000139   Thumb Code     0  entry7b.o(.ARM.Collect$$$$00000008)
    _main_cpp_init                           0x08000139   Thumb Code     0  entry8b.o(.ARM.Collect$$$$0000000A)
    _main_init                               0x08000139   Thumb Code     0  entry9a.o(.ARM.Collect$$$$0000000B)
    __rt_final_cpp                           0x08000141   Thumb Code     0  entry10a.o(.ARM.Collect$$$$0000000D)
    __rt_final_exit                          0x08000141   Thumb Code     0  entry11a.o(.ARM.Collect$$$$0000000F)
    main                                     0x08000145   Thumb Code   192  main.o(.text)
    fputc                                    0x08000205   Thumb Code    32  main.o(.text)
    NMI_Handler                              0x08000245   Thumb Code     2  stm32f10x_it.o(.text)
    HardFault_Handler                        0x08000247   Thumb Code     4  stm32f10x_it.o(.text)
    MemManage_Handler                        0x0800024b   Thumb Code     4  stm32f10x_it.o(.text)
    BusFault_Handler                         0x0800024f   Thumb Code     4  stm32f10x_it.o(.text)
    UsageFault_Handler                       0x08000253   Thumb Code     4  stm32f10x_it.o(.text)
    SVC_Handler                              0x08000257   Thumb Code     2  stm32f10x_it.o(.text)
    DebugMon_Handler                         0x08000259   Thumb Code     2  stm32f10x_it.o(.text)
    PendSV_Handler                           0x0800025b   Thumb Code     2  stm32f10x_it.o(.text)
    SysTick_Handler                          0x0800025d   Thumb Code     2  stm32f10x_it.o(.text)
    SystemInit                               0x0800033f   Thumb Code    78  system_stm32f10x.o(.text)
    SystemCoreClockUpdate                    0x0800038d   Thumb Code   142  system_stm32f10x.o(.text)
    Beep_Init                                0x08000441   Thumb Code    42  beep.o(.text)
    Beep                                     0x0800046b   Thumb Code    52  beep.o(.text)
    KEY_Init                                 0x080004b1   Thumb Code    32  key.o(.text)
    Key_Scan                                 0x080004d1   Thumb Code   258  key.o(.text)
    Key_Deal                                 0x080005d3   Thumb Code   584  key.o(.text)
    LED_Init                                 0x080008cd   Thumb Code    46  led.o(.text)
    TIM3_Int_Init                            0x08000901   Thumb Code    90  timer.o(.text)
    TIM2_Int_Init                            0x0800095b   Thumb Code    92  timer.o(.text)
    TIM5_IRQHandler                          0x080009b7   Thumb Code  3684  timer.o(.text)
    TIM2_IRQHandler                          0x0800181b   Thumb Code    22  timer.o(.text)
    IWDG_Init                                0x08001875   Thumb Code    36  wdg.o(.text)
    IWDG_Feed                                0x08001899   Thumb Code     8  wdg.o(.text)
    Sys_Init                                 0x080018a1   Thumb Code   288  sys_init.o(.text)
    delay_init                               0x08001a51   Thumb Code    50  delay.o(.text)
    delay_us                                 0x08001a83   Thumb Code    72  delay.o(.text)
    delay_ms                                 0x08001acb   Thumb Code    72  delay.o(.text)
    NVIC_Configuration                       0x08001b25   Thumb Code    22  sys.o(.text)
    System_SoftReset                         0x08001b3b   Thumb Code    38  sys.o(.text)
    GPIO_OutPut_Init                         0x08001b69   Thumb Code   176  output.o(.text)
    PWM_Init                                 0x08001c2d   Thumb Code   666  pwm.o(.text)
    PWMCtrl_ARRCount                         0x08001ec7   Thumb Code    56  pwm.o(.text)
    PWM_Set_X                                0x08001eff   Thumb Code    44  pwm.o(.text)
    PWM_Set_Y                                0x08001f2b   Thumb Code    46  pwm.o(.text)
    PWM_Set_Z                                0x08001f59   Thumb Code    46  pwm.o(.text)
    StepMotorCtrl_Pulse                      0x08001f87   Thumb Code  1424  pwm.o(.text)
    Motor_MoveToPosition                     0x08002517   Thumb Code   250  pwm.o(.text)
    Tray_Limit_Contr                         0x08002611   Thumb Code   498  pwm.o(.text)
    StepMotorCtrl_Zero_Pulse                 0x08002803   Thumb Code    26  pwm.o(.text)
    Axis_Ultra_Limit                         0x0800281d   Thumb Code   330  pwm.o(.text)
    Uniform_Speed_Advance                    0x08002967   Thumb Code    94  pwm.o(.text)
    Motor_BackToZero                         0x080029c5   Thumb Code   256  pwm.o(.text)
    EXTI1_IRQHandler                         0x08002ac5   Thumb Code   212  pwm.o(.text)
    EXTI0_IRQHandler                         0x08002b99   Thumb Code   144  pwm.o(.text)
    EXTI4_IRQHandler                         0x08002c29   Thumb Code   338  pwm.o(.text)
    GPIO_InPut_Init                          0x08002d81   Thumb Code   142  input.o(.text)
    Send_Sensor_Status                       0x08002e0f   Thumb Code     2  input.o(.text)
    Action_Stop                              0x08002e21   Thumb Code   116  action_status.o(.text)
    Tray_Put_Box                             0x08002e95   Thumb Code   528  action_status.o(.text)
    XZ_Run                                   0x080030a5   Thumb Code    76  action_status.o(.text)
    Length_High_LimCtl                       0x080030f1   Thumb Code    34  action_status.o(.text)
    Tray_Get_Box                             0x08003113   Thumb Code   692  action_status.o(.text)
    Get_Box                                  0x080033c7   Thumb Code   998  action_status.o(.text)
    Put_Box                                  0x080037ad   Thumb Code  1078  action_status.o(.text)
    Axis_Move_Alone                          0x08003be3   Thumb Code   232  action_status.o(.text)
    XYZ_BackZero                             0x08003ccb   Thumb Code   628  action_status.o(.text)
    Get_PutBox_Analysis                      0x08003f3f   Thumb Code    30  action_status.o(.text)
    Arrive_Analysis                          0x08003f5d   Thumb Code   100  action_status.o(.text)
    Put_Box_Analysis                         0x08003fc1   Thumb Code   116  action_status.o(.text)
    Get_Box_Analysis                         0x08004035   Thumb Code   116  action_status.o(.text)
    Auto_Rest                                0x080040a9   Thumb Code    12  action_status.o(.text)
    Axis_Z_Aid_Coordinate                    0x080040b5   Thumb Code   400  action_status.o(.text)
    AidZLocatEmg                             0x08004245   Thumb Code    50  action_status.o(.text)
    Axis_X_Demarcate                         0x08004277   Thumb Code  1158  action_status.o(.text)
    USART3_Init                              0x080046fd   Thumb Code   196  network.o(.text)
    Uart_Send                                0x080047c1   Thumb Code   230  network.o(.text)
    Net_Analysis                             0x080048a7   Thumb Code  2326  network.o(.text)
    Uart_Analysis                            0x080051bd   Thumb Code   554  network.o(.text)
    USART3_IRQHandler                        0x080053e7   Thumb Code  1962  network.o(.text)
    USART2_Init                              0x08005b9d   Thumb Code   168  lcd_rs232.o(.text)
    USART2_printf_str                        0x08005c45   Thumb Code    28  lcd_rs232.o(.text)
    USART2_IRQHandler                        0x08005c61   Thumb Code  1038  lcd_rs232.o(.text)
    Uart2AskBytes                            0x0800606f   Thumb Code    64  lcd_rs232.o(.text)
    ChangePage                               0x080060af   Thumb Code    54  lcd_rs232.o(.text)
    REC_UART2_Analyze                        0x080060e5   Thumb Code  2090  lcd_rs232.o(.text)
    SURE_REC_UART2_Analyze                   0x0800690f   Thumb Code   216  lcd_rs232.o(.text)
    Set_Variable                             0x080069e7   Thumb Code    86  lcd_rs232.o(.text)
    PE7OUTPUT                                0x08006a3d   Thumb Code    58  lcd_rs232.o(.text)
    PE7INPUT                                 0x08006a77   Thumb Code    34  lcd_rs232.o(.text)
    All_I2C_Read                             0x08006a99   Thumb Code   164  lcd_rs232.o(.text)
    HexToBcd                                 0x08006b3d   Thumb Code    22  lcd_rs232.o(.text)
    I2C_delay                                0x08006bb5   Thumb Code    14  24c256.o(.text)
    IIC_Init                                 0x08006bc3   Thumb Code    32  24c256.o(.text)
    I2C_Start                                0x08006be3   Thumb Code    62  24c256.o(.text)
    I2C_Stop                                 0x08006c21   Thumb Code    60  24c256.o(.text)
    I2C_Ack                                  0x08006c5d   Thumb Code    46  24c256.o(.text)
    I2C_NoAck                                0x08006c8b   Thumb Code    50  24c256.o(.text)
    I2C_WaitAck                              0x08006cbd   Thumb Code    88  24c256.o(.text)
    I2C_SendByte                             0x08006d15   Thumb Code    88  24c256.o(.text)
    I2C_ReceiveByte                          0x08006d6d   Thumb Code    86  24c256.o(.text)
    I2C_BufferWrite_Onebyte                  0x08006dc3   Thumb Code   154  24c256.o(.text)
    I2C_BufferWrite                          0x08006e5d   Thumb Code   202  24c256.o(.text)
    I2C_PageWrite                            0x08006f27   Thumb Code   440  24c256.o(.text)
    I2C_ReadByte                             0x080070df   Thumb Code   176  24c256.o(.text)
    NVIC_PriorityGroupConfig                 0x08007199   Thumb Code    10  misc.o(.text)
    NVIC_Init                                0x080071a3   Thumb Code   100  misc.o(.text)
    NVIC_SetVectorTable                      0x08007207   Thumb Code    14  misc.o(.text)
    NVIC_SystemLPConfig                      0x08007215   Thumb Code    34  misc.o(.text)
    SysTick_CLKSourceConfig                  0x08007237   Thumb Code    40  misc.o(.text)
    EXTI_DeInit                              0x08007275   Thumb Code    28  stm32f10x_exti.o(.text)
    EXTI_Init                                0x08007291   Thumb Code   142  stm32f10x_exti.o(.text)
    EXTI_StructInit                          0x0800731f   Thumb Code    16  stm32f10x_exti.o(.text)
    EXTI_GenerateSWInterrupt                 0x0800732f   Thumb Code    16  stm32f10x_exti.o(.text)
    EXTI_GetFlagStatus                       0x0800733f   Thumb Code    22  stm32f10x_exti.o(.text)
    EXTI_ClearFlag                           0x08007355   Thumb Code     8  stm32f10x_exti.o(.text)
    EXTI_GetITStatus                         0x0800735d   Thumb Code    34  stm32f10x_exti.o(.text)
    EXTI_ClearITPendingBit                   0x0800737f   Thumb Code     8  stm32f10x_exti.o(.text)
    GPIO_DeInit                              0x08007391   Thumb Code   172  stm32f10x_gpio.o(.text)
    GPIO_AFIODeInit                          0x0800743d   Thumb Code    20  stm32f10x_gpio.o(.text)
    GPIO_Init                                0x08007451   Thumb Code   278  stm32f10x_gpio.o(.text)
    GPIO_StructInit                          0x08007567   Thumb Code    16  stm32f10x_gpio.o(.text)
    GPIO_ReadInputDataBit                    0x08007577   Thumb Code    18  stm32f10x_gpio.o(.text)
    GPIO_ReadInputData                       0x08007589   Thumb Code     8  stm32f10x_gpio.o(.text)
    GPIO_ReadOutputDataBit                   0x08007591   Thumb Code    18  stm32f10x_gpio.o(.text)
    GPIO_ReadOutputData                      0x080075a3   Thumb Code     8  stm32f10x_gpio.o(.text)
    GPIO_SetBits                             0x080075ab   Thumb Code     4  stm32f10x_gpio.o(.text)
    GPIO_ResetBits                           0x080075af   Thumb Code     4  stm32f10x_gpio.o(.text)
    GPIO_WriteBit                            0x080075b3   Thumb Code    10  stm32f10x_gpio.o(.text)
    GPIO_Write                               0x080075bd   Thumb Code     4  stm32f10x_gpio.o(.text)
    GPIO_PinLockConfig                       0x080075c1   Thumb Code    18  stm32f10x_gpio.o(.text)
    GPIO_EventOutputConfig                   0x080075d3   Thumb Code    26  stm32f10x_gpio.o(.text)
    GPIO_EventOutputCmd                      0x080075ed   Thumb Code     6  stm32f10x_gpio.o(.text)
    GPIO_PinRemapConfig                      0x080075f3   Thumb Code   138  stm32f10x_gpio.o(.text)
    GPIO_EXTILineConfig                      0x0800767d   Thumb Code    66  stm32f10x_gpio.o(.text)
    GPIO_ETH_MediaInterfaceConfig            0x080076bf   Thumb Code     8  stm32f10x_gpio.o(.text)
    IWDG_WriteAccessCmd                      0x080076ed   Thumb Code     6  stm32f10x_iwdg.o(.text)
    IWDG_SetPrescaler                        0x080076f3   Thumb Code     6  stm32f10x_iwdg.o(.text)
    IWDG_SetReload                           0x080076f9   Thumb Code     6  stm32f10x_iwdg.o(.text)
    IWDG_ReloadCounter                       0x080076ff   Thumb Code    10  stm32f10x_iwdg.o(.text)
    IWDG_Enable                              0x08007709   Thumb Code    10  stm32f10x_iwdg.o(.text)
    IWDG_GetFlagStatus                       0x08007713   Thumb Code    20  stm32f10x_iwdg.o(.text)
    RCC_DeInit                               0x0800772d   Thumb Code    64  stm32f10x_rcc.o(.text)
    RCC_HSEConfig                            0x0800776d   Thumb Code    70  stm32f10x_rcc.o(.text)
    RCC_GetFlagStatus                        0x080077b3   Thumb Code    56  stm32f10x_rcc.o(.text)
    RCC_WaitForHSEStartUp                    0x080077eb   Thumb Code    56  stm32f10x_rcc.o(.text)
    RCC_AdjustHSICalibrationValue            0x08007823   Thumb Code    20  stm32f10x_rcc.o(.text)
    RCC_HSICmd                               0x08007837   Thumb Code     6  stm32f10x_rcc.o(.text)
    RCC_PLLConfig                            0x0800783d   Thumb Code    24  stm32f10x_rcc.o(.text)
    RCC_PLLCmd                               0x08007855   Thumb Code     6  stm32f10x_rcc.o(.text)
    RCC_SYSCLKConfig                         0x0800785b   Thumb Code    18  stm32f10x_rcc.o(.text)
    RCC_GetSYSCLKSource                      0x0800786d   Thumb Code    10  stm32f10x_rcc.o(.text)
    RCC_HCLKConfig                           0x08007877   Thumb Code    18  stm32f10x_rcc.o(.text)
    RCC_PCLK1Config                          0x08007889   Thumb Code    18  stm32f10x_rcc.o(.text)
    RCC_PCLK2Config                          0x0800789b   Thumb Code    20  stm32f10x_rcc.o(.text)
    RCC_ITConfig                             0x080078af   Thumb Code    26  stm32f10x_rcc.o(.text)
    RCC_USBCLKConfig                         0x080078c9   Thumb Code     8  stm32f10x_rcc.o(.text)
    RCC_ADCCLKConfig                         0x080078d1   Thumb Code    18  stm32f10x_rcc.o(.text)
    RCC_LSEConfig                            0x080078e3   Thumb Code    50  stm32f10x_rcc.o(.text)
    RCC_LSICmd                               0x08007915   Thumb Code     6  stm32f10x_rcc.o(.text)
    RCC_RTCCLKConfig                         0x0800791b   Thumb Code    12  stm32f10x_rcc.o(.text)
    RCC_RTCCLKCmd                            0x08007927   Thumb Code     8  stm32f10x_rcc.o(.text)
    RCC_GetClocksFreq                        0x0800792f   Thumb Code   192  stm32f10x_rcc.o(.text)
    RCC_AHBPeriphClockCmd                    0x080079ef   Thumb Code    26  stm32f10x_rcc.o(.text)
    RCC_APB2PeriphClockCmd                   0x08007a09   Thumb Code    26  stm32f10x_rcc.o(.text)
    RCC_APB1PeriphClockCmd                   0x08007a23   Thumb Code    26  stm32f10x_rcc.o(.text)
    RCC_APB2PeriphResetCmd                   0x08007a3d   Thumb Code    26  stm32f10x_rcc.o(.text)
    RCC_APB1PeriphResetCmd                   0x08007a57   Thumb Code    26  stm32f10x_rcc.o(.text)
    RCC_BackupResetCmd                       0x08007a71   Thumb Code     8  stm32f10x_rcc.o(.text)
    RCC_ClockSecuritySystemCmd               0x08007a79   Thumb Code     6  stm32f10x_rcc.o(.text)
    RCC_MCOConfig                            0x08007a7f   Thumb Code     6  stm32f10x_rcc.o(.text)
    RCC_ClearFlag                            0x08007a85   Thumb Code    14  stm32f10x_rcc.o(.text)
    RCC_GetITStatus                          0x08007a93   Thumb Code    20  stm32f10x_rcc.o(.text)
    RCC_ClearITPendingBit                    0x08007aa7   Thumb Code     6  stm32f10x_rcc.o(.text)
    TIM_DeInit                               0x08007ad1   Thumb Code   424  stm32f10x_tim.o(.text)
    TIM_TimeBaseInit                         0x08007c79   Thumb Code   122  stm32f10x_tim.o(.text)
    TIM_OC1Init                              0x08007cf3   Thumb Code   132  stm32f10x_tim.o(.text)
    TIM_OC2Init                              0x08007d77   Thumb Code   154  stm32f10x_tim.o(.text)
    TIM_OC3Init                              0x08007e11   Thumb Code   150  stm32f10x_tim.o(.text)
    TIM_OC4Init                              0x08007ea7   Thumb Code   182  stm32f10x_tim.o(.text)
    TIM_SetIC4Prescaler                      0x08007f5d   Thumb Code    26  stm32f10x_tim.o(.text)
    TIM_SetIC3Prescaler                      0x08007ff9   Thumb Code    18  stm32f10x_tim.o(.text)
    TIM_SetIC2Prescaler                      0x08008085   Thumb Code    26  stm32f10x_tim.o(.text)
    TIM_SetIC1Prescaler                      0x08008121   Thumb Code    18  stm32f10x_tim.o(.text)
    TIM_ICInit                               0x0800819f   Thumb Code   150  stm32f10x_tim.o(.text)
    TIM_PWMIConfig                           0x08008235   Thumb Code   124  stm32f10x_tim.o(.text)
    TIM_BDTRConfig                           0x080082b1   Thumb Code    32  stm32f10x_tim.o(.text)
    TIM_TimeBaseStructInit                   0x080082d1   Thumb Code    18  stm32f10x_tim.o(.text)
    TIM_OCStructInit                         0x080082e3   Thumb Code    20  stm32f10x_tim.o(.text)
    TIM_ICStructInit                         0x080082f7   Thumb Code    18  stm32f10x_tim.o(.text)
    TIM_BDTRStructInit                       0x08008309   Thumb Code    40  stm32f10x_tim.o(.text)
    TIM_Cmd                                  0x08008331   Thumb Code    24  stm32f10x_tim.o(.text)
    TIM_CtrlPWMOutputs                       0x08008349   Thumb Code    30  stm32f10x_tim.o(.text)
    TIM_ITConfig                             0x08008367   Thumb Code    18  stm32f10x_tim.o(.text)
    TIM_GenerateEvent                        0x08008379   Thumb Code     4  stm32f10x_tim.o(.text)
    TIM_DMAConfig                            0x0800837d   Thumb Code    10  stm32f10x_tim.o(.text)
    TIM_DMACmd                               0x08008387   Thumb Code    18  stm32f10x_tim.o(.text)
    TIM_InternalClockConfig                  0x08008399   Thumb Code    12  stm32f10x_tim.o(.text)
    TIM_SelectInputTrigger                   0x080083a5   Thumb Code    18  stm32f10x_tim.o(.text)
    TIM_ITRxExternalClockConfig              0x080083b7   Thumb Code    24  stm32f10x_tim.o(.text)
    TIM_TIxExternalClockConfig               0x080083cf   Thumb Code    62  stm32f10x_tim.o(.text)
    TIM_ETRConfig                            0x0800840d   Thumb Code    28  stm32f10x_tim.o(.text)
    TIM_ETRClockMode1Config                  0x08008429   Thumb Code    54  stm32f10x_tim.o(.text)
    TIM_ETRClockMode2Config                  0x0800845f   Thumb Code    32  stm32f10x_tim.o(.text)
    TIM_PrescalerConfig                      0x0800847f   Thumb Code     6  stm32f10x_tim.o(.text)
    TIM_CounterModeConfig                    0x08008485   Thumb Code    18  stm32f10x_tim.o(.text)
    TIM_EncoderInterfaceConfig               0x08008497   Thumb Code    66  stm32f10x_tim.o(.text)
    TIM_ForcedOC1Config                      0x080084d9   Thumb Code    18  stm32f10x_tim.o(.text)
    TIM_ForcedOC2Config                      0x080084eb   Thumb Code    26  stm32f10x_tim.o(.text)
    TIM_ForcedOC3Config                      0x08008505   Thumb Code    18  stm32f10x_tim.o(.text)
    TIM_ForcedOC4Config                      0x08008517   Thumb Code    26  stm32f10x_tim.o(.text)
    TIM_ARRPreloadConfig                     0x08008531   Thumb Code    24  stm32f10x_tim.o(.text)
    TIM_SelectCOM                            0x08008549   Thumb Code    24  stm32f10x_tim.o(.text)
    TIM_SelectCCDMA                          0x08008561   Thumb Code    24  stm32f10x_tim.o(.text)
    TIM_CCPreloadControl                     0x08008579   Thumb Code    24  stm32f10x_tim.o(.text)
    TIM_OC1PreloadConfig                     0x08008591   Thumb Code    18  stm32f10x_tim.o(.text)
    TIM_OC2PreloadConfig                     0x080085a3   Thumb Code    26  stm32f10x_tim.o(.text)
    TIM_OC3PreloadConfig                     0x080085bd   Thumb Code    18  stm32f10x_tim.o(.text)
    TIM_OC4PreloadConfig                     0x080085cf   Thumb Code    26  stm32f10x_tim.o(.text)
    TIM_OC1FastConfig                        0x080085e9   Thumb Code    18  stm32f10x_tim.o(.text)
    TIM_OC2FastConfig                        0x080085fb   Thumb Code    26  stm32f10x_tim.o(.text)
    TIM_OC3FastConfig                        0x08008615   Thumb Code    18  stm32f10x_tim.o(.text)
    TIM_OC4FastConfig                        0x08008627   Thumb Code    26  stm32f10x_tim.o(.text)
    TIM_ClearOC1Ref                          0x08008641   Thumb Code    18  stm32f10x_tim.o(.text)
    TIM_ClearOC2Ref                          0x08008653   Thumb Code    24  stm32f10x_tim.o(.text)
    TIM_ClearOC3Ref                          0x0800866b   Thumb Code    18  stm32f10x_tim.o(.text)
    TIM_ClearOC4Ref                          0x0800867d   Thumb Code    24  stm32f10x_tim.o(.text)
    TIM_OC1PolarityConfig                    0x08008695   Thumb Code    18  stm32f10x_tim.o(.text)
    TIM_OC1NPolarityConfig                   0x080086a7   Thumb Code    18  stm32f10x_tim.o(.text)
    TIM_OC2PolarityConfig                    0x080086b9   Thumb Code    26  stm32f10x_tim.o(.text)
    TIM_OC2NPolarityConfig                   0x080086d3   Thumb Code    26  stm32f10x_tim.o(.text)
    TIM_OC3PolarityConfig                    0x080086ed   Thumb Code    26  stm32f10x_tim.o(.text)
    TIM_OC3NPolarityConfig                   0x08008707   Thumb Code    26  stm32f10x_tim.o(.text)
    TIM_OC4PolarityConfig                    0x08008721   Thumb Code    26  stm32f10x_tim.o(.text)
    TIM_CCxCmd                               0x0800873b   Thumb Code    30  stm32f10x_tim.o(.text)
    TIM_CCxNCmd                              0x08008759   Thumb Code    30  stm32f10x_tim.o(.text)
    TIM_SelectOCxM                           0x08008777   Thumb Code    82  stm32f10x_tim.o(.text)
    TIM_UpdateDisableConfig                  0x080087c9   Thumb Code    24  stm32f10x_tim.o(.text)
    TIM_UpdateRequestConfig                  0x080087e1   Thumb Code    24  stm32f10x_tim.o(.text)
    TIM_SelectHallSensor                     0x080087f9   Thumb Code    24  stm32f10x_tim.o(.text)
    TIM_SelectOnePulseMode                   0x08008811   Thumb Code    18  stm32f10x_tim.o(.text)
    TIM_SelectOutputTrigger                  0x08008823   Thumb Code    18  stm32f10x_tim.o(.text)
    TIM_SelectSlaveMode                      0x08008835   Thumb Code    18  stm32f10x_tim.o(.text)
    TIM_SelectMasterSlaveMode                0x08008847   Thumb Code    18  stm32f10x_tim.o(.text)
    TIM_SetCounter                           0x08008859   Thumb Code     4  stm32f10x_tim.o(.text)
    TIM_SetAutoreload                        0x0800885d   Thumb Code     4  stm32f10x_tim.o(.text)
    TIM_SetCompare1                          0x08008861   Thumb Code     4  stm32f10x_tim.o(.text)
    TIM_SetCompare2                          0x08008865   Thumb Code     4  stm32f10x_tim.o(.text)
    TIM_SetCompare3                          0x08008869   Thumb Code     4  stm32f10x_tim.o(.text)
    TIM_SetCompare4                          0x0800886d   Thumb Code     6  stm32f10x_tim.o(.text)
    TIM_SetClockDivision                     0x08008873   Thumb Code    18  stm32f10x_tim.o(.text)
    TIM_GetCapture1                          0x08008885   Thumb Code     6  stm32f10x_tim.o(.text)
    TIM_GetCapture2                          0x0800888b   Thumb Code     6  stm32f10x_tim.o(.text)
    TIM_GetCapture3                          0x08008891   Thumb Code     6  stm32f10x_tim.o(.text)
    TIM_GetCapture4                          0x08008897   Thumb Code     8  stm32f10x_tim.o(.text)
    TIM_GetCounter                           0x0800889f   Thumb Code     6  stm32f10x_tim.o(.text)
    TIM_GetPrescaler                         0x080088a5   Thumb Code     6  stm32f10x_tim.o(.text)
    TIM_GetFlagStatus                        0x080088ab   Thumb Code    18  stm32f10x_tim.o(.text)
    TIM_ClearFlag                            0x080088bd   Thumb Code     6  stm32f10x_tim.o(.text)
    TIM_GetITStatus                          0x080088c3   Thumb Code    34  stm32f10x_tim.o(.text)
    TIM_ClearITPendingBit                    0x080088e5   Thumb Code     6  stm32f10x_tim.o(.text)
    USART_DeInit                             0x080088ed   Thumb Code   134  stm32f10x_usart.o(.text)
    USART_Init                               0x08008973   Thumb Code   210  stm32f10x_usart.o(.text)
    USART_StructInit                         0x08008a45   Thumb Code    24  stm32f10x_usart.o(.text)
    USART_ClockInit                          0x08008a5d   Thumb Code    34  stm32f10x_usart.o(.text)
    USART_ClockStructInit                    0x08008a7f   Thumb Code    12  stm32f10x_usart.o(.text)
    USART_Cmd                                0x08008a8b   Thumb Code    24  stm32f10x_usart.o(.text)
    USART_ITConfig                           0x08008aa3   Thumb Code    74  stm32f10x_usart.o(.text)
    USART_DMACmd                             0x08008aed   Thumb Code    18  stm32f10x_usart.o(.text)
    USART_SetAddress                         0x08008aff   Thumb Code    18  stm32f10x_usart.o(.text)
    USART_WakeUpConfig                       0x08008b11   Thumb Code    18  stm32f10x_usart.o(.text)
    USART_ReceiverWakeUpCmd                  0x08008b23   Thumb Code    24  stm32f10x_usart.o(.text)
    USART_LINBreakDetectLengthConfig         0x08008b3b   Thumb Code    18  stm32f10x_usart.o(.text)
    USART_LINCmd                             0x08008b4d   Thumb Code    24  stm32f10x_usart.o(.text)
    USART_SendData                           0x08008b65   Thumb Code     8  stm32f10x_usart.o(.text)
    USART_ReceiveData                        0x08008b6d   Thumb Code    10  stm32f10x_usart.o(.text)
    USART_SendBreak                          0x08008b77   Thumb Code    10  stm32f10x_usart.o(.text)
    USART_SetGuardTime                       0x08008b81   Thumb Code    16  stm32f10x_usart.o(.text)
    USART_SetPrescaler                       0x08008b91   Thumb Code    16  stm32f10x_usart.o(.text)
    USART_SmartCardCmd                       0x08008ba1   Thumb Code    24  stm32f10x_usart.o(.text)
    USART_SmartCardNACKCmd                   0x08008bb9   Thumb Code    24  stm32f10x_usart.o(.text)
    USART_HalfDuplexCmd                      0x08008bd1   Thumb Code    24  stm32f10x_usart.o(.text)
    USART_OverSampling8Cmd                   0x08008be9   Thumb Code    22  stm32f10x_usart.o(.text)
    USART_OneBitMethodCmd                    0x08008bff   Thumb Code    24  stm32f10x_usart.o(.text)
    USART_IrDAConfig                         0x08008c17   Thumb Code    18  stm32f10x_usart.o(.text)
    USART_IrDACmd                            0x08008c29   Thumb Code    24  stm32f10x_usart.o(.text)
    USART_GetFlagStatus                      0x08008c41   Thumb Code    26  stm32f10x_usart.o(.text)
    USART_ClearFlag                          0x08008c5b   Thumb Code    18  stm32f10x_usart.o(.text)
    USART_GetITStatus                        0x08008c6d   Thumb Code    84  stm32f10x_usart.o(.text)
    USART_ClearITPendingBit                  0x08008cc1   Thumb Code    52  stm32f10x_usart.o(.text)
    Reset_Handler                            0x08008cf5   Thumb Code     8  startup_stm32f10x_hd.o(.text)
    ADC1_2_IRQHandler                        0x08008d0f   Thumb Code     0  startup_stm32f10x_hd.o(.text)
    ADC3_IRQHandler                          0x08008d0f   Thumb Code     0  startup_stm32f10x_hd.o(.text)
    CAN1_RX1_IRQHandler                      0x08008d0f   Thumb Code     0  startup_stm32f10x_hd.o(.text)
    CAN1_SCE_IRQHandler                      0x08008d0f   Thumb Code     0  startup_stm32f10x_hd.o(.text)
    DMA1_Channel1_IRQHandler                 0x08008d0f   Thumb Code     0  startup_stm32f10x_hd.o(.text)
    DMA1_Channel2_IRQHandler                 0x08008d0f   Thumb Code     0  startup_stm32f10x_hd.o(.text)
    DMA1_Channel3_IRQHandler                 0x08008d0f   Thumb Code     0  startup_stm32f10x_hd.o(.text)
    DMA1_Channel4_IRQHandler                 0x08008d0f   Thumb Code     0  startup_stm32f10x_hd.o(.text)
    DMA1_Channel5_IRQHandler                 0x08008d0f   Thumb Code     0  startup_stm32f10x_hd.o(.text)
    DMA1_Channel6_IRQHandler                 0x08008d0f   Thumb Code     0  startup_stm32f10x_hd.o(.text)
    DMA1_Channel7_IRQHandler                 0x08008d0f   Thumb Code     0  startup_stm32f10x_hd.o(.text)
    DMA2_Channel1_IRQHandler                 0x08008d0f   Thumb Code     0  startup_stm32f10x_hd.o(.text)
    DMA2_Channel2_IRQHandler                 0x08008d0f   Thumb Code     0  startup_stm32f10x_hd.o(.text)
    DMA2_Channel3_IRQHandler                 0x08008d0f   Thumb Code     0  startup_stm32f10x_hd.o(.text)
    DMA2_Channel4_5_IRQHandler               0x08008d0f   Thumb Code     0  startup_stm32f10x_hd.o(.text)
    EXTI15_10_IRQHandler                     0x08008d0f   Thumb Code     0  startup_stm32f10x_hd.o(.text)
    EXTI2_IRQHandler                         0x08008d0f   Thumb Code     0  startup_stm32f10x_hd.o(.text)
    EXTI3_IRQHandler                         0x08008d0f   Thumb Code     0  startup_stm32f10x_hd.o(.text)
    EXTI9_5_IRQHandler                       0x08008d0f   Thumb Code     0  startup_stm32f10x_hd.o(.text)
    FLASH_IRQHandler                         0x08008d0f   Thumb Code     0  startup_stm32f10x_hd.o(.text)
    FSMC_IRQHandler                          0x08008d0f   Thumb Code     0  startup_stm32f10x_hd.o(.text)
    I2C1_ER_IRQHandler                       0x08008d0f   Thumb Code     0  startup_stm32f10x_hd.o(.text)
    I2C1_EV_IRQHandler                       0x08008d0f   Thumb Code     0  startup_stm32f10x_hd.o(.text)
    I2C2_ER_IRQHandler                       0x08008d0f   Thumb Code     0  startup_stm32f10x_hd.o(.text)
    I2C2_EV_IRQHandler                       0x08008d0f   Thumb Code     0  startup_stm32f10x_hd.o(.text)
    PVD_IRQHandler                           0x08008d0f   Thumb Code     0  startup_stm32f10x_hd.o(.text)
    RCC_IRQHandler                           0x08008d0f   Thumb Code     0  startup_stm32f10x_hd.o(.text)
    RTCAlarm_IRQHandler                      0x08008d0f   Thumb Code     0  startup_stm32f10x_hd.o(.text)
    RTC_IRQHandler                           0x08008d0f   Thumb Code     0  startup_stm32f10x_hd.o(.text)
    SDIO_IRQHandler                          0x08008d0f   Thumb Code     0  startup_stm32f10x_hd.o(.text)
    SPI1_IRQHandler                          0x08008d0f   Thumb Code     0  startup_stm32f10x_hd.o(.text)
    SPI2_IRQHandler                          0x08008d0f   Thumb Code     0  startup_stm32f10x_hd.o(.text)
    SPI3_IRQHandler                          0x08008d0f   Thumb Code     0  startup_stm32f10x_hd.o(.text)
    TAMPER_IRQHandler                        0x08008d0f   Thumb Code     0  startup_stm32f10x_hd.o(.text)
    TIM1_BRK_IRQHandler                      0x08008d0f   Thumb Code     0  startup_stm32f10x_hd.o(.text)
    TIM1_CC_IRQHandler                       0x08008d0f   Thumb Code     0  startup_stm32f10x_hd.o(.text)
    TIM1_TRG_COM_IRQHandler                  0x08008d0f   Thumb Code     0  startup_stm32f10x_hd.o(.text)
    TIM1_UP_IRQHandler                       0x08008d0f   Thumb Code     0  startup_stm32f10x_hd.o(.text)
    TIM3_IRQHandler                          0x08008d0f   Thumb Code     0  startup_stm32f10x_hd.o(.text)
    TIM4_IRQHandler                          0x08008d0f   Thumb Code     0  startup_stm32f10x_hd.o(.text)
    TIM6_IRQHandler                          0x08008d0f   Thumb Code     0  startup_stm32f10x_hd.o(.text)
    TIM7_IRQHandler                          0x08008d0f   Thumb Code     0  startup_stm32f10x_hd.o(.text)
    TIM8_BRK_IRQHandler                      0x08008d0f   Thumb Code     0  startup_stm32f10x_hd.o(.text)
    TIM8_CC_IRQHandler                       0x08008d0f   Thumb Code     0  startup_stm32f10x_hd.o(.text)
    TIM8_TRG_COM_IRQHandler                  0x08008d0f   Thumb Code     0  startup_stm32f10x_hd.o(.text)
    TIM8_UP_IRQHandler                       0x08008d0f   Thumb Code     0  startup_stm32f10x_hd.o(.text)
    UART4_IRQHandler                         0x08008d0f   Thumb Code     0  startup_stm32f10x_hd.o(.text)
    UART5_IRQHandler                         0x08008d0f   Thumb Code     0  startup_stm32f10x_hd.o(.text)
    USART1_IRQHandler                        0x08008d0f   Thumb Code     0  startup_stm32f10x_hd.o(.text)
    USBWakeUp_IRQHandler                     0x08008d0f   Thumb Code     0  startup_stm32f10x_hd.o(.text)
    USB_HP_CAN1_TX_IRQHandler                0x08008d0f   Thumb Code     0  startup_stm32f10x_hd.o(.text)
    USB_LP_CAN1_RX0_IRQHandler               0x08008d0f   Thumb Code     0  startup_stm32f10x_hd.o(.text)
    WWDG_IRQHandler                          0x08008d0f   Thumb Code     0  startup_stm32f10x_hd.o(.text)
    __aeabi_memset                           0x08008d19   Thumb Code    14  memseta.o(.text)
    __aeabi_memset4                          0x08008d19   Thumb Code     0  memseta.o(.text)
    __aeabi_memset8                          0x08008d19   Thumb Code     0  memseta.o(.text)
    __aeabi_memclr                           0x08008d27   Thumb Code     4  memseta.o(.text)
    __aeabi_memclr4                          0x08008d27   Thumb Code     0  memseta.o(.text)
    __aeabi_memclr8                          0x08008d27   Thumb Code     0  memseta.o(.text)
    _memset$wrapper                          0x08008d2b   Thumb Code    18  memseta.o(.text)
    __aeabi_fadd                             0x08008d3d   Thumb Code   164  fadd.o(.text)
    __aeabi_fsub                             0x08008de1   Thumb Code     6  fadd.o(.text)
    __aeabi_frsub                            0x08008de7   Thumb Code     6  fadd.o(.text)
    __aeabi_fmul                             0x08008ded   Thumb Code   100  fmul.o(.text)
    __aeabi_fdiv                             0x08008e51   Thumb Code   124  fdiv.o(.text)
    __aeabi_dadd                             0x08008ecd   Thumb Code   322  dadd.o(.text)
    __aeabi_dsub                             0x0800900f   Thumb Code     6  dadd.o(.text)
    __aeabi_drsub                            0x08009015   Thumb Code     6  dadd.o(.text)
    __aeabi_dmul                             0x0800901b   Thumb Code   228  dmul.o(.text)
    __aeabi_ddiv                             0x080090ff   Thumb Code   222  ddiv.o(.text)
    __aeabi_i2f                              0x080091dd   Thumb Code    18  fflti.o(.text)
    __aeabi_ui2f                             0x080091ef   Thumb Code    10  ffltui.o(.text)
    __aeabi_i2d                              0x080091f9   Thumb Code    34  dflti.o(.text)
    __aeabi_ui2d                             0x0800921b   Thumb Code    26  dfltui.o(.text)
    __aeabi_f2uiz                            0x08009235   Thumb Code    40  ffixui.o(.text)
    __aeabi_d2uiz                            0x0800925d   Thumb Code    50  dfixui.o(.text)
    __aeabi_cdcmpeq                          0x08009291   Thumb Code     0  cdcmple.o(.text)
    __aeabi_cdcmple                          0x08009291   Thumb Code    48  cdcmple.o(.text)
    __aeabi_d2f                              0x080092c1   Thumb Code    56  d2f.o(.text)
    __aeabi_cfcmpeq                          0x080092f9   Thumb Code     0  cfcmple.o(.text)
    __aeabi_cfcmple                          0x080092f9   Thumb Code    20  cfcmple.o(.text)
    __aeabi_cfrcmple                         0x0800930d   Thumb Code    20  cfrcmple.o(.text)
    __aeabi_llsl                             0x08009321   Thumb Code    30  llshl.o(.text)
    _ll_shift_l                              0x08009321   Thumb Code     0  llshl.o(.text)
    __aeabi_llsr                             0x0800933f   Thumb Code    32  llushr.o(.text)
    _ll_ushift_r                             0x0800933f   Thumb Code     0  llushr.o(.text)
    __aeabi_lasr                             0x0800935f   Thumb Code    36  llsshr.o(.text)
    _ll_sshift_r                             0x0800935f   Thumb Code     0  llsshr.o(.text)
    __I$use$fp                               0x08009383   Thumb Code     0  iusefp.o(.text)
    _float_round                             0x08009383   Thumb Code    18  fepilogue.o(.text)
    _float_epilogue                          0x08009395   Thumb Code    92  fepilogue.o(.text)
    _double_round                            0x080093f1   Thumb Code    30  depilogue.o(.text)
    _double_epilogue                         0x0800940f   Thumb Code   156  depilogue.o(.text)
    __scatterload                            0x080094ad   Thumb Code    28  init.o(.text)
    __scatterload_rt2                        0x080094ad   Thumb Code     0  init.o(.text)
    __decompress                             0x080094d1   Thumb Code     0  __dczerorl.o(.text)
    __decompress0                            0x080094d1   Thumb Code    58  __dczerorl.o(.text)
    __scatterload_copy                       0x0800950b   Thumb Code    14  handlers.o(i.__scatterload_copy)
    __scatterload_null                       0x08009519   Thumb Code     2  handlers.o(i.__scatterload_null)
    __scatterload_zeroinit                   0x0800951b   Thumb Code    14  handlers.o(i.__scatterload_zeroinit)
    free                                     0x08009529   Thumb Code    76  malloc.o(i.free)
    malloc                                   0x08009579   Thumb Code    92  malloc.o(i.malloc)
    Region$$Table$$Base                      0x080095ec   Number         0  anon$$obj.o(Region$$Table)
    Region$$Table$$Limit                     0x0800960c   Number         0  anon$$obj.o(Region$$Table)
    SystemCoreClock                          0x20000000   Data           4  system_stm32f10x.o(.data)
    AHBPrescTable                            0x20000004   Data          16  system_stm32f10x.o(.data)
    Key_press_flag                           0x20000014   Data           1  key.o(.data)
    KEY1_flag                                0x20000015   Data           1  key.o(.data)
    KEY2_flag                                0x20000016   Data           1  key.o(.data)
    KEY3_flag                                0x20000017   Data           1  key.o(.data)
    KEY4_flag                                0x20000018   Data           1  key.o(.data)
    KEY5_flag                                0x20000019   Data           1  key.o(.data)
    KEY6_flag                                0x2000001a   Data           1  key.o(.data)
    KEY7_flag                                0x2000001b   Data           1  key.o(.data)
    KEY8_flag                                0x2000001c   Data           1  key.o(.data)
    Bottle_Judge_Record                      0x2000001d   Data           1  key.o(.data)
    TEST_MODE                                0x2000001e   Data           1  key.o(.data)
    TEST_MODE_SAVE                           0x2000001f   Data           1  key.o(.data)
    Bottle_Judge_Mode                        0x20000020   Data           1  key.o(.data)
    Time_PushRod_Ctrl                        0x20000022   Data           2  key.o(.data)
    Alarm_X                                  0x20000024   Data           2  timer.o(.data)
    Alarm_Y                                  0x20000026   Data           2  timer.o(.data)
    Alarm_Z                                  0x20000028   Data           2  timer.o(.data)
    IC_RevTime                               0x2000002a   Data           2  timer.o(.data)
    ReadSensorTime_100ms                     0x2000002c   Data           2  timer.o(.data)
    Timer_TestModeFlash                      0x2000002e   Data           2  timer.o(.data)
    TestModeFlash_count                      0x20000030   Data           1  timer.o(.data)
    Timer_10s_flag                           0x20000031   Data           1  timer.o(.data)
    Timer_5ms_flag                           0x20000032   Data           1  timer.o(.data)
    Timer_1ms_flag                           0x20000033   Data           1  timer.o(.data)
    Timer_5s_flag                            0x20000034   Data           1  timer.o(.data)
    test_add                                 0x20000035   Data           1  timer.o(.data)
    DelayTimes_ms                            0x20000036   Data           2  timer.o(.data)
    W5500_Send_Delay_Counter                 0x20000038   Data           4  timer.o(.data)
    x_stop_flag                              0x20000040   Data           1  pwm.o(.data)
    X_Zero_Pluse                             0x20000044   Data           4  pwm.o(.data)
    X_MPP                                    0x20000048   Data           8  pwm.o(.data)
    Z_MPP                                    0x20000050   Data           8  pwm.o(.data)
    Y_RightZero_Pluse                        0x20000058   Data           4  pwm.o(.data)
    Y_LeftZero_Pluse                         0x2000005c   Data           4  pwm.o(.data)
    Y_LeftTrayPluse                          0x20000060   Data           4  pwm.o(.data)
    Y_LeftLim_MorePluse                      0x20000064   Data           4  pwm.o(.data)
    Y_LeftLim_LessPluse                      0x20000068   Data           4  pwm.o(.data)
    Y_RightLim_MorePluse                     0x2000006c   Data           4  pwm.o(.data)
    Y_RightLim_LessPluse                     0x20000070   Data           4  pwm.o(.data)
    X_ZEROFLAG                               0x20000074   Data           1  pwm.o(.data)
    Motor_CtrlOver_Flag                      0x20000075   Data           1  pwm.o(.data)
    First_Goods_Height                       0x20000078   Data           4  action_status.o(.data)
    Plat_Axis_Z                              0x2000007c   Data           4  action_status.o(.data)
    Plat_Axis_X                              0x20000080   Data           4  action_status.o(.data)
    AxisZ_UpDown_Pluse                       0x20000084   Data           4  action_status.o(.data)
    AxisZ_UpDownMore_Pluse                   0x20000088   Data           4  action_status.o(.data)
    ZLim_Coordinate                          0x2000008c   Data           4  action_status.o(.data)
    temp_Z_Coordinate                        0x20000090   Data           4  action_status.o(.data)
    Z_ToZeroFlag                             0x20000094   Data           1  action_status.o(.data)
    AidZ_I2c                                 0x20000098   Data           4  action_status.o(.data)
    Aid_Z                                    0x2000009c   Data           8  action_status.o(.data)
    XYZ_To_Zero                              0x200000a4   Data           7  action_status.o(.data)
    Last_AxisY_Dir                           0x200000ab   Data           1  action_status.o(.data)
    Reset_Flag                               0x200000ac   Data           1  network.o(.data)
    Set_flag                                 0x200000ad   Data           1  network.o(.data)
    Enable_Uart3_Flg                         0x200000ae   Data           1  network.o(.data)
    Current_Position_Buff                    0x200000af   Data           8  network.o(.data)
    Cache_Cnt                                0x200000b7   Data           1  network.o(.data)
    netrecflag                               0x200000b8   Data           1  network.o(.data)
    R_right                                  0x200000c0   Data           1  lcd_rs232.o(.data)
    X_Row                                    0x200000c4   Data           4  lcd_rs232.o(.data)
    Z_Column                                 0x200000c8   Data           4  lcd_rs232.o(.data)
    X_Run                                    0x200000cc   Data           4  lcd_rs232.o(.data)
    Z_Run                                    0x200000d0   Data           4  lcd_rs232.o(.data)
    Tray_Property                            0x200000d4   Data           1  lcd_rs232.o(.data)
    Box_Property                             0x200000d5   Data           1  lcd_rs232.o(.data)
    dataH                                    0x200000d6   Data           1  lcd_rs232.o(.data)
    dataL                                    0x200000d7   Data           1  lcd_rs232.o(.data)
    Change_X_Zero_Pluse                      0x200000d8   Data           4  lcd_rs232.o(.data)
    Change_X_MPP                             0x200000e0   Data           8  lcd_rs232.o(.data)
    Change_First_Goods_Height                0x200000e8   Data           4  lcd_rs232.o(.data)
    Change_Z_MPP                             0x200000f0   Data           8  lcd_rs232.o(.data)
    Change_Plat_Axis_Z                       0x200000f8   Data           4  lcd_rs232.o(.data)
    Change_Plat_Axis_X                       0x200000fc   Data           4  lcd_rs232.o(.data)
    Change_Y_RightZero_Pluse                 0x20000100   Data           4  lcd_rs232.o(.data)
    Change_Y_LeftZero_Pluse                  0x20000104   Data           4  lcd_rs232.o(.data)
    Change_Y_LeftTrayPluse                   0x20000108   Data           4  lcd_rs232.o(.data)
    Change_Y_LeftLim_MorePluse               0x2000010c   Data           4  lcd_rs232.o(.data)
    Change_Y_LeftLim_LessPluse               0x20000110   Data           4  lcd_rs232.o(.data)
    Change_Y_RightLim_MorePluse              0x20000114   Data           4  lcd_rs232.o(.data)
    Change_Y_RightLim_LessPluse              0x20000118   Data           4  lcd_rs232.o(.data)
    Change_AxisZ_UpDownMore_Pluse            0x2000011c   Data           4  lcd_rs232.o(.data)
    Change_AxisZ_UpDown_Pluse                0x20000120   Data           4  lcd_rs232.o(.data)
    recflag                                  0x20000124   Data           1  lcd_rs232.o(.data)
    reclenth                                 0x20000128   Data           4  lcd_rs232.o(.data)
    recbuff                                  0x2000012c   Data           1  lcd_rs232.o(.data)
    check_temp                               0x2000012d   Data           1  lcd_rs232.o(.data)
    IDcard_data                              0x20000130   Data           1  24c256.o(.data)
    Auto_Position_Buff                       0x20000140   Data           8  auto_locate.o(.data)
    X_Average_Distance                       0x20000148   Data           4  auto_locate.o(.data)
    Z_Average_Distance                       0x2000014c   Data           4  auto_locate.o(.data)
    Laser_Length                             0x20000150   Data           1  auto_locate.o(.data)
    Laser_Rright                             0x20000151   Data           1  auto_locate.o(.data)
    Current_X                                0x20000152   Data           1  auto_locate.o(.data)
    Current_Y                                0x20000153   Data           1  auto_locate.o(.data)
    Current_Z                                0x20000154   Data           1  auto_locate.o(.data)
    Auto_Adjust                              0x20000155   Data           7  auto_locate.o(.data)
    Lrecflag                                 0x20000168   Data           1  laser.o(.data)
    distance_data                            0x20000169   Data           2  laser.o(.data)
    rec_num                                  0x2000016b   Data           1  laser.o(.data)
    rec_len                                  0x2000016c   Data           1  laser.o(.data)
    recdata                                  0x2000016d   Data           4  laser.o(.data)
    Set_mode1                                0x20000174   Data           4  laser.o(.data)
    Set_mode                                 0x20000178   Data           5  laser.o(.data)
    Get_distance                             0x2000017d   Data           3  laser.o(.data)
    Uart2_Mode                               0x20000180   Data           1  laser.o(.data)
    __microlib_freelist                      0x20000198   Data           4  mvars.o(.data)
    __microlib_freelist_initialised          0x2000019c   Data           4  mvars.o(.data)
    TIM_OCInitStructure                      0x200001a0   Data          16  pwm.o(.bss)
    TIM_TimeBaseStructure                    0x200001b0   Data          10  pwm.o(.bss)
    Axis_X                                   0x200001bc   Data         144  pwm.o(.bss)
    Axis_Z                                   0x2000024c   Data         144  pwm.o(.bss)
    Axis_Y                                   0x200002dc   Data         144  pwm.o(.bss)
    Action                                   0x2000036c   Data          32  pwm.o(.bss)
    Uart3                                    0x2000038c   Data        1360  network.o(.bss)
    Uart2Buff                                0x200008dc   Data         525  lcd_rs232.o(.bss)
    X_Buf                                    0x20000aec   Data          68  auto_locate.o(.bss)
    Z_Buf                                    0x20000b30   Data         340  auto_locate.o(.bss)
    Laser_Rec                                0x20000c84   Data         220  auto_locate.o(.bss)
    __heap_base                              0x20000d60   Data           0  startup_stm32f10x_hd.o(HEAP)
    __heap_limit                             0x20000f60   Data           0  startup_stm32f10x_hd.o(HEAP)
    __initial_sp                             0x20001360   Data           0  startup_stm32f10x_hd.o(STACK)



==============================================================================

Memory Map of the image

  Image Entry point : 0x08000131

  Load Region LR_IROM1 (Base: 0x08000000, Size: 0x000097ac, Max: 0x00040000, ABSOLUTE, COMPRESSED[0x00009650])

    Execution Region ER_IROM1 (Exec base: 0x08000000, Load base: 0x08000000, Size: 0x0000960c, Max: 0x00040000, ABSOLUTE)

    Exec Addr    Load Addr    Size         Type   Attr      Idx    E Section Name        Object

    0x08000000   0x08000000   0x00000130   Data   RO          907    RESET               startup_stm32f10x_hd.o
    0x08000130   0x08000130   0x00000000   Code   RO          912  * .ARM.Collect$$$$00000000  mc_w.l(entry.o)
    0x08000130   0x08000130   0x00000004   Code   RO          977    .ARM.Collect$$$$00000001  mc_w.l(entry2.o)
    0x08000134   0x08000134   0x00000004   Code   RO          980    .ARM.Collect$$$$00000004  mc_w.l(entry5.o)
    0x08000138   0x08000138   0x00000000   Code   RO          982    .ARM.Collect$$$$00000008  mc_w.l(entry7b.o)
    0x08000138   0x08000138   0x00000000   Code   RO          984    .ARM.Collect$$$$0000000A  mc_w.l(entry8b.o)
    0x08000138   0x08000138   0x00000008   Code   RO          985    .ARM.Collect$$$$0000000B  mc_w.l(entry9a.o)
    0x08000140   0x08000140   0x00000000   Code   RO          987    .ARM.Collect$$$$0000000D  mc_w.l(entry10a.o)
    0x08000140   0x08000140   0x00000000   Code   RO          989    .ARM.Collect$$$$0000000F  mc_w.l(entry11a.o)
    0x08000140   0x08000140   0x00000004   Code   RO          978    .ARM.Collect$$$$00002712  mc_w.l(entry2.o)
    0x08000144   0x08000144   0x00000100   Code   RO            1    .text               main.o
    0x08000244   0x08000244   0x0000001a   Code   RO          137    .text               stm32f10x_it.o
    0x0800025e   0x0800025e   0x00000002   PAD
    0x08000260   0x08000260   0x000001e0   Code   RO          184    .text               system_stm32f10x.o
    0x08000440   0x08000440   0x00000070   Code   RO          202    .text               beep.o
    0x080004b0   0x080004b0   0x0000041c   Code   RO          258    .text               key.o
    0x080008cc   0x080008cc   0x00000034   Code   RO          279    .text               led.o
    0x08000900   0x08000900   0x00000f74   Code   RO          300    .text               timer.o
    0x08001874   0x08001874   0x0000002c   Code   RO          323    .text               wdg.o
    0x080018a0   0x080018a0   0x000001b0   Code   RO          344    .text               sys_init.o
    0x08001a50   0x08001a50   0x000000d4   Code   RO          356    .text               delay.o
    0x08001b24   0x08001b24   0x00000044   Code   RO          373    .text               sys.o
    0x08001b68   0x08001b68   0x000000c4   Code   RO          389    .text               output.o
    0x08001c2c   0x08001c2c   0x00001154   Code   RO          404    .text               pwm.o
    0x08002d80   0x08002d80   0x000000a0   Code   RO          428    .text               input.o
    0x08002e20   0x08002e20   0x000018dc   Code   RO          446    .text               action_status.o
    0x080046fc   0x080046fc   0x000014a0   Code   RO          464    .text               network.o
    0x08005b9c   0x08005b9c   0x00001018   Code   RO          484    .text               lcd_rs232.o
    0x08006bb4   0x08006bb4   0x000005e4   Code   RO          515    .text               24c256.o
    0x08007198   0x08007198   0x000000dc   Code   RO          568    .text               misc.o
    0x08007274   0x08007274   0x0000011c   Code   RO          697    .text               stm32f10x_exti.o
    0x08007390   0x08007390   0x0000035c   Code   RO          742    .text               stm32f10x_gpio.o
    0x080076ec   0x080076ec   0x00000040   Code   RO          769    .text               stm32f10x_iwdg.o
    0x0800772c   0x0800772c   0x000003a4   Code   RO          796    .text               stm32f10x_rcc.o
    0x08007ad0   0x08007ad0   0x00000e1a   Code   RO          855    .text               stm32f10x_tim.o
    0x080088ea   0x080088ea   0x00000002   PAD
    0x080088ec   0x080088ec   0x00000408   Code   RO          867    .text               stm32f10x_usart.o
    0x08008cf4   0x08008cf4   0x00000024   Code   RO          908    .text               startup_stm32f10x_hd.o
    0x08008d18   0x08008d18   0x00000024   Code   RO          915    .text               mc_w.l(memseta.o)
    0x08008d3c   0x08008d3c   0x000000b0   Code   RO          945    .text               mf_w.l(fadd.o)
    0x08008dec   0x08008dec   0x00000064   Code   RO          947    .text               mf_w.l(fmul.o)
    0x08008e50   0x08008e50   0x0000007c   Code   RO          949    .text               mf_w.l(fdiv.o)
    0x08008ecc   0x08008ecc   0x0000014e   Code   RO          951    .text               mf_w.l(dadd.o)
    0x0800901a   0x0800901a   0x000000e4   Code   RO          953    .text               mf_w.l(dmul.o)
    0x080090fe   0x080090fe   0x000000de   Code   RO          955    .text               mf_w.l(ddiv.o)
    0x080091dc   0x080091dc   0x00000012   Code   RO          957    .text               mf_w.l(fflti.o)
    0x080091ee   0x080091ee   0x0000000a   Code   RO          959    .text               mf_w.l(ffltui.o)
    0x080091f8   0x080091f8   0x00000022   Code   RO          961    .text               mf_w.l(dflti.o)
    0x0800921a   0x0800921a   0x0000001a   Code   RO          963    .text               mf_w.l(dfltui.o)
    0x08009234   0x08009234   0x00000028   Code   RO          965    .text               mf_w.l(ffixui.o)
    0x0800925c   0x0800925c   0x00000032   Code   RO          967    .text               mf_w.l(dfixui.o)
    0x0800928e   0x0800928e   0x00000002   PAD
    0x08009290   0x08009290   0x00000030   Code   RO          969    .text               mf_w.l(cdcmple.o)
    0x080092c0   0x080092c0   0x00000038   Code   RO          971    .text               mf_w.l(d2f.o)
    0x080092f8   0x080092f8   0x00000014   Code   RO          973    .text               mf_w.l(cfcmple.o)
    0x0800930c   0x0800930c   0x00000014   Code   RO          975    .text               mf_w.l(cfrcmple.o)
    0x08009320   0x08009320   0x0000001e   Code   RO          991    .text               mc_w.l(llshl.o)
    0x0800933e   0x0800933e   0x00000020   Code   RO          993    .text               mc_w.l(llushr.o)
    0x0800935e   0x0800935e   0x00000024   Code   RO          995    .text               mc_w.l(llsshr.o)
    0x08009382   0x08009382   0x00000000   Code   RO         1003    .text               mc_w.l(iusefp.o)
    0x08009382   0x08009382   0x0000006e   Code   RO         1004    .text               mf_w.l(fepilogue.o)
    0x080093f0   0x080093f0   0x000000ba   Code   RO         1006    .text               mf_w.l(depilogue.o)
    0x080094aa   0x080094aa   0x00000002   PAD
    0x080094ac   0x080094ac   0x00000024   Code   RO         1008    .text               mc_w.l(init.o)
    0x080094d0   0x080094d0   0x0000003a   Code   RO         1018    .text               mc_w.l(__dczerorl.o)
    0x0800950a   0x0800950a   0x0000000e   Code   RO         1012    i.__scatterload_copy  mc_w.l(handlers.o)
    0x08009518   0x08009518   0x00000002   Code   RO         1013    i.__scatterload_null  mc_w.l(handlers.o)
    0x0800951a   0x0800951a   0x0000000e   Code   RO         1014    i.__scatterload_zeroinit  mc_w.l(handlers.o)
    0x08009528   0x08009528   0x00000050   Code   RO          917    i.free              mc_w.l(malloc.o)
    0x08009578   0x08009578   0x0000006c   Code   RO          918    i.malloc            mc_w.l(malloc.o)
    0x080095e4   0x080095e4   0x00000006   Data   RO          550    .conststring        laser.o
    0x080095ea   0x080095ea   0x00000002   PAD
    0x080095ec   0x080095ec   0x00000020   Data   RO         1010    Region$$Table       anon$$obj.o


    Execution Region RW_IRAM1 (Exec base: 0x20000000, Load base: 0x0800960c, Size: 0x00001360, Max: 0x0000c000, ABSOLUTE, COMPRESSED[0x00000044])

    Exec Addr    Load Addr    Size         Type   Attr      Idx    E Section Name        Object

    0x20000000   COMPRESSED   0x00000014   Data   RW          185    .data               system_stm32f10x.o
    0x20000014   COMPRESSED   0x00000010   Data   RW          259    .data               key.o
    0x20000024   COMPRESSED   0x00000018   Data   RW          301    .data               timer.o
    0x2000003c   COMPRESSED   0x00000004   Data   RW          357    .data               delay.o
    0x20000040   COMPRESSED   0x00000038   Data   RW          406    .data               pwm.o
    0x20000078   COMPRESSED   0x00000034   Data   RW          447    .data               action_status.o
    0x200000ac   COMPRESSED   0x0000000d   Data   RW          466    .data               network.o
    0x200000b9   COMPRESSED   0x00000007   PAD
    0x200000c0   COMPRESSED   0x0000006e   Data   RW          486    .data               lcd_rs232.o
    0x2000012e   COMPRESSED   0x00000002   PAD
    0x20000130   COMPRESSED   0x0000000d   Data   RW          516    .data               24c256.o
    0x2000013d   COMPRESSED   0x00000003   PAD
    0x20000140   COMPRESSED   0x00000025   Data   RW          532    .data               auto_locate.o
    0x20000165   COMPRESSED   0x00000003   PAD
    0x20000168   COMPRESSED   0x00000019   Data   RW          551    .data               laser.o
    0x20000181   COMPRESSED   0x00000014   Data   RW          797    .data               stm32f10x_rcc.o
    0x20000195   COMPRESSED   0x00000003   PAD
    0x20000198   COMPRESSED   0x00000004   Data   RW         1001    .data               mc_w.l(mvars.o)
    0x2000019c   COMPRESSED   0x00000004   Data   RW         1002    .data               mc_w.l(mvars.o)
    0x200001a0        -       0x000001ec   Zero   RW          405    .bss                pwm.o
    0x2000038c        -       0x00000550   Zero   RW          465    .bss                network.o
    0x200008dc        -       0x0000020d   Zero   RW          485    .bss                lcd_rs232.o
    0x20000ae9   COMPRESSED   0x00000003   PAD
    0x20000aec        -       0x00000274   Zero   RW          531    .bss                auto_locate.o
    0x20000d60        -       0x00000200   Zero   RW          906    HEAP                startup_stm32f10x_hd.o
    0x20000f60        -       0x00000400   Zero   RW          905    STACK               startup_stm32f10x_hd.o


==============================================================================

Image component sizes


      Code (inc. data)   RO Data    RW Data    ZI Data      Debug   Object Name

      1508         34          0         13          0       4800   24c256.o
      6364        584          0         52          0       9775   action_status.o
         0          0          0         37        628       3765   auto_locate.o
       112         18          0          0          0     203921   beep.o
         0          0          0          0          0         32   core_cm3.o
       212         18          0          4          0       1011   delay.o
       160         16          0          0          0        737   input.o
      1052        178          0         16          0       2003   key.o
         0          0          6         25          0       1292   laser.o
      4120        430          0        110        525       8716   lcd_rs232.o
        52          6          0          0          0        487   led.o
       256         32          0          0          0     248413   main.o
       220         22          0          0          0       1841   misc.o
      5280        236          0         13       1360       5996   network.o
       196         20          0          0          0        583   output.o
      4436        306          0         56        492      10409   pwm.o
        36          8        304          0       1536        864   startup_stm32f10x_hd.o
       284         10          0          0          0       4487   stm32f10x_exti.o
       860         38          0          0          0       5769   stm32f10x_gpio.o
        26          0          0          0          0     249542   stm32f10x_it.o
        64          6          0          0          0       1293   stm32f10x_iwdg.o
       932         36          0         20          0       8952   stm32f10x_rcc.o
      3610         88          0          0          0      22884   stm32f10x_tim.o
      1032         22          0          0          0       8500   stm32f10x_usart.o
        68          8          0          0          0      15869   sys.o
       432        144          0          0          0        587   sys_init.o
       480         38          0         20          0       1763   system_stm32f10x.o
      3956        164          0         24          0       3935   timer.o
        44          0          0          0          0        646   wdg.o

    ----------------------------------------------------------------------
     35796       2462        344        408       4544     828872   Object Totals
         0          0         32          0          0          0   (incl. Generated)
         4          0          2         18          3          0   (incl. Padding)

    ----------------------------------------------------------------------

      Code (inc. data)   RO Data    RW Data    ZI Data      Debug   Library Member Name

        58          0          0          0          0          0   __dczerorl.o
         0          0          0          0          0          0   entry.o
         0          0          0          0          0          0   entry10a.o
         0          0          0          0          0          0   entry11a.o
         8          4          0          0          0          0   entry2.o
         4          0          0          0          0          0   entry5.o
         0          0          0          0          0          0   entry7b.o
         0          0          0          0          0          0   entry8b.o
         8          4          0          0          0          0   entry9a.o
        30          0          0          0          0          0   handlers.o
        36          8          0          0          0         68   init.o
         0          0          0          0          0          0   iusefp.o
        30          0          0          0          0         68   llshl.o
        36          0          0          0          0         68   llsshr.o
        32          0          0          0          0         68   llushr.o
       188         20          0          0          0        160   malloc.o
        36          0          0          0          0        108   memseta.o
         0          0          0          8          0          0   mvars.o
        48          0          0          0          0         68   cdcmple.o
        20          0          0          0          0         68   cfcmple.o
        20          0          0          0          0         68   cfrcmple.o
        56          0          0          0          0         88   d2f.o
       334          0          0          0          0        148   dadd.o
       222          0          0          0          0        100   ddiv.o
       186          0          0          0          0        176   depilogue.o
        50          0          0          0          0         76   dfixui.o
        34          0          0          0          0         76   dflti.o
        26          0          0          0          0         76   dfltui.o
       228          0          0          0          0         96   dmul.o
       176          0          0          0          0        140   fadd.o
       124          0          0          0          0         88   fdiv.o
       110          0          0          0          0        168   fepilogue.o
        40          0          0          0          0         68   ffixui.o
        18          0          0          0          0         68   fflti.o
        10          0          0          0          0         68   ffltui.o
       100          0          0          0          0         76   fmul.o

    ----------------------------------------------------------------------
      2272         36          0          8          0       2256   Library Totals
         4          0          0          0          0          0   (incl. Padding)

    ----------------------------------------------------------------------

      Code (inc. data)   RO Data    RW Data    ZI Data      Debug   Library Name

       466         36          0          8          0        540   mc_w.l
      1802          0          0          0          0       1716   mf_w.l

    ----------------------------------------------------------------------
      2272         36          0          8          0       2256   Library Totals

    ----------------------------------------------------------------------

==============================================================================


      Code (inc. data)   RO Data    RW Data    ZI Data      Debug   

     38068       2498        344        416       4544     828084   Grand Totals
     38068       2498        344         68       4544     828084   ELF Image Totals (compressed)
     38068       2498        344         68          0          0   ROM Totals

==============================================================================

    Total RO  Size (Code + RO Data)                38412 (  37.51kB)
    Total RW  Size (RW Data + ZI Data)              4960 (   4.84kB)
    Total ROM Size (Code + RO Data + RW Data)      38480 (  37.58kB)

==============================================================================

