<html>
<body>
<pre>
<h1>µVision Build Log</h1>
<h2>Project:</h2>
F:\Jesoo\soft\ACU\V2\JSQD-ACU-Station-160223 - ¸±±¾\mdk\JSQD-ACU.uvproj
Project File Date:  02/23/2016

<h2>Output:</h2>
Rebuild target 'JSQD-ACU-V3'
compiling main.c...
compiling stm32f10x_it.c...
compiling system_stm32f10x.c...
compiling Beep.c...
compiling can.c...
compiling myiic.c...
compiling Key.c...
compiling LCD_RS232.c...
compiling led.c...
compiling Motor.c...
compiling Relay.c...
compiling Sensor.c...
compiling timer.c...
compiling wdg.c...
compiling ZLG522S.c...
compiling Sys_Init.c...
compiling delay.c...
compiling sys.c...
compiling Main_AES16D.c...
compiling Main_ADS16.c...
compiling misc.c...
compiling stm32f10x_adc.c...
compiling stm32f10x_bkp.c...
compiling stm32f10x_can.c...
compiling stm32f10x_cec.c...
compiling stm32f10x_crc.c...
compiling stm32f10x_dac.c...
compiling stm32f10x_dbgmcu.c...
compiling stm32f10x_dma.c...
compiling stm32f10x_exti.c...
compiling stm32f10x_flash.c...
compiling stm32f10x_fsmc.c...
compiling stm32f10x_gpio.c...
compiling stm32f10x_i2c.c...
compiling stm32f10x_iwdg.c...
compiling stm32f10x_pwr.c...
compiling stm32f10x_rcc.c...
compiling stm32f10x_rtc.c...
compiling stm32f10x_sdio.c...
compiling stm32f10x_spi.c...
compiling stm32f10x_tim.c...
compiling stm32f10x_usart.c...
compiling stm32f10x_wwdg.c...
compiling core_cm3.c...
assembling startup_stm32f10x_hd.s...
linking...
Program Size: Code=22504 RO-data=356 RW-data=212 ZI-data=2140  
FromELF: creating hex file...
".\output\JSQD-ACU-V2.axf" - 0 Errors, 0 Warning(s).
Rebuild target 'JSQD-ACU-V3'
compiling main.c...
compiling stm32f10x_it.c...
compiling system_stm32f10x.c...
compiling Beep.c...
compiling can.c...
compiling myiic.c...
compiling Key.c...
compiling LCD_RS232.c...
compiling led.c...
compiling Motor.c...
compiling Relay.c...
compiling Sensor.c...
compiling timer.c...
compiling wdg.c...
compiling ZLG522S.c...
compiling Sys_Init.c...
compiling delay.c...
compiling sys.c...
compiling Main_AES16D.c...
compiling Main_ADS16.c...
compiling misc.c...
compiling stm32f10x_adc.c...
compiling stm32f10x_bkp.c...
compiling stm32f10x_can.c...
compiling stm32f10x_cec.c...
compiling stm32f10x_crc.c...
compiling stm32f10x_dac.c...
compiling stm32f10x_dbgmcu.c...
compiling stm32f10x_dma.c...
compiling stm32f10x_exti.c...
compiling stm32f10x_flash.c...
compiling stm32f10x_fsmc.c...
compiling stm32f10x_gpio.c...
compiling stm32f10x_i2c.c...
compiling stm32f10x_iwdg.c...
compiling stm32f10x_pwr.c...
compiling stm32f10x_rcc.c...
compiling stm32f10x_rtc.c...
compiling stm32f10x_sdio.c...
compiling stm32f10x_spi.c...
compiling stm32f10x_tim.c...
compiling stm32f10x_usart.c...
compiling stm32f10x_wwdg.c...
compiling core_cm3.c...
assembling startup_stm32f10x_hd.s...
linking...
Program Size: Code=22504 RO-data=356 RW-data=212 ZI-data=2140  
FromELF: creating hex file...
".\output\JSQD-ACU-V2.axf" - 0 Errors, 0 Warning(s).
Rebuild target 'JSQD-ACU'
compiling main.c...
compiling stm32f10x_it.c...
compiling system_stm32f10x.c...
compiling Beep.c...
compiling can.c...
compiling myiic.c...
compiling Key.c...
compiling LCD_RS232.c...
compiling led.c...
compiling Motor.c...
compiling Relay.c...
compiling Sensor.c...
compiling timer.c...
compiling wdg.c...
compiling ZLG522S.c...
compiling Sys_Init.c...
compiling delay.c...
compiling sys.c...
compiling Main_AES16D.c...
compiling Main_ADS16.c...
compiling misc.c...
compiling stm32f10x_adc.c...
compiling stm32f10x_bkp.c...
compiling stm32f10x_can.c...
compiling stm32f10x_cec.c...
compiling stm32f10x_crc.c...
compiling stm32f10x_dac.c...
compiling stm32f10x_dbgmcu.c...
compiling stm32f10x_dma.c...
compiling stm32f10x_exti.c...
compiling stm32f10x_flash.c...
compiling stm32f10x_fsmc.c...
compiling stm32f10x_gpio.c...
compiling stm32f10x_i2c.c...
compiling stm32f10x_iwdg.c...
compiling stm32f10x_pwr.c...
compiling stm32f10x_rcc.c...
compiling stm32f10x_rtc.c...
compiling stm32f10x_sdio.c...
compiling stm32f10x_spi.c...
compiling stm32f10x_tim.c...
compiling stm32f10x_usart.c...
compiling stm32f10x_wwdg.c...
compiling core_cm3.c...
assembling startup_stm32f10x_hd.s...
linking...
Program Size: Code=22504 RO-data=356 RW-data=212 ZI-data=2140  
FromELF: creating hex file...
".\output\JSQD-ACU-V2.axf" - 0 Errors, 0 Warning(s).
Rebuild target 'JSQD-ACU'
compiling main.c...
compiling stm32f10x_it.c...
compiling system_stm32f10x.c...
compiling Beep.c...
compiling can.c...
compiling myiic.c...
compiling Key.c...
compiling LCD_RS232.c...
compiling led.c...
compiling Motor.c...
compiling Relay.c...
compiling Sensor.c...
compiling timer.c...
compiling wdg.c...
compiling ZLG522S.c...
compiling Sys_Init.c...
compiling delay.c...
compiling sys.c...
compiling Main_AES16D.c...
compiling Main_ADS16.c...
compiling misc.c...
compiling stm32f10x_adc.c...
compiling stm32f10x_bkp.c...
compiling stm32f10x_can.c...
compiling stm32f10x_cec.c...
compiling stm32f10x_crc.c...
compiling stm32f10x_dac.c...
compiling stm32f10x_dbgmcu.c...
compiling stm32f10x_dma.c...
compiling stm32f10x_exti.c...
compiling stm32f10x_flash.c...
compiling stm32f10x_fsmc.c...
compiling stm32f10x_gpio.c...
compiling stm32f10x_i2c.c...
compiling stm32f10x_iwdg.c...
compiling stm32f10x_pwr.c...
compiling stm32f10x_rcc.c...
compiling stm32f10x_rtc.c...
compiling stm32f10x_sdio.c...
compiling stm32f10x_spi.c...
compiling stm32f10x_tim.c...
compiling stm32f10x_usart.c...
compiling stm32f10x_wwdg.c...
compiling core_cm3.c...
assembling startup_stm32f10x_hd.s...
linking...
Program Size: Code=22504 RO-data=356 RW-data=212 ZI-data=2140  
FromELF: creating hex file...
".\output\JSQD-ACU-V1.axf" - 0 Errors, 0 Warning(s).
